###############################################################################
#
# IAR ELF Linker V8.32.3.193/W32 for ARM                  01/Dec/2020  19:54:16
# Copyright 2007-2019 IAR Systems AB.
#
#    Output file  =  
#        D:\AI_CODE\AI_PID\IAR\program\nor_sdram_zf_dtcm\Exe\RT106X.out
#    Map file     =  
#        D:\AI_CODE\AI_PID\IAR\program\nor_sdram_zf_dtcm\List\RT106X.map
#    Command line =  
#        -f C:\Users\Œ‚‘Û∑´\AppData\Local\Temp\EWCB9F.tmp
#        (D:\AI_CODE\AI_PID\IAR\program\nor_sdram_zf_dtcm\Obj\AllInit.o
#        D:\AI_CODE\AI_PID\IAR\program\nor_sdram_zf_dtcm\Obj\Bluetooth.o
#        D:\AI_CODE\AI_PID\IAR\program\nor_sdram_zf_dtcm\Obj\board.o
#        D:\AI_CODE\AI_PID\IAR\program\nor_sdram_zf_dtcm\Obj\clock_config.o
#        D:\AI_CODE\AI_PID\IAR\program\nor_sdram_zf_dtcm\Obj\common.o
#        D:\AI_CODE\AI_PID\IAR\program\nor_sdram_zf_dtcm\Obj\diskio.o
#        D:\AI_CODE\AI_PID\IAR\program\nor_sdram_zf_dtcm\Obj\evkmimxrt1064_flexspi_nor_config.o
#        D:\AI_CODE\AI_PID\IAR\program\nor_sdram_zf_dtcm\Obj\evkmimxrt1064_sdram_ini_dcd.o
#        D:\AI_CODE\AI_PID\IAR\program\nor_sdram_zf_dtcm\Obj\ff.o
#        D:\AI_CODE\AI_PID\IAR\program\nor_sdram_zf_dtcm\Obj\ffsystem.o
#        D:\AI_CODE\AI_PID\IAR\program\nor_sdram_zf_dtcm\Obj\ffunicode.o
#        D:\AI_CODE\AI_PID\IAR\program\nor_sdram_zf_dtcm\Obj\fsl_adc.o
#        D:\AI_CODE\AI_PID\IAR\program\nor_sdram_zf_dtcm\Obj\fsl_adc_etc.o
#        D:\AI_CODE\AI_PID\IAR\program\nor_sdram_zf_dtcm\Obj\fsl_aipstz.o
#        D:\AI_CODE\AI_PID\IAR\program\nor_sdram_zf_dtcm\Obj\fsl_aoi.o
#        D:\AI_CODE\AI_PID\IAR\program\nor_sdram_zf_dtcm\Obj\fsl_assert.o
#        D:\AI_CODE\AI_PID\IAR\program\nor_sdram_zf_dtcm\Obj\fsl_bee.o
#        D:\AI_CODE\AI_PID\IAR\program\nor_sdram_zf_dtcm\Obj\fsl_cache.o
#        D:\AI_CODE\AI_PID\IAR\program\nor_sdram_zf_dtcm\Obj\fsl_clock.o
#        D:\AI_CODE\AI_PID\IAR\program\nor_sdram_zf_dtcm\Obj\fsl_cmp.o
#        D:\AI_CODE\AI_PID\IAR\program\nor_sdram_zf_dtcm\Obj\fsl_common.o
#        D:\AI_CODE\AI_PID\IAR\program\nor_sdram_zf_dtcm\Obj\fsl_csi.o
#        D:\AI_CODE\AI_PID\IAR\program\nor_sdram_zf_dtcm\Obj\fsl_dcdc.o
#        D:\AI_CODE\AI_PID\IAR\program\nor_sdram_zf_dtcm\Obj\fsl_dcp.o
#        D:\AI_CODE\AI_PID\IAR\program\nor_sdram_zf_dtcm\Obj\fsl_debug_console.o
#        D:\AI_CODE\AI_PID\IAR\program\nor_sdram_zf_dtcm\Obj\fsl_dmamux.o
#        D:\AI_CODE\AI_PID\IAR\program\nor_sdram_zf_dtcm\Obj\fsl_edma.o
#        D:\AI_CODE\AI_PID\IAR\program\nor_sdram_zf_dtcm\Obj\fsl_elcdif.o
#        D:\AI_CODE\AI_PID\IAR\program\nor_sdram_zf_dtcm\Obj\fsl_enc.o
#        D:\AI_CODE\AI_PID\IAR\program\nor_sdram_zf_dtcm\Obj\fsl_enet.o
#        D:\AI_CODE\AI_PID\IAR\program\nor_sdram_zf_dtcm\Obj\fsl_ewm.o
#        D:\AI_CODE\AI_PID\IAR\program\nor_sdram_zf_dtcm\Obj\fsl_flexcan.o
#        D:\AI_CODE\AI_PID\IAR\program\nor_sdram_zf_dtcm\Obj\fsl_flexio.o
#        D:\AI_CODE\AI_PID\IAR\program\nor_sdram_zf_dtcm\Obj\fsl_flexio_camera.o
#        D:\AI_CODE\AI_PID\IAR\program\nor_sdram_zf_dtcm\Obj\fsl_flexio_i2c_master.o
#        D:\AI_CODE\AI_PID\IAR\program\nor_sdram_zf_dtcm\Obj\fsl_flexio_i2s.o
#        D:\AI_CODE\AI_PID\IAR\program\nor_sdram_zf_dtcm\Obj\fsl_flexio_i2s_edma.o
#        D:\AI_CODE\AI_PID\IAR\program\nor_sdram_zf_dtcm\Obj\fsl_flexio_spi.o
#        D:\AI_CODE\AI_PID\IAR\program\nor_sdram_zf_dtcm\Obj\fsl_flexio_spi_edma.o
#        D:\AI_CODE\AI_PID\IAR\program\nor_sdram_zf_dtcm\Obj\fsl_flexio_uart.o
#        D:\AI_CODE\AI_PID\IAR\program\nor_sdram_zf_dtcm\Obj\fsl_flexio_uart_edma.o
#        D:\AI_CODE\AI_PID\IAR\program\nor_sdram_zf_dtcm\Obj\fsl_flexram.o
#        D:\AI_CODE\AI_PID\IAR\program\nor_sdram_zf_dtcm\Obj\fsl_flexspi.o
#        D:\AI_CODE\AI_PID\IAR\program\nor_sdram_zf_dtcm\Obj\fsl_flexspi_nor_boot.o
#        D:\AI_CODE\AI_PID\IAR\program\nor_sdram_zf_dtcm\Obj\fsl_gpc.o
#        D:\AI_CODE\AI_PID\IAR\program\nor_sdram_zf_dtcm\Obj\fsl_gpio.o
#        D:\AI_CODE\AI_PID\IAR\program\nor_sdram_zf_dtcm\Obj\fsl_gpt.o
#        D:\AI_CODE\AI_PID\IAR\program\nor_sdram_zf_dtcm\Obj\fsl_kpp.o
#        D:\AI_CODE\AI_PID\IAR\program\nor_sdram_zf_dtcm\Obj\fsl_lpi2c.o
#        D:\AI_CODE\AI_PID\IAR\program\nor_sdram_zf_dtcm\Obj\fsl_lpi2c_edma.o
#        D:\AI_CODE\AI_PID\IAR\program\nor_sdram_zf_dtcm\Obj\fsl_lpspi.o
#        D:\AI_CODE\AI_PID\IAR\program\nor_sdram_zf_dtcm\Obj\fsl_lpspi_edma.o
#        D:\AI_CODE\AI_PID\IAR\program\nor_sdram_zf_dtcm\Obj\fsl_lpuart.o
#        D:\AI_CODE\AI_PID\IAR\program\nor_sdram_zf_dtcm\Obj\fsl_lpuart_edma.o
#        D:\AI_CODE\AI_PID\IAR\program\nor_sdram_zf_dtcm\Obj\fsl_mmc.o
#        D:\AI_CODE\AI_PID\IAR\program\nor_sdram_zf_dtcm\Obj\fsl_notifier.o
#        D:\AI_CODE\AI_PID\IAR\program\nor_sdram_zf_dtcm\Obj\fsl_ocotp.o
#        D:\AI_CODE\AI_PID\IAR\program\nor_sdram_zf_dtcm\Obj\fsl_pit.o
#        D:\AI_CODE\AI_PID\IAR\program\nor_sdram_zf_dtcm\Obj\fsl_pmu.o
#        D:\AI_CODE\AI_PID\IAR\program\nor_sdram_zf_dtcm\Obj\fsl_pwm.o
#        D:\AI_CODE\AI_PID\IAR\program\nor_sdram_zf_dtcm\Obj\fsl_pxp.o
#        D:\AI_CODE\AI_PID\IAR\program\nor_sdram_zf_dtcm\Obj\fsl_qtmr.o
#        D:\AI_CODE\AI_PID\IAR\program\nor_sdram_zf_dtcm\Obj\fsl_rtwdog.o
#        D:\AI_CODE\AI_PID\IAR\program\nor_sdram_zf_dtcm\Obj\fsl_sai.o
#        D:\AI_CODE\AI_PID\IAR\program\nor_sdram_zf_dtcm\Obj\fsl_sai_edma.o
#        D:\AI_CODE\AI_PID\IAR\program\nor_sdram_zf_dtcm\Obj\fsl_sbrk.o
#        D:\AI_CODE\AI_PID\IAR\program\nor_sdram_zf_dtcm\Obj\fsl_sd.o
#        D:\AI_CODE\AI_PID\IAR\program\nor_sdram_zf_dtcm\Obj\fsl_sd_disk.o
#        D:\AI_CODE\AI_PID\IAR\program\nor_sdram_zf_dtcm\Obj\fsl_sdio.o
#        D:\AI_CODE\AI_PID\IAR\program\nor_sdram_zf_dtcm\Obj\fsl_sdmmc_common.o
#        D:\AI_CODE\AI_PID\IAR\program\nor_sdram_zf_dtcm\Obj\fsl_sdmmc_event.o
#        D:\AI_CODE\AI_PID\IAR\program\nor_sdram_zf_dtcm\Obj\fsl_sdmmc_host.o
#        D:\AI_CODE\AI_PID\IAR\program\nor_sdram_zf_dtcm\Obj\fsl_semc.o
#        D:\AI_CODE\AI_PID\IAR\program\nor_sdram_zf_dtcm\Obj\fsl_shell.o
#        D:\AI_CODE\AI_PID\IAR\program\nor_sdram_zf_dtcm\Obj\fsl_snvs_hp.o
#        D:\AI_CODE\AI_PID\IAR\program\nor_sdram_zf_dtcm\Obj\fsl_snvs_lp.o
#        D:\AI_CODE\AI_PID\IAR\program\nor_sdram_zf_dtcm\Obj\fsl_spdif.o
#        D:\AI_CODE\AI_PID\IAR\program\nor_sdram_zf_dtcm\Obj\fsl_spdif_edma.o
#        D:\AI_CODE\AI_PID\IAR\program\nor_sdram_zf_dtcm\Obj\fsl_src.o
#        D:\AI_CODE\AI_PID\IAR\program\nor_sdram_zf_dtcm\Obj\fsl_str.o
#        D:\AI_CODE\AI_PID\IAR\program\nor_sdram_zf_dtcm\Obj\fsl_tempmon.o
#        D:\AI_CODE\AI_PID\IAR\program\nor_sdram_zf_dtcm\Obj\fsl_trng.o
#        D:\AI_CODE\AI_PID\IAR\program\nor_sdram_zf_dtcm\Obj\fsl_tsc.o
#        D:\AI_CODE\AI_PID\IAR\program\nor_sdram_zf_dtcm\Obj\fsl_usdhc.o
#        D:\AI_CODE\AI_PID\IAR\program\nor_sdram_zf_dtcm\Obj\fsl_wdog.o
#        D:\AI_CODE\AI_PID\IAR\program\nor_sdram_zf_dtcm\Obj\fsl_xbara.o
#        D:\AI_CODE\AI_PID\IAR\program\nor_sdram_zf_dtcm\Obj\fsl_xbarb.o
#        D:\AI_CODE\AI_PID\IAR\program\nor_sdram_zf_dtcm\Obj\generic_list.o
#        D:\AI_CODE\AI_PID\IAR\program\nor_sdram_zf_dtcm\Obj\GetMessage.o
#        D:\AI_CODE\AI_PID\IAR\program\nor_sdram_zf_dtcm\Obj\isr.o
#        D:\AI_CODE\AI_PID\IAR\program\nor_sdram_zf_dtcm\Obj\lpuart_adapter.o
#        D:\AI_CODE\AI_PID\IAR\program\nor_sdram_zf_dtcm\Obj\main.o
#        D:\AI_CODE\AI_PID\IAR\program\nor_sdram_zf_dtcm\Obj\Motor.o
#        D:\AI_CODE\AI_PID\IAR\program\nor_sdram_zf_dtcm\Obj\oled.o
#        D:\AI_CODE\AI_PID\IAR\program\nor_sdram_zf_dtcm\Obj\OLED_debug.o
#        D:\AI_CODE\AI_PID\IAR\program\nor_sdram_zf_dtcm\Obj\PID.o
#        D:\AI_CODE\AI_PID\IAR\program\nor_sdram_zf_dtcm\Obj\pin_mux.o
#        D:\AI_CODE\AI_PID\IAR\program\nor_sdram_zf_dtcm\Obj\SEEKFREE_18TFT.o
#        D:\AI_CODE\AI_PID\IAR\program\nor_sdram_zf_dtcm\Obj\SEEKFREE_FONT.o
#        D:\AI_CODE\AI_PID\IAR\program\nor_sdram_zf_dtcm\Obj\SEEKFREE_FUN.o
#        D:\AI_CODE\AI_PID\IAR\program\nor_sdram_zf_dtcm\Obj\SEEKFREE_ICM20602.o
#        D:\AI_CODE\AI_PID\IAR\program\nor_sdram_zf_dtcm\Obj\SEEKFREE_IIC.o
#        D:\AI_CODE\AI_PID\IAR\program\nor_sdram_zf_dtcm\Obj\SEEKFREE_IPS114_SPI.o
#        D:\AI_CODE\AI_PID\IAR\program\nor_sdram_zf_dtcm\Obj\SEEKFREE_IPS200_PARALLEL8.o
#        D:\AI_CODE\AI_PID\IAR\program\nor_sdram_zf_dtcm\Obj\SEEKFREE_L3G4200D.o
#        D:\AI_CODE\AI_PID\IAR\program\nor_sdram_zf_dtcm\Obj\SEEKFREE_MMA8451.o
#        D:\AI_CODE\AI_PID\IAR\program\nor_sdram_zf_dtcm\Obj\SEEKFREE_MPU6050.o
#        D:\AI_CODE\AI_PID\IAR\program\nor_sdram_zf_dtcm\Obj\SEEKFREE_MT9V03X.o
#        D:\AI_CODE\AI_PID\IAR\program\nor_sdram_zf_dtcm\Obj\SEEKFREE_MT9V03X_CSI.o
#        D:\AI_CODE\AI_PID\IAR\program\nor_sdram_zf_dtcm\Obj\SEEKFREE_NRF24L01.o
#        D:\AI_CODE\AI_PID\IAR\program\nor_sdram_zf_dtcm\Obj\SEEKFREE_OLED.o
#        D:\AI_CODE\AI_PID\IAR\program\nor_sdram_zf_dtcm\Obj\SEEKFREE_PRINTF.o
#        D:\AI_CODE\AI_PID\IAR\program\nor_sdram_zf_dtcm\Obj\SEEKFREE_SCC8660.o
#        D:\AI_CODE\AI_PID\IAR\program\nor_sdram_zf_dtcm\Obj\SEEKFREE_SCC8660_CSI.o
#        D:\AI_CODE\AI_PID\IAR\program\nor_sdram_zf_dtcm\Obj\SEEKFREE_VIRSCO.o
#        D:\AI_CODE\AI_PID\IAR\program\nor_sdram_zf_dtcm\Obj\SEEKFREE_W25QXXJV.o
#        D:\AI_CODE\AI_PID\IAR\program\nor_sdram_zf_dtcm\Obj\SEEKFREE_WIRELESS.o
#        D:\AI_CODE\AI_PID\IAR\program\nor_sdram_zf_dtcm\Obj\Send.o
#        D:\AI_CODE\AI_PID\IAR\program\nor_sdram_zf_dtcm\Obj\serial_manager.o
#        D:\AI_CODE\AI_PID\IAR\program\nor_sdram_zf_dtcm\Obj\serial_port_uart.o
#        D:\AI_CODE\AI_PID\IAR\program\nor_sdram_zf_dtcm\Obj\startup_MIMXRT1064.o
#        D:\AI_CODE\AI_PID\IAR\program\nor_sdram_zf_dtcm\Obj\Steer.o
#        D:\AI_CODE\AI_PID\IAR\program\nor_sdram_zf_dtcm\Obj\system_MIMXRT1064.o
#        D:\AI_CODE\AI_PID\IAR\program\nor_sdram_zf_dtcm\Obj\test.o
#        D:\AI_CODE\AI_PID\IAR\program\nor_sdram_zf_dtcm\Obj\usb_device_cdc_acm.o
#        D:\AI_CODE\AI_PID\IAR\program\nor_sdram_zf_dtcm\Obj\usb_device_ch9.o
#        D:\AI_CODE\AI_PID\IAR\program\nor_sdram_zf_dtcm\Obj\usb_device_class.o
#        D:\AI_CODE\AI_PID\IAR\program\nor_sdram_zf_dtcm\Obj\usb_device_dci.o
#        D:\AI_CODE\AI_PID\IAR\program\nor_sdram_zf_dtcm\Obj\usb_device_descriptor.o
#        D:\AI_CODE\AI_PID\IAR\program\nor_sdram_zf_dtcm\Obj\usb_device_ehci.o
#        D:\AI_CODE\AI_PID\IAR\program\nor_sdram_zf_dtcm\Obj\usb_phy.o
#        D:\AI_CODE\AI_PID\IAR\program\nor_sdram_zf_dtcm\Obj\zf_adc.o
#        D:\AI_CODE\AI_PID\IAR\program\nor_sdram_zf_dtcm\Obj\zf_camera.o
#        D:\AI_CODE\AI_PID\IAR\program\nor_sdram_zf_dtcm\Obj\zf_csi.o
#        D:\AI_CODE\AI_PID\IAR\program\nor_sdram_zf_dtcm\Obj\zf_flash.o
#        D:\AI_CODE\AI_PID\IAR\program\nor_sdram_zf_dtcm\Obj\zf_gpio.o
#        D:\AI_CODE\AI_PID\IAR\program\nor_sdram_zf_dtcm\Obj\zf_iic.o
#        D:\AI_CODE\AI_PID\IAR\program\nor_sdram_zf_dtcm\Obj\zf_iomuxc.o
#        D:\AI_CODE\AI_PID\IAR\program\nor_sdram_zf_dtcm\Obj\zf_pit.o
#        D:\AI_CODE\AI_PID\IAR\program\nor_sdram_zf_dtcm\Obj\zf_pwm.o
#        D:\AI_CODE\AI_PID\IAR\program\nor_sdram_zf_dtcm\Obj\zf_qtimer.o
#        D:\AI_CODE\AI_PID\IAR\program\nor_sdram_zf_dtcm\Obj\zf_rom_api.o
#        D:\AI_CODE\AI_PID\IAR\program\nor_sdram_zf_dtcm\Obj\zf_sdcard.o
#        D:\AI_CODE\AI_PID\IAR\program\nor_sdram_zf_dtcm\Obj\zf_spi.o
#        D:\AI_CODE\AI_PID\IAR\program\nor_sdram_zf_dtcm\Obj\zf_systick.o
#        D:\AI_CODE\AI_PID\IAR\program\nor_sdram_zf_dtcm\Obj\zf_uart.o
#        D:\AI_CODE\AI_PID\IAR\program\nor_sdram_zf_dtcm\Obj\zf_usb_cdc.o
#        D:\AI_CODE\AI_PID\IAR\program\nor_sdram_zf_dtcm\Obj\zf_vector.o
#        --no_out_extension -o
#        D:\AI_CODE\AI_PID\IAR\program\nor_sdram_zf_dtcm\Exe\RT106X.out --map
#        D:\AI_CODE\AI_PID\IAR\program\nor_sdram_zf_dtcm\List\RT106X.map
#        --config
#        D:\AI_CODE\AI_PID\IAR\program\..\..\IAR\icf\MIMXRT1064xxxxx_flexspi_nor.icf
#        --semihosting --entry __iar_program_start --vfe --text_out locale)
#
###############################################################################

*******************************************************************************
*** RUNTIME MODEL ATTRIBUTES
***

CppFlavor       = *
__Heap_Handler  = DLMalloc
__SystemLibrary = DLib
__dlib_version  = 6


*******************************************************************************
*** HEAP SELECTION
***

The advanced heap was selected because the application calls memory
allocation functions outside of system library functions, and there
are calls to deallocation functions in the application.


*******************************************************************************
*** PLACEMENT SUMMARY
***

"A0":  place at 0x7000'2000 { ro section .intvec };
"A2":  place at 0x7000'0000 { section .boot_hdr.conf };
"A3":  place at 0x7000'1000 { section .boot_hdr.ivt };
"A4":  place at 0x7000'1020 { ro section .boot_hdr.boot_data };
"A5":  place at 0x7000'1030 { ro section .boot_hdr.dcd_data };
"P1":  place in [from 0x7000'2000 to 0x7000'23ff] |
                [from 0x7000'2400 to 0x703f'ffff] { ro };
define block RW { first rw, section m_usb_dma_init_data };
"P2":  place in [from 0x8000'0000 to 0x8000'03ff] |
                [from 0x8000'0400 to 0x81df'ffff] { block RW };
define block SDRAM_VAR
   with alignment = 8 { section SDRAM_CACHE, section SDRAM_CACHE.init };
"P11": place in [from 0x8000'0000 to 0x8000'03ff] |
                [from 0x8000'0400 to 0x81df'ffff] { block SDRAM_VAR };
define block ZI
   with alignment = 32 { first zi, section m_usb_dma_noninit_data };
"P3":  place in [from 0x2000'0000 to 0x2006'efff] { block ZI };
"P4":  place in [from 0x2000'0000 to 0x2006'efff] { section .data };
"P5":  place in [from 0x2000'0000 to 0x2006'efff] { section .textrw };
define block DTCM_VAR
   with alignment = 8 { section NonCacheable, section NonCacheable.init };
"P9":  place in [from 0x2000'0000 to 0x2006'efff] { block DTCM_VAR };
define block CSTACK with size = 4K, alignment = 8 { };
"P7":  place in [from 0x2006'f000 to 0x2006'ffff] { block CSTACK };
initialize by copy { rw, section .textrw };
initialize by copy { ro }
   except {
      ro section .intvec, ro object system_MIMXRT1064.o,
      ro object startup_MIMXRT1064.o, section .boot_hdr.conf,
      section .boot_hdr.ivt, section .boot_hdr.boot_data,
      section .boot_hdr.dcd_data };
keep {
   section .boot_hdr.conf, section .boot_hdr.ivt, section .boot_hdr.boot_data,
   section .boot_hdr.dcd_data };

No sections matched the following patterns:

  section .intvec_RAM              in "A1"
  section .textrw                  in "P3-P5|P9"
  section ITCM_NonCacheable        in block ITCM_VAR
  section ITCM_NonCacheable.init   in block ITCM_VAR
  section NonCacheable.init        in block DTCM_VAR
  section OCRAM_CACHE              in block OCRAM_VAR
  section OCRAM_CACHE.init         in block OCRAM_VAR
  section SDRAM_CACHE              in block SDRAM_VAR
  section SDRAM_CACHE.init         in block SDRAM_VAR
  section SDRAM_NonCacheable       in block SDRAM_NCACHE_VAR
  section SDRAM_NonCacheable.init  in block SDRAM_NCACHE_VAR
  section m_usb_dma_init_data      in block RW
  section m_usb_dma_noninit_data   in block ZI


  Section              Kind         Address     Size  Object
  -------              ----         -------     ----  ------
"P3-P5|P9", part 1 of 2:                       0x14c
  P3-P5|P9 s0                   0x2000'0000    0x14c  <Init block>
    .data              inited   0x2000'0000     0x90  PID.o [1]
    .data              inited   0x2000'0090     0x28  zf_gpio.o [1]
    .data              inited   0x2000'00b8     0x24  zf_uart.o [1]
    .data              inited   0x2000'00dc     0x14  PID.o [1]
    .data              inited   0x2000'00f0     0x14  zf_pwm.o [1]
    .data              inited   0x2000'0104     0x14  zf_qtimer.o [1]
    .data              inited   0x2000'0118      0xc  zf_adc.o [1]
    .data              inited   0x2000'0124      0x8  GetMessage.o [1]
    .data              inited   0x2000'012c      0x4  PID.o [1]
    .data              inited   0x2000'0130      0x4  PID.o [1]
    .data              inited   0x2000'0134      0x4  system_MIMXRT1064.o [1]
    .data              inited   0x2000'0138      0x2  Motor.o [1]
    .data              inited   0x2000'013a      0x2  PID.o [1]
    .data              inited   0x2000'013c      0x2  PID.o [1]
    .data              inited   0x2000'013e      0x2  PID.o [1]
    .data              inited   0x2000'0140      0x2  PID.o [1]
    .data              inited   0x2000'0142      0x2  Steer.o [1]
    .data              inited   0x2000'0144      0x2  Steer.o [1]
    .data              inited   0x2000'0146      0x2  Steer.o [1]
    .data              inited   0x2000'0148      0x2  Steer.o [1]
    .data              inited   0x2000'014a      0x2  Steer.o [1]
                              - 0x2000'014c    0x14c

"P3-P5|P9", part 2 of 2:                      0xf0f8
  DTCM_VAR                      0x2000'0150   0x9600  <Block>
    NonCacheable       zero     0x2000'0150   0x9600  SEEKFREE_SCC8660.o [1]
  ZI                            0x2000'9760   0x5ae8  <Block>
    .bss               zero     0x2000'9760      0x8  Bluetooth.o [1]
    .bss               zero     0x2000'9768      0x1  common.o [1]
    .bss               zero     0x2000'976c      0x4  fsl_clock.o [1]
    .bss               zero     0x2000'9770      0x4  fsl_clock.o [1]
    .bss               zero     0x2000'9774      0x4  fsl_csi.o [1]
    .bss               zero     0x2000'9778      0x4  fsl_csi.o [1]
    .bss               zero     0x2000'977c     0x1c  fsl_debug_console.o [1]
    .bss               zero     0x2000'9798      0x4  fsl_debug_console.o [1]
    .bss               zero     0x2000'979c     0x80  fsl_edma.o [1]
    .bss               zero     0x2000'981c      0x8  fsl_enet.o [1]
    .bss               zero     0x2000'9824      0x4  fsl_enet.o [1]
    .bss               zero     0x2000'9828      0x4  fsl_enet.o [1]
    .bss               zero     0x2000'982c      0x4  fsl_enet.o [1]
    .bss               zero     0x2000'9830      0x4  fsl_enet.o [1]
    .bss               zero     0x2000'9834     0x10  fsl_flexcan.o [1]
    .bss               zero     0x2000'9844      0x4  fsl_flexcan.o [1]
    .bss               zero     0x2000'9848      0x8  fsl_flexio.o [1]
    .bss               zero     0x2000'9850      0x8  fsl_flexio.o [1]
    .bss               zero     0x2000'9858      0x8  fsl_flexio.o [1]
    .bss               zero     0x2000'9860      0x4  fsl_lpi2c.o [1]
    .bss               zero     0x2000'9864     0x14  fsl_lpi2c.o [1]
    .bss               zero     0x2000'9878      0x4  fsl_lpi2c.o [1]
    .bss               zero     0x2000'987c     0x14  fsl_lpi2c.o [1]
    .bss               zero     0x2000'9890     0x14  fsl_lpspi.o [1]
    .bss               zero     0x2000'98a4      0x4  fsl_lpspi.o [1]
    .bss               zero     0x2000'98a8      0x4  fsl_lpspi.o [1]
    .bss               zero     0x2000'98ac     0x24  fsl_lpuart.o [1]
    .bss               zero     0x2000'98d0      0x4  fsl_lpuart.o [1]
    .bss               zero     0x2000'98d4     0x20  fsl_sai.o [1]
    .bss               zero     0x2000'98f4      0x4  fsl_sai.o [1]
    .bss               zero     0x2000'98f8      0x4  fsl_sai.o [1]
    .bss               zero     0x2000'98fc      0x4  fsl_sdmmc_event.o [1]
    .bss               zero     0x2000'9900      0x4  fsl_sdmmc_event.o [1]
    .bss               zero     0x2000'9904      0x4  fsl_sdmmc_event.o [1]
    .bss               zero     0x2000'9908     0x28  fsl_sdmmc_host.o [1]
    .bss               zero     0x2000'9930      0x1  fsl_sdmmc_host.o [1]
    .bss               zero     0x2000'9934      0x8  fsl_spdif.o [1]
    .bss               zero     0x2000'993c      0x4  fsl_spdif.o [1]
    .bss               zero     0x2000'9940      0x4  fsl_spdif.o [1]
    .bss               zero     0x2000'9944      0xc  fsl_usdhc.o [1]
    .bss               zero     0x2000'9950      0x4  fsl_usdhc.o [1]
    .bss               zero     0x2000'9954     0x28  GetMessage.o [1]
    .bss               zero     0x2000'997c      0x8  GetMessage.o [1]
    .bss               zero     0x2000'9984      0x8  GetMessage.o [1]
    .bss               zero     0x2000'998c     0x10  GetMessage.o [1]
    .bss               zero     0x2000'999c      0x4  GetMessage.o [1]
    .bss               zero     0x2000'99a0      0x4  GetMessage.o [1]
    .bss               zero     0x2000'99a4      0x4  GetMessage.o [1]
    .bss               zero     0x2000'99a8      0x4  GetMessage.o [1]
    .bss               zero     0x2000'99ac      0x4  GetMessage.o [1]
    .bss               zero     0x2000'99b0      0x2  main.o [1]
    .bss               zero     0x2000'99b2      0x1  main.o [1]
    .bss               zero     0x2000'99b3      0x1  main.o [1]
    .bss               zero     0x2000'99b4      0x1  main.o [1]
    .bss               zero     0x2000'99b5      0x1  main.o [1]
    .bss               zero     0x2000'99b8     0x14  PID.o [1]
    .bss               zero     0x2000'99cc      0x8  PID.o [1]
    .bss               zero     0x2000'99d4      0x8  PID.o [1]
    .bss               zero     0x2000'99dc      0x1  PID.o [1]
    .bss               zero     0x2000'99dd      0x1  PID.o [1]
    .bss               zero     0x2000'99e0     0x18  PID.o [1]
    .bss               zero     0x2000'99f8   0x5820  SEEKFREE_MT9V03X.o [1]
    .bss               zero     0x2000'f218      0x2  Steer.o [1]
    .bss               zero     0x2000'f21a      0x1  Steer.o [1]
    .bss               zero     0x2000'f21c     0x1c  zf_camera.o [1]
    .bss               zero     0x2000'f238     0x10  zf_usb_cdc.o [1]
                              - 0x2000'f248   0xf0f8

"P7":                                         0x1000
  CSTACK                        0x2006'f000   0x1000  <Block>
    CSTACK             uninit   0x2006'f000   0x1000  <Block tail>
                              - 0x2007'0000   0x1000

"A2":                                          0x200
  .boot_hdr.conf       const    0x7000'0000    0x200  evkmimxrt1064_flexspi_nor_config.o [1]
                              - 0x7000'0200    0x200

"A3":                                           0x20
  .boot_hdr.ivt        const    0x7000'1000     0x20  fsl_flexspi_nor_boot.o [1]
                              - 0x7000'1020     0x20

"A4":                                           0x10
  .boot_hdr.boot_data  const    0x7000'1020     0x10  fsl_flexspi_nor_boot.o [1]
                              - 0x7000'1030     0x10

"A5":                                          0x430
  .boot_hdr.dcd_data   const    0x7000'1030    0x430  evkmimxrt1064_sdram_ini_dcd.o [1]
                              - 0x7000'1460    0x430

"A0":                                          0x440
  .intvec              const    0x7000'2000    0x400  zf_vector.o [1]
  .intvec              ro code  0x7000'2400     0x40  vector_table_M.o [4]
                              - 0x7000'2440    0x440

"P1":                                         0x970d
  .text                ro code  0x7000'2440    0x1f6  lz77_init.o [4]
  .text                ro code  0x7000'2636      0x6  abort.o [2]
  .text                ro code  0x7000'263c     0x14  exit.o [5]
  .text                ro code  0x7000'2650    0x17e  system_MIMXRT1064.o [1]
  .text                ro code  0x7000'27ce     0x3a  zero_init3.o [4]
  .text                ro code  0x7000'2808     0x6c  startup_MIMXRT1064.o [1]
  .text                ro code  0x7000'2874     0x28  data_init.o [4]
  .text                ro code  0x7000'289c     0x22  fpinit_M.o [3]
  .iar.init_table      const    0x7000'28c0     0x50  - Linker created -
  Veneer               ro code  0x7000'2910      0x8  - Linker created -
  Veneer               ro code  0x7000'2918      0x8  - Linker created -
  .text                ro code  0x7000'2920     0x1e  cmain.o [4]
  .text                ro code  0x7000'293e      0x4  low_level_init.o [2]
  .text                ro code  0x7000'2942      0xc  cstartup_M.o [4]
  .rodata              const    0x7000'294e      0x0  zero_init3.o [4]
  .rodata              const    0x7000'294e      0x0  lz77_init.o [4]
  Initializer bytes    const    0x7000'294e   0x9142  <for RW-1>
  Initializer bytes    const    0x7000'ba90     0xbd  <for P3-P5|P9 s0>
                              - 0x7000'bb4d   0x970d

"P2|P11":                                    0x10542
  RW                            0x8000'0400  0x10542  <Block>
    RW-1                        0x8000'0400  0x10542  <Init block>
      .rodata          inited   0x8000'0400    0x420  pow64.o [3]
      .rodata          inited   0x8000'0820     0x18  clock_config.o [1]
      .rodata          inited   0x8000'0838     0x38  clock_config.o [1]
      .rodata          inited   0x8000'0870      0xc  clock_config.o [1]
      .rodata          inited   0x8000'087c      0x8  clock_config.o [1]
      .rodata          inited   0x8000'0884      0xc  fsl_adc.o [1]
      .rodata          inited   0x8000'0890     0x38  fsl_adc.o [1]
      .rodata          inited   0x8000'08c8     0x14  fsl_adc.o [1]
      .rodata          inited   0x8000'08dc     0x34  fsl_adc.o [1]
      .rodata          inited   0x8000'0910     0x3c  fsl_adc.o [1]
      .rodata          inited   0x8000'094c     0x34  fsl_adc.o [1]
      .rodata          inited   0x8000'0980      0xc  fsl_adc.o [1]
      .rodata          inited   0x8000'098c      0xc  fsl_adc.o [1]
      .rodata          inited   0x8000'0998      0x8  fsl_adc.o [1]
      .rodata          inited   0x8000'09a0     0x2c  fsl_assert.o [1]
      .rodata          inited   0x8000'09cc     0x10  fsl_clock.o [1]
      .rodata          inited   0x8000'09dc     0x38  fsl_clock.o [1]
      .rodata          inited   0x8000'0a14     0x10  fsl_clock.o [1]
      .rodata          inited   0x8000'0a24      0x8  fsl_debug_console.o [1]
      .rodata          inited   0x8000'0a2c     0x50  fsl_debug_console.o [1]
      .rodata          inited   0x8000'0a7c      0xc  fsl_debug_console.o [1]
      .rodata          inited   0x8000'0a88     0x28  fsl_debug_console.o [1]
      .rodata          inited   0x8000'0ab0     0x10  fsl_debug_console.o [1]
      .rodata          inited   0x8000'0ac0     0x38  fsl_edma.o [1]
      .rodata          inited   0x8000'0af8     0x10  fsl_edma.o [1]
      .rodata          inited   0x8000'0b08      0xc  fsl_edma.o [1]
      .rodata          inited   0x8000'0b14     0x3c  fsl_enet.o [1]
      .rodata          inited   0x8000'0b50     0x38  fsl_enet.o [1]
      .rodata          inited   0x8000'0b88      0xc  fsl_enet.o [1]
      .rodata          inited   0x8000'0b94     0x38  fsl_flexcan.o [1]
      .rodata          inited   0x8000'0bcc     0x14  fsl_flexcan.o [1]
      .rodata          inited   0x8000'0be0     0x14  fsl_flexcan.o [1]
      .rodata          inited   0x8000'0bf4     0x14  fsl_flexcan.o [1]
      .rodata          inited   0x8000'0c08      0xc  fsl_gpio.o [1]
      .rodata          inited   0x8000'0c14     0x38  fsl_gpio.o [1]
      .rodata          inited   0x8000'0c4c     0x3c  fsl_gpio.o [1]
      .rodata          inited   0x8000'0c88     0x38  fsl_gpio.o [1]
      .rodata          inited   0x8000'0cc0      0xc  fsl_gpio.o [1]
      .rodata          inited   0x8000'0ccc     0x28  fsl_gpio.o [1]
      .rodata          inited   0x8000'0cf4      0xc  fsl_gpio.o [1]
      .rodata          inited   0x8000'0d00     0x38  fsl_lpspi.o [1]
      .rodata          inited   0x8000'0d38     0x14  fsl_lpspi.o [1]
      .rodata          inited   0x8000'0d4c     0x14  fsl_lpspi.o [1]
      .rodata          inited   0x8000'0d60     0x14  fsl_lpspi.o [1]
      .rodata          inited   0x8000'0d74     0x14  fsl_lpspi.o [1]
      .rodata          inited   0x8000'0d88      0xc  fsl_lpuart.o [1]
      .rodata          inited   0x8000'0d94     0x38  fsl_lpuart.o [1]
      .rodata          inited   0x8000'0dcc     0x40  fsl_lpuart.o [1]
      .rodata          inited   0x8000'0e0c     0x38  fsl_lpuart.o [1]
      .rodata          inited   0x8000'0e44      0x8  fsl_lpuart.o [1]
      .rodata          inited   0x8000'0e4c      0x8  fsl_lpuart.o [1]
      .rodata          inited   0x8000'0e54     0x18  fsl_lpuart.o [1]
      .rodata          inited   0x8000'0e6c     0x20  fsl_lpuart.o [1]
      .rodata          inited   0x8000'0e8c     0x20  fsl_lpuart.o [1]
      .rodata          inited   0x8000'0eac     0x24  fsl_lpuart.o [1]
      .rodata          inited   0x8000'0ed0     0x14  fsl_lpuart.o [1]
      .rodata          inited   0x8000'0ee4      0xc  fsl_pit.o [1]
      .rodata          inited   0x8000'0ef0     0x38  fsl_pit.o [1]
      .rodata          inited   0x8000'0f28     0x3c  fsl_pit.o [1]
      .rodata          inited   0x8000'0f64     0x34  fsl_pit.o [1]
      .rodata          inited   0x8000'0f98      0x8  fsl_pit.o [1]
      .rodata          inited   0x8000'0fa0      0x4  fsl_pit.o [1]
      .rodata          inited   0x8000'0fa4      0xc  fsl_pwm.o [1]
      .rodata          inited   0x8000'0fb0     0x38  fsl_pwm.o [1]
      .rodata          inited   0x8000'0fe8     0x3c  fsl_pwm.o [1]
      .rodata          inited   0x8000'1024     0x34  fsl_pwm.o [1]
      .rodata          inited   0x8000'1058      0x8  fsl_pwm.o [1]
      .rodata          inited   0x8000'1060      0xc  fsl_pwm.o [1]
      .rodata          inited   0x8000'106c      0xc  fsl_pwm.o [1]
      .rodata          inited   0x8000'1078      0xc  fsl_pwm.o [1]
      .rodata          inited   0x8000'1084      0xc  fsl_pwm.o [1]
      .rodata          inited   0x8000'1090     0x28  fsl_pwm.o [1]
      .rodata          inited   0x8000'10b8     0x1c  fsl_pwm.o [1]
      .rodata          inited   0x8000'10d4     0x10  fsl_pwm.o [1]
      .rodata          inited   0x8000'10e4     0x14  fsl_pwm.o [1]
      .rodata          inited   0x8000'10f8     0x28  fsl_pwm.o [1]
      .rodata          inited   0x8000'1120      0xc  fsl_qtmr.o [1]
      .rodata          inited   0x8000'112c     0x38  fsl_qtmr.o [1]
      .rodata          inited   0x8000'1164     0x3c  fsl_qtmr.o [1]
      .rodata          inited   0x8000'11a0     0x38  fsl_qtmr.o [1]
      .rodata          inited   0x8000'11d8      0x8  fsl_qtmr.o [1]
      .rodata          inited   0x8000'11e0     0x14  fsl_qtmr.o [1]
      .rodata          inited   0x8000'11f4      0xc  fsl_qtmr.o [1]
      .rodata          inited   0x8000'1200     0x34  fsl_sai.o [1]
      .rodata          inited   0x8000'1234     0x14  fsl_sai.o [1]
      .rodata          inited   0x8000'1248     0x14  fsl_sai.o [1]
      .rodata          inited   0x8000'125c      0xc  fsl_sdmmc_host.o [1]
      .rodata          inited   0x8000'1268     0x54  fsl_sdmmc_host.o [1]
      .rodata          inited   0x8000'12bc      0xc  fsl_usdhc.o [1]
      .rodata          inited   0x8000'12c8      0x8  lpuart_adapter.o [1]
      .rodata          inited   0x8000'12d0     0x44  lpuart_adapter.o [1]
      .rodata          inited   0x8000'1314      0x8  lpuart_adapter.o [1]
      .rodata          inited   0x8000'131c     0x4c  lpuart_adapter.o [1]
      .rodata          inited   0x8000'1368     0x28  lpuart_adapter.o [1]
      .rodata          inited   0x8000'1390      0x8  lpuart_adapter.o [1]
      .rodata          inited   0x8000'1398      0x8  lpuart_adapter.o [1]
      .rodata          inited   0x8000'13a0     0x24  lpuart_adapter.o [1]
      .rodata          inited   0x8000'13c4    0x228  oled.o [1]
      .rodata          inited   0x8000'15ec      0xc  serial_manager.o [1]
      .rodata          inited   0x8000'15f8     0x50  serial_manager.o [1]
      .rodata          inited   0x8000'1648      0x8  serial_manager.o [1]
      .rodata          inited   0x8000'1650      0x8  serial_manager.o [1]
      .rodata          inited   0x8000'1658      0x8  serial_manager.o [1]
      .rodata          inited   0x8000'1660      0xc  serial_manager.o [1]
      .rodata          inited   0x8000'166c      0x8  serial_manager.o [1]
      .rodata          inited   0x8000'1674     0x10  serial_manager.o [1]
      .rodata          inited   0x8000'1684     0x10  serial_port_uart.o [1]
      .rodata          inited   0x8000'1694     0x50  serial_port_uart.o [1]
      .rodata          inited   0x8000'16e4     0x10  serial_port_uart.o [1]
      .rodata          inited   0x8000'16f4      0x8  serial_port_uart.o [1]
      .rodata          inited   0x8000'16fc      0x8  serial_port_uart.o [1]
      .rodata          inited   0x8000'1704     0x14  zf_adc.o [1]
      .rodata          inited   0x8000'1718     0x50  zf_adc.o [1]
      .rodata          inited   0x8000'1768     0x34  zf_adc.o [1]
      .rodata          inited   0x8000'179c      0xc  zf_iomuxc.o [1]
      .rodata          inited   0x8000'17a8     0x38  zf_iomuxc.o [1]
      .rodata          inited   0x8000'17e0     0x34  zf_iomuxc.o [1]
      .rodata          inited   0x8000'1814      0x8  zf_pit.o [1]
      .rodata          inited   0x8000'181c     0x50  zf_pit.o [1]
      .rodata          inited   0x8000'186c     0x34  zf_pwm.o [1]
      .rodata          inited   0x8000'18a0     0x34  zf_qtimer.o [1]
      .rodata          inited   0x8000'18d4     0x34  zf_uart.o [1]
      .text            inited   0x8000'1908    0x1e4  AllInit.o [1]
      .text            inited   0x8000'1aec    0x338  board.o [1]
      .text            inited   0x8000'1e24    0x6f4  clock_config.o [1]
      .text            inited   0x8000'2518    0x2cc  fsl_adc.o [1]
      .text            inited   0x8000'27e4     0x1c  fsl_assert.o [1]
      .text            inited   0x8000'2800    0x73c  fsl_clock.o [1]
      .text            inited   0x8000'2f3c     0x20  fsl_csi.o [1]
      .text            inited   0x8000'2f5c    0x1cc  fsl_debug_console.o [1]
      .text            inited   0x8000'3128    0x47c  fsl_edma.o [1]
      .text            inited   0x8000'35a4     0xec  fsl_enet.o [1]
      .text            inited   0x8000'3690     0x98  fsl_flexcan.o [1]
      .text            inited   0x8000'3728     0x64  fsl_flexio.o [1]
      .text            inited   0x8000'378c     0x3c  fsl_flexio_camera.o [1]
      .text            inited   0x8000'37c8    0x1f2  fsl_gpio.o [1]
      .text            inited   0x8000'39bc     0x90  fsl_lpi2c.o [1]
      .text            inited   0x8000'3a4c     0xf0  fsl_lpspi.o [1]
      .text            inited   0x8000'3b3c    0x4d0  fsl_lpuart.o [1]
      .text            inited   0x8000'400c    0x144  fsl_pit.o [1]
      .text            inited   0x8000'4150    0xa0c  fsl_pwm.o [1]
      .text            inited   0x8000'4b5c    0x1c4  fsl_qtmr.o [1]
      .text            inited   0x8000'4d20    0x138  fsl_sai.o [1]
      .text            inited   0x8000'4e58     0x50  fsl_sdmmc_event.o [1]
      .text            inited   0x8000'4ea8     0xcc  fsl_sdmmc_host.o [1]
      .text            inited   0x8000'4f74     0x44  fsl_spdif.o [1]
      .text            inited   0x8000'4fb8    0x964  fsl_str.o [1]
      .text            inited   0x8000'591c     0x34  fsl_usdhc.o [1]
      .text            inited   0x8000'5950    0x368  GetMessage.o [1]
      .text            inited   0x8000'5cb8    0x128  isr.o [1]
      .text            inited   0x8000'5de0    0x174  lpuart_adapter.o [1]
      .text            inited   0x8000'5f54     0x5c  main.o [1]
      .text            inited   0x8000'5fb0    0x17c  Motor.o [1]
      .text            inited   0x8000'612c    0x448  oled.o [1]
      .text            inited   0x8000'6574     0x64  OLED_debug.o [1]
      .text            inited   0x8000'65d8    0x2f4  PID.o [1]
      .text            inited   0x8000'68cc     0x30  SEEKFREE_MT9V03X.o [1]
      .text            inited   0x8000'68fc     0x34  SEEKFREE_SCC8660.o [1]
      .text            inited   0x8000'6930    0x1fc  serial_manager.o [1]
      .text            inited   0x8000'6b2c     0xd4  serial_port_uart.o [1]
      .text            inited   0x8000'6c00     0xec  Steer.o [1]
      .text            inited   0x8000'6cec    0x17a  usb_device_dci.o [1]
      .text            inited   0x8000'6e68    0x5e0  usb_device_ehci.o [1]
      .text            inited   0x8000'7448    0x260  zf_adc.o [1]
      .text            inited   0x8000'76a8     0x2c  zf_camera.o [1]
      .text            inited   0x8000'76d4     0xe0  zf_gpio.o [1]
      .text            inited   0x8000'77b4   0x6ab0  zf_iomuxc.o [1]
      .text            inited   0x8000'e264    0x160  zf_pit.o [1]
      .text            inited   0x8000'e3c4    0x7ec  zf_pwm.o [1]
      .text            inited   0x8000'ebb0    0x730  zf_qtimer.o [1]
      .text            inited   0x8000'f2e0    0x424  zf_uart.o [1]
      .text            inited   0x8000'f704     0x20  zf_usb_cdc.o [1]
      .text            inited   0x8000'f724    0x274  I64DivMod.o [4]
      .text            inited   0x8000'f998     0x1e  sqrt.o [3]
      .text            inited   0x8000'f9b8     0x66  ABImemset.o [4]
      .text            inited   0x8000'fa20     0x86  ABImemcpy.o [4]
      .text            inited   0x8000'faa8      0x6  ABImemclr4.o [4]
      .text            inited   0x8000'fab0     0x36  strlen.o [4]
      .text            inited   0x8000'fae8     0x5c  DblToS64.o [3]
      .text            inited   0x8000'fb44     0x52  S64ToDbl.o [3]
      .text            inited   0x8000'fb98     0x9e  modf.o [3]
      .text            inited   0x8000'fc38    0x570  pow64.o [3]
      .text            inited   0x8001'01a8      0x2  I64DivZer.o [4]
      .text            inited   0x8001'01ac     0x32  ABImemset48.o [4]
      .text            inited   0x8001'01e0    0x368  iar_Exp64.o [3]
      .text            inited   0x8001'0548     0x7c  frexp.o [3]
      .text            inited   0x8001'05c4     0xf0  ldexp.o [3]
      Veneer           inited   0x8001'06b4      0x8  - Linker created -
      .text            inited   0x8001'06bc      0xa  cexit.o [4]
      .rodata          inited   0x8001'06c6      0x2  fsl_pit.o [1]
      .text            inited   0x8001'06c8     0x10  common.o [1]
      .text            inited   0x8001'06d8      0x8  zf_vector.o [1]
      .text            inited   0x8001'06e0      0x8  zf_vector.o [1]
      .text            inited   0x8001'06e8      0x8  zf_vector.o [1]
      .text            inited   0x8001'06f0      0x8  zf_vector.o [1]
      .text            inited   0x8001'06f8      0x8  zf_vector.o [1]
      .text            inited   0x8001'0700      0x8  zf_vector.o [1]
      .text            inited   0x8001'0708      0x8  zf_vector.o [1]
      .text            inited   0x8001'0710      0x8  zf_vector.o [1]
      .text            inited   0x8001'0718      0x8  zf_vector.o [1]
      .text            inited   0x8001'0720      0x8  zf_vector.o [1]
      .text            inited   0x8001'0728      0x8  zf_vector.o [1]
      .text            inited   0x8001'0730      0x8  zf_vector.o [1]
      .text            inited   0x8001'0738      0x8  zf_vector.o [1]
      .text            inited   0x8001'0740      0x8  zf_vector.o [1]
      .text            inited   0x8001'0748      0x8  zf_vector.o [1]
      .text            inited   0x8001'0750      0x8  zf_vector.o [1]
      .text            inited   0x8001'0758      0x8  zf_vector.o [1]
      .text            inited   0x8001'0760      0x2  zf_vector.o [1]
      .text            inited   0x8001'0762      0x2  zf_vector.o [1]
      .text            inited   0x8001'0764      0x2  zf_vector.o [1]
      .text            inited   0x8001'0766      0x8  zf_vector.o [1]
      .text            inited   0x8001'076e      0x8  zf_vector.o [1]
      .text            inited   0x8001'0776      0x8  zf_vector.o [1]
      .text            inited   0x8001'077e      0x8  zf_vector.o [1]
      .text            inited   0x8001'0786      0x8  zf_vector.o [1]
      .text            inited   0x8001'078e      0x8  zf_vector.o [1]
      .text            inited   0x8001'0796      0x8  zf_vector.o [1]
      .text            inited   0x8001'079e      0x8  zf_vector.o [1]
      .text            inited   0x8001'07a6      0x8  zf_vector.o [1]
      .text            inited   0x8001'07ae      0x8  zf_vector.o [1]
      .text            inited   0x8001'07b6      0x8  zf_vector.o [1]
      .text            inited   0x8001'07be      0x8  zf_vector.o [1]
      .text            inited   0x8001'07c6      0x8  zf_vector.o [1]
      .text            inited   0x8001'07ce      0x8  zf_vector.o [1]
      .text            inited   0x8001'07d6      0x8  zf_vector.o [1]
      .text            inited   0x8001'07de      0x8  zf_vector.o [1]
      .text            inited   0x8001'07e6      0x8  zf_vector.o [1]
      .text            inited   0x8001'07ee      0x8  zf_vector.o [1]
      .text            inited   0x8001'07f6      0x2  zf_vector.o [1]
      .text            inited   0x8001'07f8      0x2  zf_vector.o [1]
      .text            inited   0x8001'07fa      0x2  zf_vector.o [1]
      .text            inited   0x8001'07fc      0x2  zf_vector.o [1]
      .text            inited   0x8001'07fe      0x2  zf_vector.o [1]
      .text            inited   0x8001'0800      0x2  zf_vector.o [1]
      .text            inited   0x8001'0802      0x2  zf_vector.o [1]
      .text            inited   0x8001'0804      0x2  zf_vector.o [1]
      .text            inited   0x8001'0806      0x2  zf_vector.o [1]
      .text            inited   0x8001'0808      0x2  zf_vector.o [1]
      .text            inited   0x8001'080a      0x2  zf_vector.o [1]
      .text            inited   0x8001'080c      0x2  zf_vector.o [1]
      .text            inited   0x8001'080e      0x2  zf_vector.o [1]
      .text            inited   0x8001'0810      0x2  zf_vector.o [1]
      .text            inited   0x8001'0812      0x2  zf_vector.o [1]
      .text            inited   0x8001'0814      0x2  zf_vector.o [1]
      .text            inited   0x8001'0816      0x2  zf_vector.o [1]
      .text            inited   0x8001'0818      0x8  zf_vector.o [1]
      .text            inited   0x8001'0820      0x8  zf_vector.o [1]
      .text            inited   0x8001'0828      0x8  zf_vector.o [1]
      .text            inited   0x8001'0830      0x8  zf_vector.o [1]
      .text            inited   0x8001'0838      0x8  zf_vector.o [1]
      .text            inited   0x8001'0840      0x2  zf_vector.o [1]
      .text            inited   0x8001'0842      0x2  zf_vector.o [1]
      .text            inited   0x8001'0844      0x2  zf_vector.o [1]
      .text            inited   0x8001'0846      0x2  zf_vector.o [1]
      .text            inited   0x8001'0848      0x2  zf_vector.o [1]
      .text            inited   0x8001'084a      0x2  zf_vector.o [1]
      .text            inited   0x8001'084c      0x2  zf_vector.o [1]
      .text            inited   0x8001'084e      0x2  zf_vector.o [1]
      .text            inited   0x8001'0850      0x2  zf_vector.o [1]
      .text            inited   0x8001'0852      0x2  zf_vector.o [1]
      .text            inited   0x8001'0854      0x2  zf_vector.o [1]
      .text            inited   0x8001'0856      0x2  zf_vector.o [1]
      .text            inited   0x8001'0858      0x2  zf_vector.o [1]
      .text            inited   0x8001'085a      0x2  zf_vector.o [1]
      .text            inited   0x8001'085c      0x2  zf_vector.o [1]
      .text            inited   0x8001'085e      0x2  zf_vector.o [1]
      .text            inited   0x8001'0860      0x2  zf_vector.o [1]
      .text            inited   0x8001'0862      0x2  zf_vector.o [1]
      .text            inited   0x8001'0864      0x2  zf_vector.o [1]
      .text            inited   0x8001'0866      0x2  zf_vector.o [1]
      .text            inited   0x8001'0868      0x2  zf_vector.o [1]
      .text            inited   0x8001'086a      0x2  zf_vector.o [1]
      .text            inited   0x8001'086c      0x2  zf_vector.o [1]
      .text            inited   0x8001'086e      0x2  zf_vector.o [1]
      .text            inited   0x8001'0870      0x2  zf_vector.o [1]
      .text            inited   0x8001'0872      0x2  zf_vector.o [1]
      .text            inited   0x8001'0874      0x8  zf_vector.o [1]
      .text            inited   0x8001'087c      0x8  zf_vector.o [1]
      .text            inited   0x8001'0884      0x2  zf_vector.o [1]
      .text            inited   0x8001'0886      0x2  zf_vector.o [1]
      .text            inited   0x8001'0888      0x2  zf_vector.o [1]
      .text            inited   0x8001'088a      0x2  zf_vector.o [1]
      .text            inited   0x8001'088c      0x2  zf_vector.o [1]
      .text            inited   0x8001'088e      0x2  zf_vector.o [1]
      .text            inited   0x8001'0890      0x2  zf_vector.o [1]
      .text            inited   0x8001'0892      0x2  zf_vector.o [1]
      .text            inited   0x8001'0894      0x2  zf_vector.o [1]
      .text            inited   0x8001'0896      0x2  zf_vector.o [1]
      .text            inited   0x8001'0898      0x2  zf_vector.o [1]
      .text            inited   0x8001'089a      0x2  zf_vector.o [1]
      .text            inited   0x8001'089c      0x2  zf_vector.o [1]
      .text            inited   0x8001'089e      0x2  zf_vector.o [1]
      .text            inited   0x8001'08a0      0x2  zf_vector.o [1]
      .text            inited   0x8001'08a2      0x8  zf_vector.o [1]
      .text            inited   0x8001'08aa      0x8  zf_vector.o [1]
      .text            inited   0x8001'08b2      0x2  zf_vector.o [1]
      .text            inited   0x8001'08b4      0x8  zf_vector.o [1]
      .text            inited   0x8001'08bc      0x8  zf_vector.o [1]
      .text            inited   0x8001'08c4      0x8  zf_vector.o [1]
      .text            inited   0x8001'08cc      0x2  zf_vector.o [1]
      .text            inited   0x8001'08ce      0x2  zf_vector.o [1]
      .text            inited   0x8001'08d0      0x2  zf_vector.o [1]
      .text            inited   0x8001'08d2      0x2  zf_vector.o [1]
      .text            inited   0x8001'08d4      0x2  zf_vector.o [1]
      .text            inited   0x8001'08d6      0x2  zf_vector.o [1]
      .text            inited   0x8001'08d8      0x2  zf_vector.o [1]
      .text            inited   0x8001'08da      0x2  zf_vector.o [1]
      .text            inited   0x8001'08dc      0x2  zf_vector.o [1]
      .text            inited   0x8001'08de      0x2  zf_vector.o [1]
      .text            inited   0x8001'08e0      0x2  zf_vector.o [1]
      .text            inited   0x8001'08e2      0x2  zf_vector.o [1]
      .text            inited   0x8001'08e4      0x2  zf_vector.o [1]
      .text            inited   0x8001'08e6      0x2  zf_vector.o [1]
      .text            inited   0x8001'08e8      0x2  zf_vector.o [1]
      .text            inited   0x8001'08ea      0x2  zf_vector.o [1]
      .text            inited   0x8001'08ec      0x2  zf_vector.o [1]
      .text            inited   0x8001'08ee      0x2  zf_vector.o [1]
      .text            inited   0x8001'08f0      0x2  zf_vector.o [1]
      .text            inited   0x8001'08f2      0x2  zf_vector.o [1]
      .text            inited   0x8001'08f4      0x2  zf_vector.o [1]
      .text            inited   0x8001'08f6      0x2  zf_vector.o [1]
      .text            inited   0x8001'08f8      0x2  zf_vector.o [1]
      .text            inited   0x8001'08fa      0x2  zf_vector.o [1]
      .text            inited   0x8001'08fc      0x2  zf_vector.o [1]
      .text            inited   0x8001'08fe      0x2  zf_vector.o [1]
      .text            inited   0x8001'0900      0x2  zf_vector.o [1]
      .text            inited   0x8001'0902      0x2  zf_vector.o [1]
      .text            inited   0x8001'0904      0x2  zf_vector.o [1]
      .text            inited   0x8001'0906      0x2  zf_vector.o [1]
      .text            inited   0x8001'0908      0x2  zf_vector.o [1]
      .text            inited   0x8001'090a      0x2  zf_vector.o [1]
      .text            inited   0x8001'090c      0x2  zf_vector.o [1]
      .text            inited   0x8001'090e      0x2  zf_vector.o [1]
      .text            inited   0x8001'0910      0x2  zf_vector.o [1]
      .text            inited   0x8001'0912      0x8  zf_vector.o [1]
      .text            inited   0x8001'091a      0x8  zf_vector.o [1]
      .text            inited   0x8001'0922      0x8  zf_vector.o [1]
      .text            inited   0x8001'092a      0x2  zf_vector.o [1]
      .text            inited   0x8001'092c      0x8  zf_vector.o [1]
      .text            inited   0x8001'0934      0x2  zf_vector.o [1]
      .text            inited   0x8001'0936      0x2  zf_vector.o [1]
      .text            inited   0x8001'0938      0x2  zf_vector.o [1]
      .text            inited   0x8001'093a      0x2  zf_vector.o [1]
      .text            inited   0x8001'093c      0x2  zf_vector.o [1]
      .text            inited   0x8001'093e      0x4  exit.o [2]
                              - 0x8001'0942  0x10542

Unused ranges:

         From           To        Size
         ----           --        ----
  0x2000'014c  0x2000'014f         0x4
  0x2000'f248  0x2006'efff    0x5'fdb8
  0x7000'bb4d  0x703f'ffff   0x3f'44b3
  0x8000'0000  0x8000'03ff       0x400
  0x8001'0942  0x81df'ffff  0x1de'f6be


*******************************************************************************
*** INIT TABLE
***

          Address      Size
          -------      ----
Zero (__iar_zero_init3)
    2 destination ranges, total size 0xf0e8:
          0x2000'0150   0x9600
          0x2000'9760   0x5ae8

Copy/lz77 (__iar_lz77_init3)
    1 source range, total size 0x9142 (55% of destination):
          0x7000'294e   0x9142
    1 destination range, total size 0x10542:
          0x8000'0400  0x10542

Copy/lz77 (__iar_lz77_init3)
    1 source range, total size 0xbd (56% of destination):
          0x7000'ba90     0xbd
    1 destination range, total size 0x14c:
          0x2000'0000    0x14c



*******************************************************************************
*** MODULE SUMMARY
***

    Module                              ro code  rw code  ro data  rw data
    ------                              -------  -------  -------  -------
command line/config:
    ----------------------------------------------------------------------
    Total:

D:\AI_CODE\AI_PID\IAR\program\nor_sdram_zf_dtcm\Obj: [1]
    AllInit.o                                        484      269
    Bluetooth.o                                                          8
    GetMessage.o                                     872      489      100
    Motor.o                                          380      212        2
    OLED_debug.o                                     100       56
    PID.o                                            756      522      242
    SEEKFREE_MT9V03X.o                                48       27   22 560
    SEEKFREE_SCC8660.o                                52       29   38 400
    Steer.o                                          236      138       13
    board.o                                          824      458
    clock_config.o                                 1 780    1 045      100
    common.o                                          16        9        1
    evkmimxrt1064_flexspi_nor_config.o                        512
    evkmimxrt1064_sdram_ini_dcd.o                           1 072
    fsl_adc.o                                        716      556      284
    fsl_assert.o                                      28       41       44
    fsl_clock.o                                    1 852    1 078       96
    fsl_csi.o                                         32       18        8
    fsl_debug_console.o                              460      342      188
    fsl_edma.o                                     1 148      685      212
    fsl_enet.o                                       236      202      152
    fsl_flexcan.o                                    152      150      136
    fsl_flexio.o                                     100       55       24
    fsl_flexio_camera.o                               60       34
    fsl_flexspi_nor_boot.o                                     48
    fsl_gpio.o                                       498      415      248
    fsl_lpi2c.o                                      144       81       48
    fsl_lpspi.o                                      240      208      164
    fsl_lpuart.o                                   1 232      879      388
    fsl_pit.o                                        324      287      194
    fsl_pwm.o                                      2 572    1 642      380
    fsl_qtmr.o                                       452      376      224
    fsl_sai.o                                        312      224      132
    fsl_sdmmc_event.o                                 80       45       12
    fsl_sdmmc_host.o                                 204      167      137
    fsl_spdif.o                                       68       38       16
    fsl_str.o                                      2 404    1 337
    fsl_usdhc.o                                       52       34       28
    isr.o                                            296      165
    lpuart_adapter.o                                 372      347      252
    main.o                                            92       51        6
    oled.o                                         1 096      916      552
    serial_manager.o                                 508      367      152
    serial_port_uart.o                               212      189      128
    startup_MIMXRT1064.o                    108
    system_MIMXRT1064.o                     382                 2        4
    usb_device_dci.o                                 378      210
    usb_device_ehci.o                              1 504      837
    zf_adc.o                                         608      430      164
    zf_camera.o                                       44       25       28
    zf_gpio.o                                        224      147       40
    zf_iomuxc.o                                   27 312   15 251      120
    zf_pit.o                                         352      245       88
    zf_pwm.o                                       2 028    1 169       72
    zf_qtimer.o                                    1 840    1 063       72
    zf_uart.o                                      1 060      639       88
    zf_usb_cdc.o                                      32       18       16
    zf_vector.o                                      614    1 365
    ----------------------------------------------------------------------
    Total:                                  490   57 486   37 216   66 323

dl7M_tlf.a: [2]
    abort.o                                   6
    exit.o                                             4        3
    low_level_init.o                          4
    ----------------------------------------------------------------------
    Total:                                   10        4        3

m7M_tlv.a: [3]
    DblToS64.o                                        92       52
    S64ToDbl.o                                        82       46
    fpinit_M.o                               34
    frexp.o                                          124       69
    iar_Exp64.o                                      872      485
    ldexp.o                                          240      134
    modf.o                                           158       88
    pow64.o                                        1 392    1 363    1 056
    sqrt.o                                            30       17
    ----------------------------------------------------------------------
    Total:                                   34    2 990    2 254    1 056

rt7M_tl.a: [4]
    ABImemclr4.o                                       6        5
    ABImemcpy.o                                      134       76
    ABImemset.o                                      102       57
    ABImemset48.o                                     50       29
    I64DivMod.o                                      628      349
    I64DivZer.o                                        2        1
    cexit.o                                           10        6
    cmain.o                                  30
    cstartup_M.o                             12
    data_init.o                              40
    lz77_init.o                             502
    strlen.o                                          54       31
    vector_table_M.o                         64
    zero_init3.o                             58
    ----------------------------------------------------------------------
    Total:                                  706      986      554

shb_l.a: [5]
    exit.o                                   20
    ----------------------------------------------------------------------
    Total:                                   20

    Gaps                                              22        2       11
    Linker created                           16        8       84    4 096
--------------------------------------------------------------------------
    Grand Total:                          1 276   61 496   40 113   71 486


*******************************************************************************
*** ENTRY LIST
***

Entry                       Address    Size  Type      Object
-----                       -------    ----  ----      ------
.iar.init_table$$Base   0x7000'28c0           --   Gb  - Linker created -
.iar.init_table$$Limit  0x7000'2910           --   Gb  - Linker created -
?main                   0x7000'2921          Code  Gb  cmain.o [4]
ADCAverage              0x2000'9984     0x8  Data  Gb  GetMessage.o [1]
ADCMaxing               0x2000'0124     0x8  Data  Gb  GetMessage.o [1]
ADCMessage              0x2000'9954    0x28  Data  Gb  GetMessage.o [1]
ADCN                    0x2000'0118     0xc  Data  Gb  zf_adc.o [1]
ADCNormal               0x2000'998c    0x10  Data  Gb  GetMessage.o [1]
ADCSum                  0x2000'997c     0x8  Data  Gb  GetMessage.o [1]
ADC_Average             0x8000'5a5b    0x72  Code  Gb  GetMessage.o [1]
ADC_DoAutoCalibration   0x8000'2749    0x74  Code  Gb  fsl_adc.o [1]
ADC_EnableHardwareTrigger
                        0x8000'25b7    0x1c  Code  Lc  fsl_adc.o [1]
ADC_GetChannelConversionValue
                        0x8000'256f    0x22  Code  Lc  fsl_adc.o [1]
ADC_GetChannelConversionValue
                        0x8000'7449    0x22  Code  Lc  zf_adc.o [1]
ADC_GetChannelStatusFlags
                        0x8000'2591    0x26  Code  Lc  fsl_adc.o [1]
ADC_GetChannelStatusFlags
                        0x8000'746b    0x26  Code  Lc  zf_adc.o [1]
ADC_GetDefaultConfig    0x8000'26b3    0x54  Code  Gb  fsl_adc.o [1]
ADC_GetInstance         0x8000'25d7    0x2e  Code  Lc  fsl_adc.o [1]
ADC_GetStatusFlags      0x8000'25d3     0x4  Code  Lc  fsl_adc.o [1]
ADC_Init                0x8000'2605    0xae  Code  Gb  fsl_adc.o [1]
ADC_Processing          0x8000'5c61    0x18  Code  Gb  GetMessage.o [1]
ADC_SetChannelConfig    0x8000'2707    0x42  Code  Gb  fsl_adc.o [1]
ADC_Sort                0x8000'59ab    0xb0  Code  Gb  GetMessage.o [1]
ARM_MPU_Disable         0x8000'1b2f    0x20  Code  Lc  board.o [1]
ARM_MPU_Enable          0x8000'1b0f    0x20  Code  Lc  board.o [1]
All_Init                0x8000'1935   0x158  Code  Gb  AllInit.o [1]
BOARD_BootClockRUN      0x8000'1fa5   0x448  Code  Gb  clock_config.o [1]
BOARD_ConfigMPU         0x8000'1cfb    0x7c  Code  Gb  board.o [1]
BOARD_DebugConsoleSrcFreq
                        0x8000'1ca9    0x3a  Code  Gb  board.o [1]
BOARD_InitDebugConsole  0x8000'1ce3    0x18  Code  Gb  board.o [1]
BusFault_Handler        0x8001'06cf     0x2  Code  Gb  common.o [1]
CAN1_DriverIRQHandler   0x8000'3691    0x26  Code  Gb  fsl_flexcan.o [1]
CAN2_DriverIRQHandler   0x8000'36b7    0x26  Code  Gb  fsl_flexcan.o [1]
CAN3_DriverIRQHandler   0x8000'36dd    0x26  Code  Gb  fsl_flexcan.o [1]
CLOCK_ControlGate       0x8000'1f11    0x48  Code  Lc  clock_config.o [1]
CLOCK_ControlGate       0x8000'2519    0x46  Code  Lc  fsl_adc.o [1]
CLOCK_ControlGate       0x8000'37c9    0x42  Code  Lc  fsl_gpio.o [1]
CLOCK_ControlGate       0x8000'3b3d    0x48  Code  Lc  fsl_lpuart.o [1]
CLOCK_ControlGate       0x8000'400d    0x42  Code  Lc  fsl_pit.o [1]
CLOCK_ControlGate       0x8000'4151    0x48  Code  Lc  fsl_pwm.o [1]
CLOCK_ControlGate       0x8000'4b5d    0x42  Code  Lc  fsl_qtmr.o [1]
CLOCK_ControlGate       0x8000'77b5    0x42  Code  Lc  zf_iomuxc.o [1]
CLOCK_DeinitAudioPll    0x8000'2b6d     0xc  Code  Gb  fsl_clock.o [1]
CLOCK_DeinitEnetPll     0x8000'2b85     0xc  Code  Gb  fsl_clock.o [1]
CLOCK_DeinitUsb2Pll     0x8000'2b63     0xa  Code  Gb  fsl_clock.o [1]
CLOCK_DeinitVideoPll    0x8000'2b79     0xc  Code  Gb  fsl_clock.o [1]
CLOCK_DisableClock      0x8000'1f59    0x10  Code  Lc  clock_config.o [1]
CLOCK_DisableClock      0x8000'3b95    0x10  Code  Lc  fsl_lpuart.o [1]
CLOCK_DisableClock      0x8000'405f    0x10  Code  Lc  fsl_pit.o [1]
CLOCK_DisableClock      0x8000'41a9    0x10  Code  Lc  fsl_pwm.o [1]
CLOCK_DisableClock      0x8000'4baf    0x10  Code  Lc  fsl_qtmr.o [1]
CLOCK_EnableClock       0x8000'255f    0x10  Code  Lc  fsl_adc.o [1]
CLOCK_EnableClock       0x8000'380b    0x10  Code  Lc  fsl_gpio.o [1]
CLOCK_EnableClock       0x8000'3b85    0x10  Code  Lc  fsl_lpuart.o [1]
CLOCK_EnableClock       0x8000'404f    0x10  Code  Lc  fsl_pit.o [1]
CLOCK_EnableClock       0x8000'4199    0x10  Code  Lc  fsl_pwm.o [1]
CLOCK_EnableClock       0x8000'4b9f    0x10  Code  Lc  fsl_qtmr.o [1]
CLOCK_EnableClock       0x8000'7805    0x10  Code  Lc  zf_iomuxc.o [1]
CLOCK_GetAhbFreq        0x8000'2985    0x18  Code  Gb  fsl_clock.o [1]
CLOCK_GetDiv            0x8000'1c6d    0x2a  Code  Lc  board.o [1]
CLOCK_GetFreq           0x8000'2a0f   0x114  Code  Gb  fsl_clock.o [1]
CLOCK_GetIpgFreq        0x8000'29d1    0x18  Code  Gb  fsl_clock.o [1]
CLOCK_GetMux            0x8000'1c43    0x2a  Code  Lc  board.o [1]
CLOCK_GetOscFreq        0x8000'1c97    0x12  Code  Lc  board.o [1]
CLOCK_GetOscFreq        0x8000'2801    0x18  Code  Lc  fsl_clock.o [1]
CLOCK_GetPerClkFreq     0x8000'29e9    0x26  Code  Gb  fsl_clock.o [1]
CLOCK_GetPeriphClkFreq  0x8000'2867    0xaa  Code  Lc  fsl_clock.o [1]
CLOCK_GetPllBypassRefClk
                        0x8000'2845    0x22  Code  Lc  fsl_clock.o [1]
CLOCK_GetPllFreq        0x8000'2b91   0x23e  Code  Gb  fsl_clock.o [1]
CLOCK_GetRtcFreq        0x8000'2819     0x6  Code  Lc  fsl_clock.o [1]
CLOCK_GetSemcFreq       0x8000'299d    0x34  Code  Gb  fsl_clock.o [1]
CLOCK_GetSysPfdFreq     0x8000'2dd9    0x60  Code  Gb  fsl_clock.o [1]
CLOCK_GetUsb1PfdFreq    0x8000'2e45    0x60  Code  Gb  fsl_clock.o [1]
CLOCK_InitArmPll        0x8000'2b23    0x40  Code  Gb  fsl_clock.o [1]
CLOCK_InitExternalClk   0x8000'2911    0x4a  Code  Gb  fsl_clock.o [1]
CLOCK_InitRcOsc24M      0x8000'2977     0xe  Code  Gb  fsl_clock.o [1]
CLOCK_IsPllBypassed     0x8000'281f    0x10  Code  Lc  fsl_clock.o [1]
CLOCK_IsPllEnabled      0x8000'282f    0x16  Code  Lc  fsl_clock.o [1]
CLOCK_SetDiv            0x8000'1e9b    0x76  Code  Lc  clock_config.o [1]
CLOCK_SetMux            0x8000'1e25    0x76  Code  Lc  clock_config.o [1]
CLOCK_SetPllBypass      0x8000'1f79    0x2c  Code  Lc  clock_config.o [1]
CLOCK_SetRtcXtalFreq    0x8000'1f71     0x8  Code  Lc  clock_config.o [1]
CLOCK_SetXtalFreq       0x8000'1f69     0x8  Code  Lc  clock_config.o [1]
CLOCK_SwitchOsc         0x8000'295b    0x1c  Code  Gb  fsl_clock.o [1]
CSI_DriverIRQHandler    0x8000'2f3d    0x10  Code  Gb  fsl_csi.o [1]
CSI_IRQHandler          0x8000'5cfb     0xc  Code  Gb  isr.o [1]
CSTACK$$Base            0x2006'f000           --   Gb  - Linker created -
CSTACK$$Limit           0x2007'0000           --   Gb  - Linker created -
Cal_error               0x8000'5b61   0x100  Code  Gb  GetMessage.o [1]
ConvertFloatRadixNumToString
                        0x8000'5109   0x19e  Code  Lc  fsl_str.o [1]
ConvertRadixNumToString
                        0x8000'4fb9   0x150  Code  Lc  fsl_str.o [1]
DMA0_DMA16_DriverIRQHandler
                        0x8000'327f    0x34  Code  Gb  fsl_edma.o [1]
DMA10_DMA26_DriverIRQHandler
                        0x8000'347d    0x30  Code  Gb  fsl_edma.o [1]
DMA11_DMA27_DriverIRQHandler
                        0x8000'34ad    0x2e  Code  Gb  fsl_edma.o [1]
DMA12_DMA28_DriverIRQHandler
                        0x8000'34db    0x2e  Code  Gb  fsl_edma.o [1]
DMA13_DMA29_DriverIRQHandler
                        0x8000'3509    0x2e  Code  Gb  fsl_edma.o [1]
DMA14_DMA30_DriverIRQHandler
                        0x8000'3537    0x2e  Code  Gb  fsl_edma.o [1]
DMA15_DMA31_DriverIRQHandler
                        0x8000'3565    0x2e  Code  Gb  fsl_edma.o [1]
DMA1_DMA17_DriverIRQHandler
                        0x8000'32b3    0x34  Code  Gb  fsl_edma.o [1]
DMA2_DMA18_DriverIRQHandler
                        0x8000'32e7    0x34  Code  Gb  fsl_edma.o [1]
DMA3_DMA19_DriverIRQHandler
                        0x8000'331b    0x34  Code  Gb  fsl_edma.o [1]
DMA4_DMA20_DriverIRQHandler
                        0x8000'334f    0x34  Code  Gb  fsl_edma.o [1]
DMA5_DMA21_DriverIRQHandler
                        0x8000'3383    0x34  Code  Gb  fsl_edma.o [1]
DMA6_DMA22_DriverIRQHandler
                        0x8000'33b7    0x34  Code  Gb  fsl_edma.o [1]
DMA7_DMA23_DriverIRQHandler
                        0x8000'33eb    0x32  Code  Gb  fsl_edma.o [1]
DMA8_DMA24_DriverIRQHandler
                        0x8000'341d    0x30  Code  Gb  fsl_edma.o [1]
DMA9_DMA25_DriverIRQHandler
                        0x8000'344d    0x30  Code  Gb  fsl_edma.o [1]
DTCM_VAR$$Base          0x2000'0150           --   Gb  - Linker created -
DTCM_VAR$$Limit         0x2000'9750           --   Gb  - Linker created -
DbgConsole_Init         0x8000'2fe3    0xe6  Code  Gb  fsl_debug_console.o [1]
DbgConsole_PrintCallback
                        0x8000'2fa5    0x3e  Code  Lc  fsl_debug_console.o [1]
DbgConsole_Printf       0x8000'30c9    0x3a  Code  Gb  fsl_debug_console.o [1]
DbgConsole_SendData     0x8000'2f5d    0x48  Code  Gb  fsl_debug_console.o [1]
DebugMon_Handler        0x8001'06d5     0x2  Code  Gb  common.o [1]
DefaultISR              0x7000'2871          Code  Wk  startup_MIMXRT1064.o [1]
DisableGlobalIRQ        0x8000'5f55     0x8  Code  Lc  main.o [1]
EDMA_GetChannelStatusFlags
                        0x8000'3129    0x4a  Code  Gb  fsl_edma.o [1]
EDMA_HandleIRQ          0x8000'317d   0x102  Code  Gb  fsl_edma.o [1]
ENET2_DriverIRQHandler  0x8000'3665     0xa  Code  Gb  fsl_enet.o [1]
ENET_1588_Timer_IRQHandler
                        0x8000'3649    0x10  Code  Gb  fsl_enet.o [1]
ENET_CommonFrame0IRQHandler
                        0x8000'35e9    0x60  Code  Gb  fsl_enet.o [1]
ENET_DriverIRQHandler   0x8000'3659     0xa  Code  Gb  fsl_enet.o [1]
ENET_GetInstance        0x8000'35a5    0x36  Code  Gb  fsl_enet.o [1]
EnableGlobalIRQ         0x8000'5f5d     0x6  Code  Lc  main.o [1]
EnableIRQ               0x8000'e283    0x20  Code  Lc  zf_pit.o [1]
F6x8                    0x8000'13c4   0x228  Data  Gb  oled.o [1]
FLEXIO1_DriverIRQHandler
                        0x8000'3775     0x8  Code  Gb  fsl_flexio.o [1]
FLEXIO2_DriverIRQHandler
                        0x8000'377d     0x8  Code  Gb  fsl_flexio.o [1]
FLEXIO3_DriverIRQHandler
                        0x8000'3785     0x8  Code  Gb  fsl_flexio.o [1]
FLEXIO_CAMERA_ClearStatusFlags
                        0x8000'3795    0x34  Code  Gb  fsl_flexio_camera.o [1]
FLEXIO_ClearShifterErrorFlags
                        0x8000'3791     0x4  Code  Lc  fsl_flexio_camera.o [1]
FLEXIO_ClearShifterStatusFlags
                        0x8000'378d     0x4  Code  Lc  fsl_flexio_camera.o [1]
FLEXIO_CommonIRQHandler
                        0x8000'3729    0x3e  Code  Gb  fsl_flexio.o [1]
Fuzzy_kp                0x2000'99e0    0x18  Data  Gb  PID.o [1]
GPIO2_Combined_0_15_IRQHandler
                        0x8000'5d9b    0x3a  Code  Gb  isr.o [1]
GPIO2_Combined_16_31_IRQHandler
                        0x8000'5d7d    0x1e  Code  Gb  isr.o [1]
GPIO3_Combined_0_15_IRQHandler
                        0x8000'4f1d    0x42  Code  Gb  fsl_sdmmc_host.o [1]
GPIO_ClearPinsInterruptFlags
                        0x8000'5ceb    0x10  Code  Lc  isr.o [1]
GPIO_ClearPinsInterruptFlags
                        0x8000'68d1    0x10  Code  Lc  SEEKFREE_MT9V03X.o [1]
GPIO_ClearPinsInterruptFlags
                        0x8000'6901    0x10  Code  Lc  SEEKFREE_SCC8660.o [1]
GPIO_ClearPinsOutput    0x8000'76f1    0x10  Code  Lc  zf_gpio.o [1]
GPIO_GetInstance        0x8000'3831    0x2e  Code  Lc  fsl_gpio.o [1]
GPIO_GetPinsInterruptFlags
                        0x8000'5cdb     0xc  Code  Lc  isr.o [1]
GPIO_PinInit            0x8000'385f    0x58  Code  Gb  fsl_gpio.o [1]
GPIO_PinRead            0x8000'4ea9    0x26  Code  Lc  fsl_sdmmc_host.o [1]
GPIO_PinSetInterruptConfig
                        0x8000'3911    0xaa  Code  Gb  fsl_gpio.o [1]
GPIO_PinWrite           0x8000'38b7    0x3a  Code  Gb  fsl_gpio.o [1]
GPIO_PortClear          0x8000'76eb     0x6  Code  Lc  zf_gpio.o [1]
GPIO_PortClearInterruptFlags
                        0x8000'4ed3     0x4  Code  Lc  fsl_sdmmc_host.o [1]
GPIO_PortClearInterruptFlags
                        0x8000'5ce7     0x4  Code  Lc  isr.o [1]
GPIO_PortClearInterruptFlags
                        0x8000'68cd     0x4  Code  Lc  SEEKFREE_MT9V03X.o [1]
GPIO_PortClearInterruptFlags
                        0x8000'68fd     0x4  Code  Lc  SEEKFREE_SCC8660.o [1]
GPIO_PortGetInterruptFlags
                        0x8000'4ecf     0x4  Code  Lc  fsl_sdmmc_host.o [1]
GPIO_PortGetInterruptFlags
                        0x8000'5cd7     0x4  Code  Lc  isr.o [1]
GPIO_PortSet            0x8000'76d5     0x6  Code  Lc  zf_gpio.o [1]
GPIO_SetPinInterruptConfig
                        0x8000'381b    0x16  Code  Lc  fsl_gpio.o [1]
GPIO_SetPinsOutput      0x8000'76db    0x10  Code  Lc  zf_gpio.o [1]
GetMessage              0x8000'5951    0x5a  Code  Gb  GetMessage.o [1]
HAL_UartGetStatus       0x8000'5de1    0x10  Code  Lc  lpuart_adapter.o [1]
HAL_UartInit            0x8000'5df1    0xe8  Code  Gb  lpuart_adapter.o [1]
HAL_UartSendBlocking    0x8000'5ed9    0x5a  Code  Gb  lpuart_adapter.o [1]
HardFault_Handler       0x8001'06cb     0x2  Code  Gb  common.o [1]
IOMUXC_SetPinConfig     0x8000'7831    0x10  Code  Lc  zf_iomuxc.o [1]
IOMUXC_SetPinMux        0x8000'7815    0x1c  Code  Lc  zf_iomuxc.o [1]
InStream_Read           0x7000'2455    0x28  Code  Lc  lz77_init.o [4]
InStream_StepRegion     0x7000'2441    0x14  Code  Lc  lz77_init.o [4]
Kp1                     0x2000'013a     0x2  Data  Gb  PID.o [1]
Kp2                     0x2000'013c     0x2  Data  Gb  PID.o [1]
LEDPIN_Init             0x8000'612d    0x38  Code  Gb  oled.o [1]
LED_DLY_ms              0x8000'626d    0x1a  Code  Gb  oled.o [1]
LED_Fill                0x8000'622b    0x42  Code  Gb  oled.o [1]
LED_P6x8Char            0x8000'6433    0x5e  Code  Gb  oled.o [1]
LED_PrintValueI         0x8000'6491    0xde  Code  Gb  oled.o [1]
LED_Set_Pos             0x8000'6203    0x28  Code  Gb  oled.o [1]
LED_WrCmd               0x8000'61b5    0x4e  Code  Gb  oled.o [1]
LED_WrDat               0x8000'6165    0x4e  Code  Gb  oled.o [1]
LPI2C1_DriverIRQHandler
                        0x8000'39fb     0xc  Code  Gb  fsl_lpi2c.o [1]
LPI2C2_DriverIRQHandler
                        0x8000'3a07     0xc  Code  Gb  fsl_lpi2c.o [1]
LPI2C3_DriverIRQHandler
                        0x8000'3a13     0xc  Code  Gb  fsl_lpi2c.o [1]
LPI2C4_DriverIRQHandler
                        0x8000'3a1f     0xc  Code  Gb  fsl_lpi2c.o [1]
LPI2C_CommonIRQHandler  0x8000'39bd    0x3e  Code  Lc  fsl_lpi2c.o [1]
LPSPI1_DriverIRQHandler
                        0x8000'3a7d    0x24  Code  Gb  fsl_lpspi.o [1]
LPSPI2_DriverIRQHandler
                        0x8000'3aa1    0x24  Code  Gb  fsl_lpspi.o [1]
LPSPI3_DriverIRQHandler
                        0x8000'3ac5    0x24  Code  Gb  fsl_lpspi.o [1]
LPSPI4_DriverIRQHandler
                        0x8000'3ae9    0x24  Code  Gb  fsl_lpspi.o [1]
LPSPI_CommonIRQHandler  0x8000'3a55    0x28  Code  Lc  fsl_lpspi.o [1]
LPSPI_IsMaster          0x8000'3a4d     0x8  Code  Lc  fsl_lpspi.o [1]
LPUART1_DriverIRQHandler
                        0x8000'3f55    0x10  Code  Gb  fsl_lpuart.o [1]
LPUART2_DriverIRQHandler
                        0x8000'3f6d    0x10  Code  Gb  fsl_lpuart.o [1]
LPUART3_DriverIRQHandler
                        0x8000'3f7d    0x10  Code  Gb  fsl_lpuart.o [1]
LPUART4_DriverIRQHandler
                        0x8000'3f91    0x10  Code  Gb  fsl_lpuart.o [1]
LPUART5_DriverIRQHandler
                        0x8000'3fa1    0x10  Code  Gb  fsl_lpuart.o [1]
LPUART6_DriverIRQHandler
                        0x8000'3fb1    0x10  Code  Gb  fsl_lpuart.o [1]
LPUART7_DriverIRQHandler
                        0x8000'3fc1    0x10  Code  Gb  fsl_lpuart.o [1]
LPUART8_DriverIRQHandler
                        0x8000'3fd1    0x10  Code  Gb  fsl_lpuart.o [1]
LPUART_Deinit           0x8000'3e45    0x3e  Code  Gb  fsl_lpuart.o [1]
LPUART_GetDefaultConfig
                        0x8000'3e83    0x6c  Code  Gb  fsl_lpuart.o [1]
LPUART_GetInstance      0x8000'3bb7    0x34  Code  Gb  fsl_lpuart.o [1]
LPUART_Init             0x8000'3beb   0x25a  Code  Gb  fsl_lpuart.o [1]
LPUART_ReadByte         0x8000'f2e1    0x2c  Code  Lc  zf_uart.o [1]
LPUART_SoftwareReset    0x8000'3ba5    0x12  Code  Lc  fsl_lpuart.o [1]
LPUART_WriteBlocking    0x8000'3eef    0x38  Code  Gb  fsl_lpuart.o [1]
MaxSteering             0x2000'0148     0x2  Data  Gb  Steer.o [1]
MemManage_Handler       0x8001'06cd     0x2  Code  Gb  common.o [1]
MidSteering             0x2000'0142     0x2  Data  Gb  Steer.o [1]
MinSteering             0x2000'014a     0x2  Data  Gb  Steer.o [1]
NMI_Handler             0x8001'06c9     0x2  Code  Gb  common.o [1]
Normal                  0x8000'5acd    0x94  Code  Gb  GetMessage.o [1]
OLED_Init               0x8000'639f    0x94  Code  Gb  oled.o [1]
OutStream_Write         0x7000'247d    0x42  Code  Lc  lz77_init.o [4]
PIT_ClearStatusFlags    0x8000'5cc9     0xe  Code  Lc  isr.o [1]
PIT_Deinit              0x8000'4111    0x1e  Code  Gb  fsl_pit.o [1]
PIT_EnableInterrupts    0x8000'e307    0x20  Code  Lc  zf_pit.o [1]
PIT_GetDefaultConfig    0x8000'e2a3    0x1c  Code  Lc  zf_pit.o [1]
PIT_GetInstance         0x8000'406f    0x2e  Code  Lc  fsl_pit.o [1]
PIT_GetStatusFlags      0x8000'5cb9    0x10  Code  Lc  isr.o [1]
PIT_IRQHandler          0x8000'5d07    0x76  Code  Gb  isr.o [1]
PIT_Init                0x8000'409d    0x74  Code  Gb  fsl_pit.o [1]
PIT_SetTimerChainMode   0x8000'e2bf    0x48  Code  Lc  zf_pit.o [1]
PIT_SetTimerPeriod      0x8000'e327     0xe  Code  Lc  zf_pit.o [1]
PIT_StartTimer          0x8000'e335    0x1e  Code  Lc  zf_pit.o [1]
PORTPTR                 0x2000'0090    0x28  Data  Gb  zf_gpio.o [1]
PWMPTR                  0x2000'00f0    0x14  Data  Lc  zf_pwm.o [1]
PWM_Deinit              0x8000'43a7    0x34  Code  Gb  fsl_pwm.o [1]
PWM_GetDefaultConfig    0x8000'43db    0x5c  Code  Gb  fsl_pwm.o [1]
PWM_GetInstance         0x8000'41b9    0x34  Code  Lc  fsl_pwm.o [1]
PWM_Init                0x8000'41ed   0x1ba  Code  Gb  fsl_pwm.o [1]
PWM_SetPwmLdok          0x8000'e3db    0x36  Code  Lc  zf_pwm.o [1]
PWM_SetupPwm            0x8000'4437   0x426  Code  Gb  fsl_pwm.o [1]
PWM_StartTimer          0x8000'e3c5    0x16  Code  Lc  zf_pwm.o [1]
PWM_UpdatePwmDutycycle  0x8000'485d   0x2c4  Code  Gb  fsl_pwm.o [1]
PendSV_Handler          0x8001'06d7     0x2  Code  Gb  common.o [1]
QTIMERN                 0x2000'0104    0x14  Data  Gb  zf_qtimer.o [1]
QTMR_Deinit             0x8000'4c8b    0x30  Code  Gb  fsl_qtmr.o [1]
QTMR_GetDefaultConfig   0x8000'4cbb    0x44  Code  Gb  fsl_qtmr.o [1]
QTMR_GetInstance        0x8000'4bbf    0x2e  Code  Lc  fsl_qtmr.o [1]
QTMR_Init               0x8000'4bed    0x9e  Code  Gb  fsl_qtmr.o [1]
QTMR_StartTimer         0x8000'ebb1    0x26  Code  Lc  zf_qtimer.o [1]
RW$$Base                0x8000'0400           --   Gb  - Linker created -
RW$$Limit               0x8001'0942           --   Gb  - Linker created -
Region$$Table$$Base     0x7000'28c0           --   Gb  - Linker created -
Region$$Table$$Limit    0x7000'2910           --   Gb  - Linker created -
Reset_Handler           0x7000'2809          Code  Gb  startup_MIMXRT1064.o [1]
SAI1_DriverIRQHandler   0x8000'4d21    0x5a  Code  Gb  fsl_sai.o [1]
SAI2_DriverIRQHandler   0x8000'4d7b    0x5a  Code  Gb  fsl_sai.o [1]
SAI3_RX_DriverIRQHandler
                        0x8000'4dfb    0x26  Code  Gb  fsl_sai.o [1]
SAI3_TX_DriverIRQHandler
                        0x8000'4dd5    0x26  Code  Gb  fsl_sai.o [1]
SCB_DisableDCache       0x8000'1bef    0x54  Code  Lc  board.o [1]
SCB_DisableICache       0x8000'1b79    0x22  Code  Lc  board.o [1]
SCB_EnableDCache        0x8000'1b9b    0x54  Code  Lc  board.o [1]
SCB_EnableDCache        0x7000'267b    0x54  Code  Lc  system_MIMXRT1064.o [1]
SCB_EnableICache        0x8000'1b4f    0x2a  Code  Lc  board.o [1]
SCB_EnableICache        0x7000'2651    0x2a  Code  Lc  system_MIMXRT1064.o [1]
SDMMCEVENT_GetInstance  0x8000'4e63    0x1c  Code  Lc  fsl_sdmmc_event.o [1]
SDMMCEVENT_Notify       0x8000'4e7f    0x1e  Code  Gb  fsl_sdmmc_event.o [1]
SDMMCHOST_NofiyCardInsertStatus
                        0x8000'4ed7    0x46  Code  Lc  fsl_sdmmc_host.o [1]
SPDIF_DriverIRQHandler  0x8000'4f75    0x32  Code  Gb  fsl_spdif.o [1]
SVC_Handler             0x8001'06d3     0x2  Code  Gb  common.o [1]
SerialManager_Init      0x8000'69d9    0x6c  Code  Gb  serial_manager.o [1]
SerialManager_OpenReadHandle
                        0x8000'6a9b    0x5e  Code  Gb  serial_manager.o [1]
SerialManager_OpenWriteHandle
                        0x8000'6a45    0x56  Code  Gb  serial_manager.o [1]
SerialManager_StartWriting
                        0x8000'6931    0x34  Code  Lc  serial_manager.o [1]
SerialManager_Write     0x8000'6965    0x74  Code  Lc  serial_manager.o [1]
SerialManager_WriteBlocking
                        0x8000'6af9    0x14  Code  Gb  serial_manager.o [1]
Serial_UartInit         0x8000'6b2d    0x6e  Code  Gb  serial_port_uart.o [1]
Serial_UartWrite        0x8000'6b9b    0x52  Code  Gb  serial_port_uart.o [1]
SetAddressingMode       0x8000'6287    0x14  Code  Gb  oled.o [1]
SetContrastControl      0x8000'62ab    0x14  Code  Gb  oled.o [1]
SetStartLine            0x8000'629b    0x10  Code  Gb  oled.o [1]
Set_Charge_Pump         0x8000'62bf    0x16  Code  Gb  oled.o [1]
Set_Common_Config       0x8000'6375    0x16  Code  Gb  oled.o [1]
Set_Common_Remap        0x8000'6329    0x10  Code  Gb  oled.o [1]
Set_Display_Clock       0x8000'634d    0x14  Code  Gb  oled.o [1]
Set_Display_Offset      0x8000'6339    0x14  Code  Gb  oled.o [1]
Set_Display_On_Off      0x8000'6319    0x10  Code  Gb  oled.o [1]
Set_Entire_Display      0x8000'62e5    0x10  Code  Gb  oled.o [1]
Set_Inverse_Display     0x8000'62f5    0x10  Code  Gb  oled.o [1]
Set_Multiplex_Ratio     0x8000'6305    0x14  Code  Gb  oled.o [1]
Set_Precharge_Period    0x8000'6361    0x14  Code  Gb  oled.o [1]
Set_Segment_Remap       0x8000'62d5    0x10  Code  Gb  oled.o [1]
Set_VCOMH               0x8000'638b    0x14  Code  Gb  oled.o [1]
SteerCtrl               0x2000'0144     0x2  Data  Gb  Steer.o [1]
SteerLastCtrl           0x2000'0146     0x2  Data  Gb  Steer.o [1]
Steer_Ctrl              0x8000'6c01    0xec  Code  Gb  Steer.o [1]
Steer_Ctrl::number      0x2000'f21a     0x1  Data  Lc  Steer.o [1]
Steer_D_diangan         0x2000'0130     0x4  Data  Gb  PID.o [1]
Steer_P_diangan         0x2000'012c     0x4  Data  Gb  PID.o [1]
Steererror              0x2000'f218     0x2  Data  Gb  Steer.o [1]
StrFormatPrintf         0x8000'52b1   0x66c  Code  Gb  fsl_str.o [1]
SysTick_Handler         0x8000'4e59     0xa  Code  Gb  fsl_sdmmc_event.o [1]
SystemCoreClock         0x2000'0134     0x4  Data  Gb  system_MIMXRT1064.o [1]
SystemInit              0x7000'26cf    0xb0  Code  Gb  system_MIMXRT1064.o [1]
UARTN                   0x2000'00b8    0x24  Data  Gb  zf_uart.o [1]
USB_DeviceControl       0x8000'6ced    0x36  Code  Lc  usb_device_dci.o [1]
USB_DeviceEhciCancelControlPipe
                        0x8000'6ef5   0x10a  Code  Lc  usb_device_ehci.o [1]
USB_DeviceEhciFillSetupBuffer
                        0x8000'6e69    0x8c  Code  Lc  usb_device_ehci.o [1]
USB_DeviceEhciInterruptPortChange
                        0x8000'7345    0x52  Code  Lc  usb_device_ehci.o [1]
USB_DeviceEhciInterruptReset
                        0x8000'7397    0x66  Code  Lc  usb_device_ehci.o [1]
USB_DeviceEhciInterruptSof
                        0x8000'73fd     0x2  Code  Lc  usb_device_ehci.o [1]
USB_DeviceEhciInterruptTokenDone
                        0x8000'6fff   0x346  Code  Lc  usb_device_ehci.o [1]
USB_DeviceEhciIsrFunction
                        0x8000'73ff    0x4a  Code  Gb  usb_device_ehci.o [1]
USB_DeviceNotification  0x8000'6d83    0xba  Code  Lc  usb_device_dci.o [1]
USB_DeviceNotificationTrigger
                        0x8000'6e3d    0x2a  Code  Gb  usb_device_dci.o [1]
USB_DeviceResetNotification
                        0x8000'6d23    0x60  Code  Lc  usb_device_dci.o [1]
USB_OTG1_IRQHandler     0x8000'f705     0xe  Code  Gb  zf_usb_cdc.o [1]
USB_OTG2_IRQHandler     0x8000'f713     0xe  Code  Gb  zf_usb_cdc.o [1]
USDHC1_DriverIRQHandler
                        0x8000'591d    0x12  Code  Gb  fsl_usdhc.o [1]
USDHC2_DriverIRQHandler
                        0x8000'592f    0x12  Code  Gb  fsl_usdhc.o [1]
UsageFault_Handler      0x8001'06d1     0x2  Code  Gb  common.o [1]
ZI$$Base                0x2000'9760           --   Gb  - Linker created -
ZI$$Limit               0x2000'f248           --   Gb  - Linker created -
__CSTACK_ADDRESS {Abs}  0x2007'0000          Data  Gb  <internal module>
__NVIC_EnableIRQ        0x8000'e265    0x1e  Code  Lc  zf_pit.o [1]
__NVIC_SetPriority      0x8000'1909    0x2c  Code  Lc  AllInit.o [1]
__NVIC_SetPriorityGrouping
                        0x8000'1aed    0x22  Code  Lc  board.o [1]
__RAM_VECTOR_TABLE_SIZE {Abs}
                              0x400          Data  Gb  <internal module>
__VECTOR_RAM {Abs}      0x8000'0000          Data  Gb  <internal module>
__VECTOR_TABLE {Abs}    0x7000'2000          Data  Gb  <internal module>
__aeabi_assert          0x8000'27e5    0x1c  Code  Gb  fsl_assert.o [1]
__aeabi_d2lz            0x8000'fae9          Code  Gb  DblToS64.o [3]
__aeabi_l2d             0x8000'fb45          Code  Gb  S64ToDbl.o [3]
__aeabi_ldiv0           0x8001'01a9          Code  Gb  I64DivZer.o [4]
__aeabi_ldivmod         0x8000'f725          Code  Gb  I64DivMod.o [4]
__aeabi_memclr4         0x8000'faa9          Code  Gb  ABImemclr4.o [4]
__aeabi_memcpy4         0x8000'fa21          Code  Gb  ABImemcpy.o [4]
__aeabi_memcpy8         0x8000'fa21          Code  Gb  ABImemcpy.o [4]
__aeabi_memset          0x8000'f9b9          Code  Gb  ABImemset.o [4]
__aeabi_uldivmod        0x8000'f769          Code  Gb  I64DivMod.o [4]
__cmain                 0x7000'2921          Code  Gb  cmain.o [4]
__exit                  0x7000'263d    0x14  Code  Gb  exit.o [5]
__iar_Exp64             0x8001'01e1   0x368  Code  Gb  iar_Exp64.o [3]
__iar_Memset            0x8000'f9b9          Code  Gb  ABImemset.o [4]
__iar_Memset4_word      0x8001'01ad          Code  Gb  ABImemset48.o [4]
__iar_Memset8_word      0x8001'01ad          Code  Gb  ABImemset48.o [4]
__iar_Memset_word       0x8000'f9c1          Code  Gb  ABImemset.o [4]
__iar_Pow64             0x8000'fc39   0x4e4  Code  Lc  pow64.o [3]
__iar_data_init3        0x7000'2875    0x28  Code  Gb  data_init.o [4]
__iar_frexp             0x8001'0561          Code  Gb  frexp.o [3]
__iar_frexp64           0x8001'0549          Code  Gb  frexp.o [3]
__iar_frexpl            0x8001'0561          Code  Gb  frexp.o [3]
__iar_init_vfp          0x7000'289d          Code  Gb  fpinit_M.o [3]
__iar_ldexp64           0x8001'05c5          Code  Gb  ldexp.o [3]
__iar_lz77_init3        0x7000'24bf   0x178  Code  Gb  lz77_init.o [4]
__iar_modf              0x8000'fba9          Code  Gb  modf.o [3]
__iar_modf64            0x8000'fb99          Code  Gb  modf.o [3]
__iar_modfl             0x8000'fba9          Code  Gb  modf.o [3]
__iar_pow64             0x8001'01a5     0x4  Code  Gb  pow64.o [3]
__iar_pow_medium        0x8001'01a5     0x4  Code  Gb  pow64.o [3]
__iar_pow_medium64      0x8001'01a5     0x4  Code  Gb  pow64.o [3]
__iar_pow_mediuml       0x8001'01a5     0x4  Code  Gb  pow64.o [3]
__iar_program_start     0x7000'2943          Code  Gb  cstartup_M.o [4]
__iar_scalbln64         0x8001'05c5          Code  Gb  ldexp.o [3]
__iar_scalbn64          0x8001'05c5          Code  Gb  ldexp.o [3]
__iar_sqrt64            0x8000'f999          Code  Gb  sqrt.o [3]
__iar_zero_init3        0x7000'27cf    0x3a  Code  Gb  zero_init3.o [4]
__low_level_init        0x7000'293f     0x4  Code  Gb  low_level_init.o [2]
__vector_table          0x7000'2400          Data  Gb  vector_table_M.o [4]
__zf_vector_table       0x7000'2000   0x400  Data  Gb  zf_vector.o [1]
_call_main              0x7000'292d          Code  Gb  cmain.o [4]
_exit                   0x8001'06bd          Code  Gb  cexit.o [4]
_main                   0x7000'293b          Code  Gb  cmain.o [4]
abort                   0x7000'2637     0x6  Code  Gb  abort.o [2]
ad                      0x2000'9760     0x8  Data  Gb  Bluetooth.o [1]
adc_convert             0x8000'7649    0x4c  Code  Gb  zf_adc.o [1]
adc_init                0x8000'75ff    0x4a  Code  Gb  zf_adc.o [1]
adc_iomuxc              0x8000'7491   0x16e  Code  Gb  zf_adc.o [1]
armPllConfig_BOARD_BootClockRUN
                        0x8000'087c     0x8  Data  Gb  clock_config.o [1]
bluetooth               0x2000'99b4     0x1  Data  Gb  main.o [1]
board_init              0x8000'1d77    0x24  Code  Gb  board.o [1]
boot_data               0x7000'1020    0x10  Data  Gb  fsl_flexspi_nor_boot.o [1]
dat                     0x2000'99b2     0x1  Data  Gb  main.o [1]
dcd_data                0x7000'1030   0x430  Data  Gb  evkmimxrt1064_sdram_ini_dcd.o [1]
diangan_e               0x2000'999c     0x4  Data  Gb  GetMessage.o [1]
diangan_e1              0x2000'99a0     0x4  Data  Gb  GetMessage.o [1]
diangan_e2              0x2000'99a4     0x4  Data  Gb  GetMessage.o [1]
diangan_ec              0x2000'99ac     0x4  Data  Gb  GetMessage.o [1]
diangan_last_e          0x2000'99a8     0x4  Data  Gb  GetMessage.o [1]
diangan_view            0x8000'6575    0x5c  Code  Gb  OLED_debug.o [1]
dma_restart             0x8000'76b5    0x14  Code  Gb  zf_camera.o [1]
e1                      0x2000'013e     0x2  Data  Gb  PID.o [1]
e2                      0x2000'0140     0x2  Data  Gb  PID.o [1]
eFuzzy                  0x2000'99cc     0x8  Data  Gb  PID.o [1]
e_Rule_diangan          0x2000'99b8    0x14  Data  Gb  PID.o [1]
ecFuzzy                 0x2000'99d4     0x8  Data  Gb  PID.o [1]
exit                    0x8001'093f     0x4  Code  Gb  exit.o [2]
flexio_camera_type      0x2000'9768     0x1  Data  Gb  common.o [1]
flexio_flag_clear       0x8000'76a9     0xc  Code  Gb  zf_camera.o [1]
frexp                   0x8001'0549          Code  Gb  frexp.o [3]
frexpl                  0x8001'0549          Code  Gb  frexp.o [3]
fuzzy_canshu_init       0x8000'65d9    0x86  Code  Gb  PID.o [1]
fuzzy_mem_cal_diangan   0x8000'665f   0x158  Code  Gb  PID.o [1]
fuzzy_query_diangan     0x8000'67b7    0x9e  Code  Gb  PID.o [1]
fuzzy_solve_diangan     0x8000'6855    0x3e  Code  Gb  PID.o [1]
g_eventCardDetect       0x2000'98fc     0x4  Data  Lc  fsl_sdmmc_event.o [1]
g_eventTimeMilliseconds
                        0x2000'9904     0x4  Data  Gb  fsl_sdmmc_event.o [1]
g_eventTransferComplete
                        0x2000'9900     0x4  Data  Lc  fsl_sdmmc_event.o [1]
g_rtcXtalFreq           0x2000'9770     0x4  Data  Gb  fsl_clock.o [1]
g_serialHandle          0x2000'9798     0x4  Data  Gb  fsl_debug_console.o [1]
g_usdhcHandle           0x2000'9908    0x28  Data  Gb  fsl_sdmmc_host.o [1]
g_xtalFreq              0x2000'976c     0x4  Data  Gb  fsl_clock.o [1]
gpio_init               0x8000'7701    0x6c  Code  Gb  zf_gpio.o [1]
gpio_set                0x8000'776d    0x42  Code  Gb  zf_gpio.o [1]
image_vector_table      0x7000'1000    0x20  Data  Gb  fsl_flexspi_nor_boot.o [1]
iomuxc_pinconf          0x8000'7841  0x694c  Code  Gb  zf_iomuxc.o [1]
kp_Rule_diangan         0x2000'00dc    0x14  Data  Gb  PID.o [1]
kp_Rule_table           0x2000'0000    0x90  Data  Gb  PID.o [1]
ldexp                   0x8001'05c5          Code  Gb  ldexp.o [3]
ldexpl                  0x8001'05c5          Code  Gb  ldexp.o [3]
lnbias                  0x8000'0400   0x420  Data  Lc  pow64.o [3]
m_boot_hdr_conf_start {Abs}
                        0x7000'0000          Data  Gb  <internal module>
main                    0x8000'5f63    0x3c  Code  Gb  main.o [1]
modf                    0x8000'fb99          Code  Gb  modf.o [3]
modfl                   0x8000'fb99          Code  Gb  modf.o [3]
motor                   0x2000'0138     0x2  Data  Gb  Motor.o [1]
motor_l                 0x8000'5fb1   0x150  Code  Gb  Motor.o [1]
motor_speed             0x2000'99b0     0x2  Data  Gb  main.o [1]
mt9v03x_image           0x2000'99f8  0x5820  Data  Gb  SEEKFREE_MT9V03X.o [1]
mt9v03x_vsync           0x8000'68e1    0x14  Code  Gb  SEEKFREE_MT9V03X.o [1]
pe                      0x2000'99dc     0x1  Data  Gb  PID.o [1]
pec                     0x2000'99dd     0x1  Data  Gb  PID.o [1]
pit_init                0x8000'e353    0x22  Code  Gb  zf_pit.o [1]
pit_interrupt           0x8000'e375    0x3e  Code  Gb  zf_pit.o [1]
pitinit                 0x8000'1a99    0x54  Code  Gb  AllInit.o [1]
pow                     0x8001'01a5     0x4  Code  Gb  pow64.o [3]
powl                    0x8001'01a5     0x4  Code  Gb  pow64.o [3]
pwm_duty                0x8000'eb11    0x94  Code  Gb  zf_pwm.o [1]
pwm_init                0x8000'e919   0x1f8  Code  Gb  zf_pwm.o [1]
pwm_iomuxc              0x8000'e411   0x508  Code  Gb  zf_pwm.o [1]
qspiflash_config        0x7000'0000   0x200  Data  Gb  evkmimxrt1064_flexspi_nor_config.o [1]
qtimer_iomuxc           0x8000'ebd9   0x628  Code  Gb  zf_qtimer.o [1]
qtimer_quad_clear       0x8000'f2a3    0x30  Code  Gb  zf_qtimer.o [1]
qtimer_quad_init        0x8000'f201    0xa2  Code  Gb  zf_qtimer.o [1]
s_EDMAHandle            0x2000'979c    0x80  Data  Lc  fsl_edma.o [1]
s_ENETHandle            0x2000'981c     0x8  Data  Lc  fsl_enet.o [1]
s_FlexioCameraDevice    0x2000'f21c    0x1c  Data  Lc  zf_camera.o [1]
s_LpuartAdapterBase     0x8000'13a0    0x24  Data  Lc  lpuart_adapter.o [1]
s_adcBases              0x8000'098c     0xc  Data  Lc  fsl_adc.o [1]
s_adcClocks             0x8000'0998     0x8  Data  Lc  fsl_adc.o [1]
s_cdcVcom               0x2000'f238    0x10  Data  Gb  zf_usb_cdc.o [1]
s_csiHandle             0x2000'9774     0x4  Data  Lc  fsl_csi.o [1]
s_csiIsr                0x2000'9778     0x4  Data  Lc  fsl_csi.o [1]
s_debugConsoleState     0x2000'977c    0x1c  Data  Lc  fsl_debug_console.o [1]
s_enetBases             0x8000'0b88     0xc  Data  Lc  fsl_enet.o [1]
s_enetErrIsr            0x2000'982c     0x4  Data  Lc  fsl_enet.o [1]
s_enetRxIsr             0x2000'9828     0x4  Data  Lc  fsl_enet.o [1]
s_enetTsIsr             0x2000'9830     0x4  Data  Lc  fsl_enet.o [1]
s_enetTxIsr             0x2000'9824     0x4  Data  Lc  fsl_enet.o [1]
s_flexcanHandle         0x2000'9834    0x10  Data  Lc  fsl_flexcan.o [1]
s_flexcanIsr            0x2000'9844     0x4  Data  Lc  fsl_flexcan.o [1]
s_flexioHandle          0x2000'9848     0x8  Data  Lc  fsl_flexio.o [1]
s_flexioIsr             0x2000'9858     0x8  Data  Lc  fsl_flexio.o [1]
s_flexioType            0x2000'9850     0x8  Data  Lc  fsl_flexio.o [1]
s_gpioBases             0x8000'0ccc    0x28  Data  Lc  fsl_gpio.o [1]
s_gpioClock             0x8000'0cf4     0xc  Data  Lc  fsl_gpio.o [1]
s_lpi2cMasterHandle     0x2000'9864    0x14  Data  Lc  fsl_lpi2c.o [1]
s_lpi2cMasterIsr        0x2000'9860     0x4  Data  Lc  fsl_lpi2c.o [1]
s_lpi2cSlaveHandle      0x2000'987c    0x14  Data  Lc  fsl_lpi2c.o [1]
s_lpi2cSlaveIsr         0x2000'9878     0x4  Data  Lc  fsl_lpi2c.o [1]
s_lpspiHandle           0x2000'9890    0x14  Data  Lc  fsl_lpspi.o [1]
s_lpspiMasterIsr        0x2000'98a4     0x4  Data  Lc  fsl_lpspi.o [1]
s_lpspiSlaveIsr         0x2000'98a8     0x4  Data  Lc  fsl_lpspi.o [1]
s_lpuartBases           0x8000'0eac    0x24  Data  Lc  fsl_lpuart.o [1]
s_lpuartClock           0x8000'0ed0    0x14  Data  Lc  fsl_lpuart.o [1]
s_lpuartHandle          0x2000'98ac    0x24  Data  Lc  fsl_lpuart.o [1]
s_lpuartIsr             0x2000'98d0     0x4  Data  Lc  fsl_lpuart.o [1]
s_pitBases              0x8000'0fa0     0x4  Data  Lc  fsl_pit.o [1]
s_pitClocks             0x8001'06c6     0x2  Data  Lc  fsl_pit.o [1]
s_pwmBases              0x8000'10e4    0x14  Data  Lc  fsl_pwm.o [1]
s_pwmClocks             0x8000'10f8    0x28  Data  Lc  fsl_pwm.o [1]
s_qtmrBases             0x8000'11e0    0x14  Data  Lc  fsl_qtmr.o [1]
s_qtmrClocks            0x8000'11f4     0xc  Data  Lc  fsl_qtmr.o [1]
s_saiHandle             0x2000'98d4    0x20  Data  Lc  fsl_sai.o [1]
s_saiRxIsr              0x2000'98f8     0x4  Data  Lc  fsl_sai.o [1]
s_saiTxIsr              0x2000'98f4     0x4  Data  Lc  fsl_sai.o [1]
s_sdInsertedFlag        0x2000'9930     0x1  Data  Lc  fsl_sdmmc_host.o [1]
s_spdifHandle           0x2000'9934     0x8  Data  Gb  fsl_spdif.o [1]
s_spdifRxIsr            0x2000'9940     0x4  Data  Lc  fsl_spdif.o [1]
s_spdifTxIsr            0x2000'993c     0x4  Data  Lc  fsl_spdif.o [1]
s_usdhcBase             0x8000'12bc     0xc  Data  Lc  fsl_usdhc.o [1]
s_usdhcHandle           0x2000'9944     0xc  Data  Lc  fsl_usdhc.o [1]
s_usdhcIsr              0x2000'9950     0x4  Data  Lc  fsl_usdhc.o [1]
scalbln                 0x8001'05c5          Code  Gb  ldexp.o [3]
scalblnl                0x8001'05c5          Code  Gb  ldexp.o [3]
scalbn                  0x8001'05c5          Code  Gb  ldexp.o [3]
scalbnl                 0x8001'05c5          Code  Gb  ldexp.o [3]
scc8660_image           0x2000'0150  0x9600  Data  Gb  SEEKFREE_SCC8660.o [1]
scc8660_vsync           0x8000'6911    0x14  Code  Gb  SEEKFREE_SCC8660.o [1]
sqrt                    0x8000'f999          Code  Gb  sqrt.o [3]
sqrtl                   0x8000'f999          Code  Gb  sqrt.o [3]
stop_flag               0x2000'99b5     0x1  Data  Gb  main.o [1]
strlen                  0x8000'fab1          Code  Gb  strlen.o [4]
uart_init               0x8000'f65b    0x6e  Code  Gb  zf_uart.o [1]
uart_iomuxc             0x8000'f30d   0x34e  Code  Gb  zf_uart.o [1]
uart_query              0x8000'f6c9    0x30  Code  Gb  zf_uart.o [1]
zanting_flag            0x2000'99b3     0x1  Data  Gb  main.o [1]


[1] = D:\AI_CODE\AI_PID\IAR\program\nor_sdram_zf_dtcm\Obj
[2] = dl7M_tlf.a
[3] = m7M_tlv.a
[4] = rt7M_tl.a
[5] = shb_l.a

   1 276 bytes of readonly  code memory
  61 496 bytes of readwrite code memory
  40 113 bytes of readonly  data memory
  71 486 bytes of readwrite data memory

Errors: none
Warnings: none
