###############################################################################
#
# IAR ELF Linker V8.32.3.193/W32 for ARM                  05/Dec/2020  05:09:45
# Copyright 2007-2019 IAR Systems AB.
#
#    Output file  =  
#        G:\NXP_Test\AI_CODE\AI_CODE\AI_PID\IAR\program\nor_sdram_zf_dtcm\Exe\RT106X.out
#    Map file     =  
#        G:\NXP_Test\AI_CODE\AI_CODE\AI_PID\IAR\program\nor_sdram_zf_dtcm\List\RT106X.map
#    Command line =  
#        -f C:\UserData\Appdata\Local\Temp\EWFA3C.tmp
#        (G:\NXP_Test\AI_CODE\AI_CODE\AI_PID\IAR\program\nor_sdram_zf_dtcm\Obj\AllInit.o
#        G:\NXP_Test\AI_CODE\AI_CODE\AI_PID\IAR\program\nor_sdram_zf_dtcm\Obj\Bluetooth.o
#        G:\NXP_Test\AI_CODE\AI_CODE\AI_PID\IAR\program\nor_sdram_zf_dtcm\Obj\board.o
#        G:\NXP_Test\AI_CODE\AI_CODE\AI_PID\IAR\program\nor_sdram_zf_dtcm\Obj\clock_config.o
#        G:\NXP_Test\AI_CODE\AI_CODE\AI_PID\IAR\program\nor_sdram_zf_dtcm\Obj\common.o
#        G:\NXP_Test\AI_CODE\AI_CODE\AI_PID\IAR\program\nor_sdram_zf_dtcm\Obj\diskio.o
#        G:\NXP_Test\AI_CODE\AI_CODE\AI_PID\IAR\program\nor_sdram_zf_dtcm\Obj\evkmimxrt1064_flexspi_nor_config.o
#        G:\NXP_Test\AI_CODE\AI_CODE\AI_PID\IAR\program\nor_sdram_zf_dtcm\Obj\evkmimxrt1064_sdram_ini_dcd.o
#        G:\NXP_Test\AI_CODE\AI_CODE\AI_PID\IAR\program\nor_sdram_zf_dtcm\Obj\ff.o
#        G:\NXP_Test\AI_CODE\AI_CODE\AI_PID\IAR\program\nor_sdram_zf_dtcm\Obj\ffsystem.o
#        G:\NXP_Test\AI_CODE\AI_CODE\AI_PID\IAR\program\nor_sdram_zf_dtcm\Obj\ffunicode.o
#        G:\NXP_Test\AI_CODE\AI_CODE\AI_PID\IAR\program\nor_sdram_zf_dtcm\Obj\fsl_adc.o
#        G:\NXP_Test\AI_CODE\AI_CODE\AI_PID\IAR\program\nor_sdram_zf_dtcm\Obj\fsl_adc_etc.o
#        G:\NXP_Test\AI_CODE\AI_CODE\AI_PID\IAR\program\nor_sdram_zf_dtcm\Obj\fsl_aipstz.o
#        G:\NXP_Test\AI_CODE\AI_CODE\AI_PID\IAR\program\nor_sdram_zf_dtcm\Obj\fsl_aoi.o
#        G:\NXP_Test\AI_CODE\AI_CODE\AI_PID\IAR\program\nor_sdram_zf_dtcm\Obj\fsl_assert.o
#        G:\NXP_Test\AI_CODE\AI_CODE\AI_PID\IAR\program\nor_sdram_zf_dtcm\Obj\fsl_bee.o
#        G:\NXP_Test\AI_CODE\AI_CODE\AI_PID\IAR\program\nor_sdram_zf_dtcm\Obj\fsl_cache.o
#        G:\NXP_Test\AI_CODE\AI_CODE\AI_PID\IAR\program\nor_sdram_zf_dtcm\Obj\fsl_clock.o
#        G:\NXP_Test\AI_CODE\AI_CODE\AI_PID\IAR\program\nor_sdram_zf_dtcm\Obj\fsl_cmp.o
#        G:\NXP_Test\AI_CODE\AI_CODE\AI_PID\IAR\program\nor_sdram_zf_dtcm\Obj\fsl_common.o
#        G:\NXP_Test\AI_CODE\AI_CODE\AI_PID\IAR\program\nor_sdram_zf_dtcm\Obj\fsl_csi.o
#        G:\NXP_Test\AI_CODE\AI_CODE\AI_PID\IAR\program\nor_sdram_zf_dtcm\Obj\fsl_dcdc.o
#        G:\NXP_Test\AI_CODE\AI_CODE\AI_PID\IAR\program\nor_sdram_zf_dtcm\Obj\fsl_dcp.o
#        G:\NXP_Test\AI_CODE\AI_CODE\AI_PID\IAR\program\nor_sdram_zf_dtcm\Obj\fsl_debug_console.o
#        G:\NXP_Test\AI_CODE\AI_CODE\AI_PID\IAR\program\nor_sdram_zf_dtcm\Obj\fsl_dmamux.o
#        G:\NXP_Test\AI_CODE\AI_CODE\AI_PID\IAR\program\nor_sdram_zf_dtcm\Obj\fsl_edma.o
#        G:\NXP_Test\AI_CODE\AI_CODE\AI_PID\IAR\program\nor_sdram_zf_dtcm\Obj\fsl_elcdif.o
#        G:\NXP_Test\AI_CODE\AI_CODE\AI_PID\IAR\program\nor_sdram_zf_dtcm\Obj\fsl_enc.o
#        G:\NXP_Test\AI_CODE\AI_CODE\AI_PID\IAR\program\nor_sdram_zf_dtcm\Obj\fsl_enet.o
#        G:\NXP_Test\AI_CODE\AI_CODE\AI_PID\IAR\program\nor_sdram_zf_dtcm\Obj\fsl_ewm.o
#        G:\NXP_Test\AI_CODE\AI_CODE\AI_PID\IAR\program\nor_sdram_zf_dtcm\Obj\fsl_flexcan.o
#        G:\NXP_Test\AI_CODE\AI_CODE\AI_PID\IAR\program\nor_sdram_zf_dtcm\Obj\fsl_flexio.o
#        G:\NXP_Test\AI_CODE\AI_CODE\AI_PID\IAR\program\nor_sdram_zf_dtcm\Obj\fsl_flexio_camera.o
#        G:\NXP_Test\AI_CODE\AI_CODE\AI_PID\IAR\program\nor_sdram_zf_dtcm\Obj\fsl_flexio_i2c_master.o
#        G:\NXP_Test\AI_CODE\AI_CODE\AI_PID\IAR\program\nor_sdram_zf_dtcm\Obj\fsl_flexio_i2s.o
#        G:\NXP_Test\AI_CODE\AI_CODE\AI_PID\IAR\program\nor_sdram_zf_dtcm\Obj\fsl_flexio_i2s_edma.o
#        G:\NXP_Test\AI_CODE\AI_CODE\AI_PID\IAR\program\nor_sdram_zf_dtcm\Obj\fsl_flexio_spi.o
#        G:\NXP_Test\AI_CODE\AI_CODE\AI_PID\IAR\program\nor_sdram_zf_dtcm\Obj\fsl_flexio_spi_edma.o
#        G:\NXP_Test\AI_CODE\AI_CODE\AI_PID\IAR\program\nor_sdram_zf_dtcm\Obj\fsl_flexio_uart.o
#        G:\NXP_Test\AI_CODE\AI_CODE\AI_PID\IAR\program\nor_sdram_zf_dtcm\Obj\fsl_flexio_uart_edma.o
#        G:\NXP_Test\AI_CODE\AI_CODE\AI_PID\IAR\program\nor_sdram_zf_dtcm\Obj\fsl_flexram.o
#        G:\NXP_Test\AI_CODE\AI_CODE\AI_PID\IAR\program\nor_sdram_zf_dtcm\Obj\fsl_flexspi.o
#        G:\NXP_Test\AI_CODE\AI_CODE\AI_PID\IAR\program\nor_sdram_zf_dtcm\Obj\fsl_flexspi_nor_boot.o
#        G:\NXP_Test\AI_CODE\AI_CODE\AI_PID\IAR\program\nor_sdram_zf_dtcm\Obj\fsl_gpc.o
#        G:\NXP_Test\AI_CODE\AI_CODE\AI_PID\IAR\program\nor_sdram_zf_dtcm\Obj\fsl_gpio.o
#        G:\NXP_Test\AI_CODE\AI_CODE\AI_PID\IAR\program\nor_sdram_zf_dtcm\Obj\fsl_gpt.o
#        G:\NXP_Test\AI_CODE\AI_CODE\AI_PID\IAR\program\nor_sdram_zf_dtcm\Obj\fsl_kpp.o
#        G:\NXP_Test\AI_CODE\AI_CODE\AI_PID\IAR\program\nor_sdram_zf_dtcm\Obj\fsl_lpi2c.o
#        G:\NXP_Test\AI_CODE\AI_CODE\AI_PID\IAR\program\nor_sdram_zf_dtcm\Obj\fsl_lpi2c_edma.o
#        G:\NXP_Test\AI_CODE\AI_CODE\AI_PID\IAR\program\nor_sdram_zf_dtcm\Obj\fsl_lpspi.o
#        G:\NXP_Test\AI_CODE\AI_CODE\AI_PID\IAR\program\nor_sdram_zf_dtcm\Obj\fsl_lpspi_edma.o
#        G:\NXP_Test\AI_CODE\AI_CODE\AI_PID\IAR\program\nor_sdram_zf_dtcm\Obj\fsl_lpuart.o
#        G:\NXP_Test\AI_CODE\AI_CODE\AI_PID\IAR\program\nor_sdram_zf_dtcm\Obj\fsl_lpuart_edma.o
#        G:\NXP_Test\AI_CODE\AI_CODE\AI_PID\IAR\program\nor_sdram_zf_dtcm\Obj\fsl_mmc.o
#        G:\NXP_Test\AI_CODE\AI_CODE\AI_PID\IAR\program\nor_sdram_zf_dtcm\Obj\fsl_notifier.o
#        G:\NXP_Test\AI_CODE\AI_CODE\AI_PID\IAR\program\nor_sdram_zf_dtcm\Obj\fsl_ocotp.o
#        G:\NXP_Test\AI_CODE\AI_CODE\AI_PID\IAR\program\nor_sdram_zf_dtcm\Obj\fsl_pit.o
#        G:\NXP_Test\AI_CODE\AI_CODE\AI_PID\IAR\program\nor_sdram_zf_dtcm\Obj\fsl_pmu.o
#        G:\NXP_Test\AI_CODE\AI_CODE\AI_PID\IAR\program\nor_sdram_zf_dtcm\Obj\fsl_pwm.o
#        G:\NXP_Test\AI_CODE\AI_CODE\AI_PID\IAR\program\nor_sdram_zf_dtcm\Obj\fsl_pxp.o
#        G:\NXP_Test\AI_CODE\AI_CODE\AI_PID\IAR\program\nor_sdram_zf_dtcm\Obj\fsl_qtmr.o
#        G:\NXP_Test\AI_CODE\AI_CODE\AI_PID\IAR\program\nor_sdram_zf_dtcm\Obj\fsl_rtwdog.o
#        G:\NXP_Test\AI_CODE\AI_CODE\AI_PID\IAR\program\nor_sdram_zf_dtcm\Obj\fsl_sai.o
#        G:\NXP_Test\AI_CODE\AI_CODE\AI_PID\IAR\program\nor_sdram_zf_dtcm\Obj\fsl_sai_edma.o
#        G:\NXP_Test\AI_CODE\AI_CODE\AI_PID\IAR\program\nor_sdram_zf_dtcm\Obj\fsl_sbrk.o
#        G:\NXP_Test\AI_CODE\AI_CODE\AI_PID\IAR\program\nor_sdram_zf_dtcm\Obj\fsl_sd.o
#        G:\NXP_Test\AI_CODE\AI_CODE\AI_PID\IAR\program\nor_sdram_zf_dtcm\Obj\fsl_sd_disk.o
#        G:\NXP_Test\AI_CODE\AI_CODE\AI_PID\IAR\program\nor_sdram_zf_dtcm\Obj\fsl_sdio.o
#        G:\NXP_Test\AI_CODE\AI_CODE\AI_PID\IAR\program\nor_sdram_zf_dtcm\Obj\fsl_sdmmc_common.o
#        G:\NXP_Test\AI_CODE\AI_CODE\AI_PID\IAR\program\nor_sdram_zf_dtcm\Obj\fsl_sdmmc_event.o
#        G:\NXP_Test\AI_CODE\AI_CODE\AI_PID\IAR\program\nor_sdram_zf_dtcm\Obj\fsl_sdmmc_host.o
#        G:\NXP_Test\AI_CODE\AI_CODE\AI_PID\IAR\program\nor_sdram_zf_dtcm\Obj\fsl_semc.o
#        G:\NXP_Test\AI_CODE\AI_CODE\AI_PID\IAR\program\nor_sdram_zf_dtcm\Obj\fsl_shell.o
#        G:\NXP_Test\AI_CODE\AI_CODE\AI_PID\IAR\program\nor_sdram_zf_dtcm\Obj\fsl_snvs_hp.o
#        G:\NXP_Test\AI_CODE\AI_CODE\AI_PID\IAR\program\nor_sdram_zf_dtcm\Obj\fsl_snvs_lp.o
#        G:\NXP_Test\AI_CODE\AI_CODE\AI_PID\IAR\program\nor_sdram_zf_dtcm\Obj\fsl_spdif.o
#        G:\NXP_Test\AI_CODE\AI_CODE\AI_PID\IAR\program\nor_sdram_zf_dtcm\Obj\fsl_spdif_edma.o
#        G:\NXP_Test\AI_CODE\AI_CODE\AI_PID\IAR\program\nor_sdram_zf_dtcm\Obj\fsl_src.o
#        G:\NXP_Test\AI_CODE\AI_CODE\AI_PID\IAR\program\nor_sdram_zf_dtcm\Obj\fsl_str.o
#        G:\NXP_Test\AI_CODE\AI_CODE\AI_PID\IAR\program\nor_sdram_zf_dtcm\Obj\fsl_tempmon.o
#        G:\NXP_Test\AI_CODE\AI_CODE\AI_PID\IAR\program\nor_sdram_zf_dtcm\Obj\fsl_trng.o
#        G:\NXP_Test\AI_CODE\AI_CODE\AI_PID\IAR\program\nor_sdram_zf_dtcm\Obj\fsl_tsc.o
#        G:\NXP_Test\AI_CODE\AI_CODE\AI_PID\IAR\program\nor_sdram_zf_dtcm\Obj\fsl_usdhc.o
#        G:\NXP_Test\AI_CODE\AI_CODE\AI_PID\IAR\program\nor_sdram_zf_dtcm\Obj\fsl_wdog.o
#        G:\NXP_Test\AI_CODE\AI_CODE\AI_PID\IAR\program\nor_sdram_zf_dtcm\Obj\fsl_xbara.o
#        G:\NXP_Test\AI_CODE\AI_CODE\AI_PID\IAR\program\nor_sdram_zf_dtcm\Obj\fsl_xbarb.o
#        G:\NXP_Test\AI_CODE\AI_CODE\AI_PID\IAR\program\nor_sdram_zf_dtcm\Obj\generic_list.o
#        G:\NXP_Test\AI_CODE\AI_CODE\AI_PID\IAR\program\nor_sdram_zf_dtcm\Obj\GetMessage.o
#        G:\NXP_Test\AI_CODE\AI_CODE\AI_PID\IAR\program\nor_sdram_zf_dtcm\Obj\isr.o
#        G:\NXP_Test\AI_CODE\AI_CODE\AI_PID\IAR\program\nor_sdram_zf_dtcm\Obj\lpuart_adapter.o
#        G:\NXP_Test\AI_CODE\AI_CODE\AI_PID\IAR\program\nor_sdram_zf_dtcm\Obj\main.o
#        G:\NXP_Test\AI_CODE\AI_CODE\AI_PID\IAR\program\nor_sdram_zf_dtcm\Obj\Motor.o
#        G:\NXP_Test\AI_CODE\AI_CODE\AI_PID\IAR\program\nor_sdram_zf_dtcm\Obj\oled.o
#        G:\NXP_Test\AI_CODE\AI_CODE\AI_PID\IAR\program\nor_sdram_zf_dtcm\Obj\OLED_debug.o
#        G:\NXP_Test\AI_CODE\AI_CODE\AI_PID\IAR\program\nor_sdram_zf_dtcm\Obj\PID.o
#        G:\NXP_Test\AI_CODE\AI_CODE\AI_PID\IAR\program\nor_sdram_zf_dtcm\Obj\pin_mux.o
#        G:\NXP_Test\AI_CODE\AI_CODE\AI_PID\IAR\program\nor_sdram_zf_dtcm\Obj\SEEKFREE_18TFT.o
#        G:\NXP_Test\AI_CODE\AI_CODE\AI_PID\IAR\program\nor_sdram_zf_dtcm\Obj\SEEKFREE_FONT.o
#        G:\NXP_Test\AI_CODE\AI_CODE\AI_PID\IAR\program\nor_sdram_zf_dtcm\Obj\SEEKFREE_FUN.o
#        G:\NXP_Test\AI_CODE\AI_CODE\AI_PID\IAR\program\nor_sdram_zf_dtcm\Obj\SEEKFREE_ICM20602.o
#        G:\NXP_Test\AI_CODE\AI_CODE\AI_PID\IAR\program\nor_sdram_zf_dtcm\Obj\SEEKFREE_IIC.o
#        G:\NXP_Test\AI_CODE\AI_CODE\AI_PID\IAR\program\nor_sdram_zf_dtcm\Obj\SEEKFREE_IPS114_SPI.o
#        G:\NXP_Test\AI_CODE\AI_CODE\AI_PID\IAR\program\nor_sdram_zf_dtcm\Obj\SEEKFREE_IPS200_PARALLEL8.o
#        G:\NXP_Test\AI_CODE\AI_CODE\AI_PID\IAR\program\nor_sdram_zf_dtcm\Obj\SEEKFREE_L3G4200D.o
#        G:\NXP_Test\AI_CODE\AI_CODE\AI_PID\IAR\program\nor_sdram_zf_dtcm\Obj\SEEKFREE_MMA8451.o
#        G:\NXP_Test\AI_CODE\AI_CODE\AI_PID\IAR\program\nor_sdram_zf_dtcm\Obj\SEEKFREE_MPU6050.o
#        G:\NXP_Test\AI_CODE\AI_CODE\AI_PID\IAR\program\nor_sdram_zf_dtcm\Obj\SEEKFREE_MT9V03X.o
#        G:\NXP_Test\AI_CODE\AI_CODE\AI_PID\IAR\program\nor_sdram_zf_dtcm\Obj\SEEKFREE_MT9V03X_CSI.o
#        G:\NXP_Test\AI_CODE\AI_CODE\AI_PID\IAR\program\nor_sdram_zf_dtcm\Obj\SEEKFREE_NRF24L01.o
#        G:\NXP_Test\AI_CODE\AI_CODE\AI_PID\IAR\program\nor_sdram_zf_dtcm\Obj\SEEKFREE_OLED.o
#        G:\NXP_Test\AI_CODE\AI_CODE\AI_PID\IAR\program\nor_sdram_zf_dtcm\Obj\SEEKFREE_PRINTF.o
#        G:\NXP_Test\AI_CODE\AI_CODE\AI_PID\IAR\program\nor_sdram_zf_dtcm\Obj\SEEKFREE_SCC8660.o
#        G:\NXP_Test\AI_CODE\AI_CODE\AI_PID\IAR\program\nor_sdram_zf_dtcm\Obj\SEEKFREE_SCC8660_CSI.o
#        G:\NXP_Test\AI_CODE\AI_CODE\AI_PID\IAR\program\nor_sdram_zf_dtcm\Obj\SEEKFREE_VIRSCO.o
#        G:\NXP_Test\AI_CODE\AI_CODE\AI_PID\IAR\program\nor_sdram_zf_dtcm\Obj\SEEKFREE_W25QXXJV.o
#        G:\NXP_Test\AI_CODE\AI_CODE\AI_PID\IAR\program\nor_sdram_zf_dtcm\Obj\SEEKFREE_WIRELESS.o
#        G:\NXP_Test\AI_CODE\AI_CODE\AI_PID\IAR\program\nor_sdram_zf_dtcm\Obj\Send.o
#        G:\NXP_Test\AI_CODE\AI_CODE\AI_PID\IAR\program\nor_sdram_zf_dtcm\Obj\serial_manager.o
#        G:\NXP_Test\AI_CODE\AI_CODE\AI_PID\IAR\program\nor_sdram_zf_dtcm\Obj\serial_port_uart.o
#        G:\NXP_Test\AI_CODE\AI_CODE\AI_PID\IAR\program\nor_sdram_zf_dtcm\Obj\startup_MIMXRT1064.o
#        G:\NXP_Test\AI_CODE\AI_CODE\AI_PID\IAR\program\nor_sdram_zf_dtcm\Obj\Steer.o
#        G:\NXP_Test\AI_CODE\AI_CODE\AI_PID\IAR\program\nor_sdram_zf_dtcm\Obj\system_MIMXRT1064.o
#        G:\NXP_Test\AI_CODE\AI_CODE\AI_PID\IAR\program\nor_sdram_zf_dtcm\Obj\test.o
#        G:\NXP_Test\AI_CODE\AI_CODE\AI_PID\IAR\program\nor_sdram_zf_dtcm\Obj\usb_device_cdc_acm.o
#        G:\NXP_Test\AI_CODE\AI_CODE\AI_PID\IAR\program\nor_sdram_zf_dtcm\Obj\usb_device_ch9.o
#        G:\NXP_Test\AI_CODE\AI_CODE\AI_PID\IAR\program\nor_sdram_zf_dtcm\Obj\usb_device_class.o
#        G:\NXP_Test\AI_CODE\AI_CODE\AI_PID\IAR\program\nor_sdram_zf_dtcm\Obj\usb_device_dci.o
#        G:\NXP_Test\AI_CODE\AI_CODE\AI_PID\IAR\program\nor_sdram_zf_dtcm\Obj\usb_device_descriptor.o
#        G:\NXP_Test\AI_CODE\AI_CODE\AI_PID\IAR\program\nor_sdram_zf_dtcm\Obj\usb_device_ehci.o
#        G:\NXP_Test\AI_CODE\AI_CODE\AI_PID\IAR\program\nor_sdram_zf_dtcm\Obj\usb_phy.o
#        G:\NXP_Test\AI_CODE\AI_CODE\AI_PID\IAR\program\nor_sdram_zf_dtcm\Obj\zf_adc.o
#        G:\NXP_Test\AI_CODE\AI_CODE\AI_PID\IAR\program\nor_sdram_zf_dtcm\Obj\zf_camera.o
#        G:\NXP_Test\AI_CODE\AI_CODE\AI_PID\IAR\program\nor_sdram_zf_dtcm\Obj\zf_csi.o
#        G:\NXP_Test\AI_CODE\AI_CODE\AI_PID\IAR\program\nor_sdram_zf_dtcm\Obj\zf_flash.o
#        G:\NXP_Test\AI_CODE\AI_CODE\AI_PID\IAR\program\nor_sdram_zf_dtcm\Obj\zf_gpio.o
#        G:\NXP_Test\AI_CODE\AI_CODE\AI_PID\IAR\program\nor_sdram_zf_dtcm\Obj\zf_iic.o
#        G:\NXP_Test\AI_CODE\AI_CODE\AI_PID\IAR\program\nor_sdram_zf_dtcm\Obj\zf_iomuxc.o
#        G:\NXP_Test\AI_CODE\AI_CODE\AI_PID\IAR\program\nor_sdram_zf_dtcm\Obj\zf_pit.o
#        G:\NXP_Test\AI_CODE\AI_CODE\AI_PID\IAR\program\nor_sdram_zf_dtcm\Obj\zf_pwm.o
#        G:\NXP_Test\AI_CODE\AI_CODE\AI_PID\IAR\program\nor_sdram_zf_dtcm\Obj\zf_qtimer.o
#        G:\NXP_Test\AI_CODE\AI_CODE\AI_PID\IAR\program\nor_sdram_zf_dtcm\Obj\zf_rom_api.o
#        G:\NXP_Test\AI_CODE\AI_CODE\AI_PID\IAR\program\nor_sdram_zf_dtcm\Obj\zf_sdcard.o
#        G:\NXP_Test\AI_CODE\AI_CODE\AI_PID\IAR\program\nor_sdram_zf_dtcm\Obj\zf_spi.o
#        G:\NXP_Test\AI_CODE\AI_CODE\AI_PID\IAR\program\nor_sdram_zf_dtcm\Obj\zf_systick.o
#        G:\NXP_Test\AI_CODE\AI_CODE\AI_PID\IAR\program\nor_sdram_zf_dtcm\Obj\zf_uart.o
#        G:\NXP_Test\AI_CODE\AI_CODE\AI_PID\IAR\program\nor_sdram_zf_dtcm\Obj\zf_usb_cdc.o
#        G:\NXP_Test\AI_CODE\AI_CODE\AI_PID\IAR\program\nor_sdram_zf_dtcm\Obj\zf_vector.o
#        --no_out_extension -o
#        G:\NXP_Test\AI_CODE\AI_CODE\AI_PID\IAR\program\nor_sdram_zf_dtcm\Exe\RT106X.out
#        --map
#        G:\NXP_Test\AI_CODE\AI_CODE\AI_PID\IAR\program\nor_sdram_zf_dtcm\List\RT106X.map
#        --config
#        G:\NXP_Test\AI_CODE\AI_CODE\AI_PID\IAR\program\..\..\IAR\icf\MIMXRT1064xxxxx_flexspi_nor.icf
#        --semihosting --entry __iar_program_start --vfe --text_out locale)
#
###############################################################################

*******************************************************************************
*** RUNTIME MODEL ATTRIBUTES
***

CppFlavor       = *
__Heap_Handler  = DLMalloc
__SystemLibrary = DLib
__dlib_version  = 6


*******************************************************************************
*** HEAP SELECTION
***

The advanced heap was selected because the application calls memory
allocation functions outside of system library functions, and there
are calls to deallocation functions in the application.


*******************************************************************************
*** PLACEMENT SUMMARY
***

"A0":  place at 0x7000'2000 { ro section .intvec };
"A2":  place at 0x7000'0000 { section .boot_hdr.conf };
"A3":  place at 0x7000'1000 { section .boot_hdr.ivt };
"A4":  place at 0x7000'1020 { ro section .boot_hdr.boot_data };
"A5":  place at 0x7000'1030 { ro section .boot_hdr.dcd_data };
"P1":  place in [from 0x7000'2000 to 0x7000'23ff] |
                [from 0x7000'2400 to 0x703f'ffff] { ro };
define block RW { first rw, section m_usb_dma_init_data };
"P2":  place in [from 0x8000'0000 to 0x8000'03ff] |
                [from 0x8000'0400 to 0x81df'ffff] { block RW };
define block SDRAM_VAR
   with alignment = 8 { section SDRAM_CACHE, section SDRAM_CACHE.init };
"P11": place in [from 0x8000'0000 to 0x8000'03ff] |
                [from 0x8000'0400 to 0x81df'ffff] { block SDRAM_VAR };
define block ZI
   with alignment = 32 { first zi, section m_usb_dma_noninit_data };
"P3":  place in [from 0x2000'0000 to 0x2006'efff] { block ZI };
"P4":  place in [from 0x2000'0000 to 0x2006'efff] { section .data };
"P5":  place in [from 0x2000'0000 to 0x2006'efff] { section .textrw };
define block DTCM_VAR
   with alignment = 8 { section NonCacheable, section NonCacheable.init };
"P9":  place in [from 0x2000'0000 to 0x2006'efff] { block DTCM_VAR };
define block CSTACK with size = 4K, alignment = 8 { };
"P7":  place in [from 0x2006'f000 to 0x2006'ffff] { block CSTACK };
define block OCRAM_VAR
   with alignment = 8 { section OCRAM_CACHE, section OCRAM_CACHE.init };
"P10": place in [from 0x2020'0000 to 0x2027'ffff] { block OCRAM_VAR };
initialize by copy { rw, section .textrw };
initialize by copy { ro }
   except {
      ro section .intvec, ro object system_MIMXRT1064.o,
      ro object startup_MIMXRT1064.o, section .boot_hdr.conf,
      section .boot_hdr.ivt, section .boot_hdr.boot_data,
      section .boot_hdr.dcd_data };
keep {
   section .boot_hdr.conf, section .boot_hdr.ivt, section .boot_hdr.boot_data,
   section .boot_hdr.dcd_data };

No sections matched the following patterns:

  section .intvec_RAM              in "A1"
  section .textrw                  in "P3-P5|P9"
  section ITCM_NonCacheable        in block ITCM_VAR
  section ITCM_NonCacheable.init   in block ITCM_VAR
  section NonCacheable.init        in block DTCM_VAR
  section OCRAM_CACHE.init         in block OCRAM_VAR
  section SDRAM_CACHE              in block SDRAM_VAR
  section SDRAM_CACHE.init         in block SDRAM_VAR
  section SDRAM_NonCacheable       in block SDRAM_NCACHE_VAR
  section SDRAM_NonCacheable.init  in block SDRAM_NCACHE_VAR
  section m_usb_dma_init_data      in block RW
  section m_usb_dma_noninit_data   in block ZI


  Section              Kind         Address     Size  Object
  -------              ----         -------     ----  ------
"P3-P5|P9", part 1 of 2:                        0xa2
  P3-P5|P9 s0                   0x2000'0000     0xa2  <Init block>
    .data              inited   0x2000'0000     0x28  zf_gpio.o [1]
    .data              inited   0x2000'0028     0x24  zf_uart.o [1]
    .data              inited   0x2000'004c     0x14  zf_pwm.o [1]
    .data              inited   0x2000'0060     0x14  zf_qtimer.o [1]
    .data              inited   0x2000'0074      0xc  zf_adc.o [1]
    .data              inited   0x2000'0080      0x8  GetMessage.o [1]
    .data              inited   0x2000'0088      0x4  PID.o [1]
    .data              inited   0x2000'008c      0x4  PID.o [1]
    .data              inited   0x2000'0090      0x4  system_MIMXRT1064.o [1]
    .data              inited   0x2000'0094      0x2  Motor.o [1]
    .data              inited   0x2000'0096      0x2  PID.o [1]
    .data              inited   0x2000'0098      0x2  Steer.o [1]
    .data              inited   0x2000'009a      0x2  Steer.o [1]
    .data              inited   0x2000'009c      0x2  Steer.o [1]
    .data              inited   0x2000'009e      0x2  Steer.o [1]
    .data              inited   0x2000'00a0      0x2  Steer.o [1]
                              - 0x2000'00a2     0xa2

"P3-P5|P9", part 2 of 2:                      0x5b24
  DTCM_VAR                      0x2000'00a8   0x5820  <Block>
    NonCacheable       zero     0x2000'00a8   0x5820  SEEKFREE_MT9V03X.o [1]
  ZI                            0x2000'58e0    0x2ec  <Block>
    .bss               zero     0x2000'58e0     0x48  Bluetooth.o [1]
    .bss               zero     0x2000'5928      0x8  Bluetooth.o [1]
    .bss               zero     0x2000'5930     0x10  Bluetooth.o [1]
    .bss               zero     0x2000'5940      0x1  Bluetooth.o [1]
    .bss               zero     0x2000'5941      0x1  common.o [1]
    .bss               zero     0x2000'5944      0x4  fsl_clock.o [1]
    .bss               zero     0x2000'5948      0x4  fsl_clock.o [1]
    .bss               zero     0x2000'594c      0x4  fsl_csi.o [1]
    .bss               zero     0x2000'5950      0x4  fsl_csi.o [1]
    .bss               zero     0x2000'5954     0x1c  fsl_debug_console.o [1]
    .bss               zero     0x2000'5970      0x4  fsl_debug_console.o [1]
    .bss               zero     0x2000'5974     0x80  fsl_edma.o [1]
    .bss               zero     0x2000'59f4      0xc  fsl_enet.o [1]
    .bss               zero     0x2000'5a00      0x4  fsl_enet.o [1]
    .bss               zero     0x2000'5a04      0x4  fsl_enet.o [1]
    .bss               zero     0x2000'5a08      0x4  fsl_enet.o [1]
    .bss               zero     0x2000'5a0c      0x4  fsl_enet.o [1]
    .bss               zero     0x2000'5a10     0x10  fsl_flexcan.o [1]
    .bss               zero     0x2000'5a20      0x4  fsl_flexcan.o [1]
    .bss               zero     0x2000'5a24      0x8  fsl_flexio.o [1]
    .bss               zero     0x2000'5a2c      0x8  fsl_flexio.o [1]
    .bss               zero     0x2000'5a34      0x8  fsl_flexio.o [1]
    .bss               zero     0x2000'5a3c      0x4  fsl_lpi2c.o [1]
    .bss               zero     0x2000'5a40     0x14  fsl_lpi2c.o [1]
    .bss               zero     0x2000'5a54      0x4  fsl_lpi2c.o [1]
    .bss               zero     0x2000'5a58     0x14  fsl_lpi2c.o [1]
    .bss               zero     0x2000'5a6c     0x14  fsl_lpspi.o [1]
    .bss               zero     0x2000'5a80      0x4  fsl_lpspi.o [1]
    .bss               zero     0x2000'5a84      0x4  fsl_lpspi.o [1]
    .bss               zero     0x2000'5a88     0x24  fsl_lpuart.o [1]
    .bss               zero     0x2000'5aac      0x4  fsl_lpuart.o [1]
    .bss               zero     0x2000'5ab0     0x20  fsl_sai.o [1]
    .bss               zero     0x2000'5ad0      0x4  fsl_sai.o [1]
    .bss               zero     0x2000'5ad4      0x4  fsl_sai.o [1]
    .bss               zero     0x2000'5ad8      0x4  fsl_sdmmc_event.o [1]
    .bss               zero     0x2000'5adc      0x4  fsl_sdmmc_event.o [1]
    .bss               zero     0x2000'5ae0      0x4  fsl_sdmmc_event.o [1]
    .bss               zero     0x2000'5ae4     0x28  fsl_sdmmc_host.o [1]
    .bss               zero     0x2000'5b0c      0x1  fsl_sdmmc_host.o [1]
    .bss               zero     0x2000'5b10      0x8  fsl_spdif.o [1]
    .bss               zero     0x2000'5b18      0x4  fsl_spdif.o [1]
    .bss               zero     0x2000'5b1c      0x4  fsl_spdif.o [1]
    .bss               zero     0x2000'5b20      0xc  fsl_usdhc.o [1]
    .bss               zero     0x2000'5b2c      0x4  fsl_usdhc.o [1]
    .bss               zero     0x2000'5b30     0x28  GetMessage.o [1]
    .bss               zero     0x2000'5b58      0x8  GetMessage.o [1]
    .bss               zero     0x2000'5b60      0x8  GetMessage.o [1]
    .bss               zero     0x2000'5b68     0x10  GetMessage.o [1]
    .bss               zero     0x2000'5b78      0x4  GetMessage.o [1]
    .bss               zero     0x2000'5b7c      0x4  GetMessage.o [1]
    .bss               zero     0x2000'5b80      0x4  GetMessage.o [1]
    .bss               zero     0x2000'5b84      0x4  GetMessage.o [1]
    .bss               zero     0x2000'5b88      0x4  GetMessage.o [1]
    .bss               zero     0x2000'5b8c      0x2  main.o [1]
    .bss               zero     0x2000'5b8e      0x1  main.o [1]
    .bss               zero     0x2000'5b8f      0x1  main.o [1]
    .bss               zero     0x2000'5b90      0x1  main.o [1]
    .bss               zero     0x2000'5b91      0x1  main.o [1]
    .bss               zero     0x2000'5b94      0x4  SEEKFREE_SCC8660.o [1]
    .bss               zero     0x2000'5b98      0x2  Steer.o [1]
    .bss               zero     0x2000'5b9a      0x1  Steer.o [1]
    .bss               zero     0x2000'5b9c     0x1c  zf_camera.o [1]
    .bss               zero     0x2000'5bb8      0x1  zf_systick.o [1]
    .bss               zero     0x2000'5bbc     0x10  zf_usb_cdc.o [1]
                              - 0x2000'5bcc   0x5b24

"P7":                                         0x1000
  CSTACK                        0x2006'f000   0x1000  <Block>
    CSTACK             uninit   0x2006'f000   0x1000  <Block tail>
                              - 0x2007'0000   0x1000

"P10":                                       0x12c00
  OCRAM_VAR                     0x2020'0000  0x12c00  <Block>
    OCRAM_CACHE        zero     0x2020'0000   0x9600  SEEKFREE_SCC8660.o [1]
    OCRAM_CACHE        zero     0x2020'9600   0x9600  SEEKFREE_SCC8660.o [1]
                              - 0x2021'2c00  0x12c00

"A2":                                          0x200
  .boot_hdr.conf       const    0x7000'0000    0x200  evkmimxrt1064_flexspi_nor_config.o [1]
                              - 0x7000'0200    0x200

"A3":                                           0x20
  .boot_hdr.ivt        const    0x7000'1000     0x20  fsl_flexspi_nor_boot.o [1]
                              - 0x7000'1020     0x20

"A4":                                           0x10
  .boot_hdr.boot_data  const    0x7000'1020     0x10  fsl_flexspi_nor_boot.o [1]
                              - 0x7000'1030     0x10

"A5":                                          0x430
  .boot_hdr.dcd_data   const    0x7000'1030    0x430  evkmimxrt1064_sdram_ini_dcd.o [1]
                              - 0x7000'1460    0x430

"A0":                                          0x440
  .intvec              const    0x7000'2000    0x400  zf_vector.o [1]
  .intvec              ro code  0x7000'2400     0x40  vector_table_M.o [4]
                              - 0x7000'2440    0x440

"P1":                                         0x9cdb
  .text                ro code  0x7000'2440    0x1f6  lz77_init.o [4]
  .text                ro code  0x7000'2636      0x6  abort.o [2]
  .text                ro code  0x7000'263c     0x14  exit.o [5]
  .text                ro code  0x7000'2650    0x18a  system_MIMXRT1064.o [1]
  .text                ro code  0x7000'27da     0x3a  zero_init3.o [4]
  .text                ro code  0x7000'2814     0x6c  startup_MIMXRT1064.o [1]
  .text                ro code  0x7000'2880     0x28  data_init.o [4]
  .text                ro code  0x7000'28a8     0x22  fpinit_M.o [3]
  .iar.init_table      const    0x7000'28cc     0x58  - Linker created -
  Veneer               ro code  0x7000'2924      0x8  - Linker created -
  Veneer               ro code  0x7000'292c      0x8  - Linker created -
  .text                ro code  0x7000'2934     0x1e  cmain.o [4]
  .text                ro code  0x7000'2952      0x4  low_level_init.o [2]
  .text                ro code  0x7000'2956      0xc  cstartup_M.o [4]
  .rodata              const    0x7000'2962      0x0  zero_init3.o [4]
  .rodata              const    0x7000'2962      0x0  lz77_init.o [4]
  Initializer bytes    const    0x7000'2962   0x9736  <for RW-1>
  Initializer bytes    const    0x7000'c098     0x83  <for P3-P5|P9 s0>
                              - 0x7000'c11b   0x9cdb

"P2|P11":                                    0x112ae
  RW                            0x8000'0400  0x112ae  <Block>
    RW-1                        0x8000'0400  0x112ae  <Init block>
      .rodata          inited   0x8000'0400    0x420  pow64.o [3]
      .rodata          inited   0x8000'0820     0x18  clock_config.o [1]
      .rodata          inited   0x8000'0838     0x48  clock_config.o [1]
      .rodata          inited   0x8000'0880     0x10  clock_config.o [1]
      .rodata          inited   0x8000'0890      0x8  clock_config.o [1]
      .rodata          inited   0x8000'0898     0x10  fsl_adc.o [1]
      .rodata          inited   0x8000'08a8     0x48  fsl_adc.o [1]
      .rodata          inited   0x8000'08f0     0x14  fsl_adc.o [1]
      .rodata          inited   0x8000'0904     0x48  fsl_adc.o [1]
      .rodata          inited   0x8000'094c     0x3c  fsl_adc.o [1]
      .rodata          inited   0x8000'0988     0x48  fsl_adc.o [1]
      .rodata          inited   0x8000'09d0      0xc  fsl_adc.o [1]
      .rodata          inited   0x8000'09dc      0xc  fsl_adc.o [1]
      .rodata          inited   0x8000'09e8      0x8  fsl_adc.o [1]
      .rodata          inited   0x8000'09f0     0x2c  fsl_assert.o [1]
      .rodata          inited   0x8000'0a1c     0x10  fsl_clock.o [1]
      .rodata          inited   0x8000'0a2c     0x48  fsl_clock.o [1]
      .rodata          inited   0x8000'0a74     0x10  fsl_clock.o [1]
      .rodata          inited   0x8000'0a84      0x8  fsl_debug_console.o [1]
      .rodata          inited   0x8000'0a8c     0x60  fsl_debug_console.o [1]
      .rodata          inited   0x8000'0aec      0xc  fsl_debug_console.o [1]
      .rodata          inited   0x8000'0af8     0x28  fsl_debug_console.o [1]
      .rodata          inited   0x8000'0b20     0x10  fsl_debug_console.o [1]
      .rodata          inited   0x8000'0b30     0x48  fsl_edma.o [1]
      .rodata          inited   0x8000'0b78     0x1c  fsl_edma.o [1]
      .rodata          inited   0x8000'0b94      0xc  fsl_edma.o [1]
      .rodata          inited   0x8000'0ba0     0x3c  fsl_enet.o [1]
      .rodata          inited   0x8000'0bdc     0x48  fsl_enet.o [1]
      .rodata          inited   0x8000'0c24      0xc  fsl_enet.o [1]
      .rodata          inited   0x8000'0c30     0x4c  fsl_flexcan.o [1]
      .rodata          inited   0x8000'0c7c     0x18  fsl_flexcan.o [1]
      .rodata          inited   0x8000'0c94     0x18  fsl_flexcan.o [1]
      .rodata          inited   0x8000'0cac     0x18  fsl_flexcan.o [1]
      .rodata          inited   0x8000'0cc4     0x10  fsl_gpio.o [1]
      .rodata          inited   0x8000'0cd4     0x48  fsl_gpio.o [1]
      .rodata          inited   0x8000'0d1c     0x3c  fsl_gpio.o [1]
      .rodata          inited   0x8000'0d58     0x48  fsl_gpio.o [1]
      .rodata          inited   0x8000'0da0      0xc  fsl_gpio.o [1]
      .rodata          inited   0x8000'0dac     0x28  fsl_gpio.o [1]
      .rodata          inited   0x8000'0dd4      0xc  fsl_gpio.o [1]
      .rodata          inited   0x8000'0de0     0x10  fsl_gpt.o [1]
      .rodata          inited   0x8000'0df0     0x48  fsl_gpt.o [1]
      .rodata          inited   0x8000'0e38     0x1c  fsl_gpt.o [1]
      .rodata          inited   0x8000'0e54     0x48  fsl_gpt.o [1]
      .rodata          inited   0x8000'0e9c     0x3c  fsl_gpt.o [1]
      .rodata          inited   0x8000'0ed8     0x48  fsl_gpt.o [1]
      .rodata          inited   0x8000'0f20     0x10  fsl_gpt.o [1]
      .rodata          inited   0x8000'0f30      0xc  fsl_gpt.o [1]
      .rodata          inited   0x8000'0f3c      0xc  fsl_gpt.o [1]
      .rodata          inited   0x8000'0f48      0x8  fsl_gpt.o [1]
      .rodata          inited   0x8000'0f50     0x48  fsl_lpspi.o [1]
      .rodata          inited   0x8000'0f98     0x14  fsl_lpspi.o [1]
      .rodata          inited   0x8000'0fac     0x14  fsl_lpspi.o [1]
      .rodata          inited   0x8000'0fc0     0x14  fsl_lpspi.o [1]
      .rodata          inited   0x8000'0fd4     0x14  fsl_lpspi.o [1]
      .rodata          inited   0x8000'0fe8     0x10  fsl_lpuart.o [1]
      .rodata          inited   0x8000'0ff8     0x48  fsl_lpuart.o [1]
      .rodata          inited   0x8000'1040     0x40  fsl_lpuart.o [1]
      .rodata          inited   0x8000'1080     0x48  fsl_lpuart.o [1]
      .rodata          inited   0x8000'10c8      0xc  fsl_lpuart.o [1]
      .rodata          inited   0x8000'10d4      0xc  fsl_lpuart.o [1]
      .rodata          inited   0x8000'10e0     0x1c  fsl_lpuart.o [1]
      .rodata          inited   0x8000'10fc     0x28  fsl_lpuart.o [1]
      .rodata          inited   0x8000'1124     0x28  fsl_lpuart.o [1]
      .rodata          inited   0x8000'114c     0x24  fsl_lpuart.o [1]
      .rodata          inited   0x8000'1170     0x14  fsl_lpuart.o [1]
      .rodata          inited   0x8000'1184     0x10  fsl_pit.o [1]
      .rodata          inited   0x8000'1194     0x48  fsl_pit.o [1]
      .rodata          inited   0x8000'11dc     0x3c  fsl_pit.o [1]
      .rodata          inited   0x8000'1218     0x48  fsl_pit.o [1]
      .rodata          inited   0x8000'1260      0xc  fsl_pit.o [1]
      .rodata          inited   0x8000'126c      0x4  fsl_pit.o [1]
      .rodata          inited   0x8000'1270     0x10  fsl_pwm.o [1]
      .rodata          inited   0x8000'1280     0x48  fsl_pwm.o [1]
      .rodata          inited   0x8000'12c8     0x3c  fsl_pwm.o [1]
      .rodata          inited   0x8000'1304     0x48  fsl_pwm.o [1]
      .rodata          inited   0x8000'134c      0x8  fsl_pwm.o [1]
      .rodata          inited   0x8000'1354      0xc  fsl_pwm.o [1]
      .rodata          inited   0x8000'1360      0xc  fsl_pwm.o [1]
      .rodata          inited   0x8000'136c      0xc  fsl_pwm.o [1]
      .rodata          inited   0x8000'1378      0xc  fsl_pwm.o [1]
      .rodata          inited   0x8000'1384     0x28  fsl_pwm.o [1]
      .rodata          inited   0x8000'13ac     0x1c  fsl_pwm.o [1]
      .rodata          inited   0x8000'13c8     0x1c  fsl_pwm.o [1]
      .rodata          inited   0x8000'13e4     0x14  fsl_pwm.o [1]
      .rodata          inited   0x8000'13f8     0x28  fsl_pwm.o [1]
      .rodata          inited   0x8000'1420     0x10  fsl_qtmr.o [1]
      .rodata          inited   0x8000'1430     0x48  fsl_qtmr.o [1]
      .rodata          inited   0x8000'1478     0x3c  fsl_qtmr.o [1]
      .rodata          inited   0x8000'14b4     0x48  fsl_qtmr.o [1]
      .rodata          inited   0x8000'14fc      0xc  fsl_qtmr.o [1]
      .rodata          inited   0x8000'1508     0x14  fsl_qtmr.o [1]
      .rodata          inited   0x8000'151c      0xc  fsl_qtmr.o [1]
      .rodata          inited   0x8000'1528     0x48  fsl_sai.o [1]
      .rodata          inited   0x8000'1570     0x18  fsl_sai.o [1]
      .rodata          inited   0x8000'1588     0x18  fsl_sai.o [1]
      .rodata          inited   0x8000'15a0      0xc  fsl_sdmmc_host.o [1]
      .rodata          inited   0x8000'15ac     0x64  fsl_sdmmc_host.o [1]
      .rodata          inited   0x8000'1610      0xc  fsl_usdhc.o [1]
      .rodata          inited   0x8000'161c      0x8  lpuart_adapter.o [1]
      .rodata          inited   0x8000'1624     0x58  lpuart_adapter.o [1]
      .rodata          inited   0x8000'167c      0x8  lpuart_adapter.o [1]
      .rodata          inited   0x8000'1684     0x4c  lpuart_adapter.o [1]
      .rodata          inited   0x8000'16d0     0x28  lpuart_adapter.o [1]
      .rodata          inited   0x8000'16f8      0x8  lpuart_adapter.o [1]
      .rodata          inited   0x8000'1700      0x8  lpuart_adapter.o [1]
      .rodata          inited   0x8000'1708     0x24  lpuart_adapter.o [1]
      .rodata          inited   0x8000'172c    0x228  oled.o [1]
      .rodata          inited   0x8000'1954     0x1c  OLED_debug.o [1]
      .rodata          inited   0x8000'1970      0xc  serial_manager.o [1]
      .rodata          inited   0x8000'197c     0x60  serial_manager.o [1]
      .rodata          inited   0x8000'19dc      0x8  serial_manager.o [1]
      .rodata          inited   0x8000'19e4      0x8  serial_manager.o [1]
      .rodata          inited   0x8000'19ec      0x8  serial_manager.o [1]
      .rodata          inited   0x8000'19f4      0xc  serial_manager.o [1]
      .rodata          inited   0x8000'1a00      0x8  serial_manager.o [1]
      .rodata          inited   0x8000'1a08     0x10  serial_manager.o [1]
      .rodata          inited   0x8000'1a18     0x10  serial_port_uart.o [1]
      .rodata          inited   0x8000'1a28     0x64  serial_port_uart.o [1]
      .rodata          inited   0x8000'1a8c     0x10  serial_port_uart.o [1]
      .rodata          inited   0x8000'1a9c      0x8  serial_port_uart.o [1]
      .rodata          inited   0x8000'1aa4      0x8  serial_port_uart.o [1]
      .rodata          inited   0x8000'1aac     0x14  zf_adc.o [1]
      .rodata          inited   0x8000'1ac0     0x64  zf_adc.o [1]
      .rodata          inited   0x8000'1b24     0x44  zf_adc.o [1]
      .rodata          inited   0x8000'1b68      0xc  zf_gpio.o [1]
      .rodata          inited   0x8000'1b74     0x64  zf_gpio.o [1]
      .rodata          inited   0x8000'1bd8     0x10  zf_iomuxc.o [1]
      .rodata          inited   0x8000'1be8     0x48  zf_iomuxc.o [1]
      .rodata          inited   0x8000'1c30     0x48  zf_iomuxc.o [1]
      .rodata          inited   0x8000'1c78      0xc  zf_pit.o [1]
      .rodata          inited   0x8000'1c84     0x64  zf_pit.o [1]
      .rodata          inited   0x8000'1ce8     0x44  zf_pwm.o [1]
      .rodata          inited   0x8000'1d2c     0x48  zf_qtimer.o [1]
      .rodata          inited   0x8000'1d74     0x1c  zf_systick.o [1]
      .rodata          inited   0x8000'1d90     0x64  zf_systick.o [1]
      .rodata          inited   0x8000'1df4     0x28  zf_systick.o [1]
      .rodata          inited   0x8000'1e1c     0x44  zf_uart.o [1]
      .text            inited   0x8000'1e60    0x1f0  AllInit.o [1]
      .text            inited   0x8000'2050    0x25c  Bluetooth.o [1]
      .text            inited   0x8000'22ac    0x314  board.o [1]
      .text            inited   0x8000'25c0    0x6f4  clock_config.o [1]
      .text            inited   0x8000'2cb4    0x2d0  fsl_adc.o [1]
      .text            inited   0x8000'2f84     0x1c  fsl_assert.o [1]
      .text            inited   0x8000'2fa0    0x7b4  fsl_clock.o [1]
      .text            inited   0x8000'3754     0x20  fsl_csi.o [1]
      .text            inited   0x8000'3774    0x1f8  fsl_debug_console.o [1]
      .text            inited   0x8000'396c    0x44c  fsl_edma.o [1]
      .text            inited   0x8000'3db8     0xe8  fsl_enet.o [1]
      .text            inited   0x8000'3ea0     0x98  fsl_flexcan.o [1]
      .text            inited   0x8000'3f38     0x64  fsl_flexio.o [1]
      .text            inited   0x8000'3f9c     0x3c  fsl_flexio_camera.o [1]
      .text            inited   0x8000'3fd8    0x212  fsl_gpio.o [1]
      .text            inited   0x8000'41ec    0x230  fsl_gpt.o [1]
      .text            inited   0x8000'441c     0x90  fsl_lpi2c.o [1]
      .text            inited   0x8000'44ac     0xf0  fsl_lpspi.o [1]
      .text            inited   0x8000'459c    0x4e0  fsl_lpuart.o [1]
      .text            inited   0x8000'4a7c    0x144  fsl_pit.o [1]
      .text            inited   0x8000'4bc0    0xaa0  fsl_pwm.o [1]
      .text            inited   0x8000'5660    0x1c4  fsl_qtmr.o [1]
      .text            inited   0x8000'5824    0x138  fsl_sai.o [1]
      .text            inited   0x8000'595c     0x50  fsl_sdmmc_event.o [1]
      .text            inited   0x8000'59ac     0xcc  fsl_sdmmc_host.o [1]
      .text            inited   0x8000'5a78     0x44  fsl_spdif.o [1]
      .text            inited   0x8000'5abc    0x964  fsl_str.o [1]
      .text            inited   0x8000'6420     0x30  fsl_usdhc.o [1]
      .text            inited   0x8000'6450    0x36c  GetMessage.o [1]
      .text            inited   0x8000'67bc    0x120  isr.o [1]
      .text            inited   0x8000'68dc    0x174  lpuart_adapter.o [1]
      .text            inited   0x8000'6a50    0x254  main.o [1]
      .text            inited   0x8000'6ca4    0x198  Motor.o [1]
      .text            inited   0x8000'6e3c    0x4c4  oled.o [1]
      .text            inited   0x8000'7300    0x158  OLED_debug.o [1]
      .text            inited   0x8000'7458     0x30  SEEKFREE_MT9V03X.o [1]
      .text            inited   0x8000'7488     0x54  SEEKFREE_SCC8660.o [1]
      .text            inited   0x8000'74dc    0x238  serial_manager.o [1]
      .text            inited   0x8000'7714     0xd4  serial_port_uart.o [1]
      .text            inited   0x8000'77e8     0xec  Steer.o [1]
      .text            inited   0x8000'78d4    0x17a  usb_device_dci.o [1]
      .text            inited   0x8000'7a50    0x5e0  usb_device_ehci.o [1]
      .text            inited   0x8000'8030    0x260  zf_adc.o [1]
      .text            inited   0x8000'8290     0x2c  zf_camera.o [1]
      .text            inited   0x8000'82bc    0x13c  zf_gpio.o [1]
      .text            inited   0x8000'83f8   0x6ab0  zf_iomuxc.o [1]
      .text            inited   0x8000'eea8    0x160  zf_pit.o [1]
      .text            inited   0x8000'f008    0x7ec  zf_pwm.o [1]
      .text            inited   0x8000'f7f4    0x700  zf_qtimer.o [1]
      .text            inited   0x8000'fef4    0x124  zf_systick.o [1]
      .text            inited   0x8001'0018    0x458  zf_uart.o [1]
      .text            inited   0x8001'0470     0x20  zf_usb_cdc.o [1]
      .text            inited   0x8001'0490    0x274  I64DivMod.o [4]
      .text            inited   0x8001'0704     0x1e  sqrt.o [3]
      .text            inited   0x8001'0724     0x66  ABImemset.o [4]
      .text            inited   0x8001'078c     0x86  ABImemcpy.o [4]
      .text            inited   0x8001'0814      0x6  ABImemclr4.o [4]
      .text            inited   0x8001'081c     0x36  strlen.o [4]
      .text            inited   0x8001'0854     0x5c  DblToS64.o [3]
      .text            inited   0x8001'08b0     0x52  S64ToDbl.o [3]
      .text            inited   0x8001'0904     0x9e  modf.o [3]
      .text            inited   0x8001'09a4    0x570  pow64.o [3]
      .text            inited   0x8001'0f14      0x2  I64DivZer.o [4]
      .text            inited   0x8001'0f18     0x32  ABImemset48.o [4]
      .text            inited   0x8001'0f4c    0x368  iar_Exp64.o [3]
      .text            inited   0x8001'12b4     0x7c  frexp.o [3]
      .text            inited   0x8001'1330     0xf0  ldexp.o [3]
      Veneer           inited   0x8001'1420      0x8  - Linker created -
      .text            inited   0x8001'1428      0xa  cexit.o [4]
      .rodata          inited   0x8001'1432      0x2  fsl_pit.o [1]
      .text            inited   0x8001'1434     0x10  common.o [1]
      .text            inited   0x8001'1444      0x8  zf_vector.o [1]
      .text            inited   0x8001'144c      0x8  zf_vector.o [1]
      .text            inited   0x8001'1454      0x8  zf_vector.o [1]
      .text            inited   0x8001'145c      0x8  zf_vector.o [1]
      .text            inited   0x8001'1464      0x8  zf_vector.o [1]
      .text            inited   0x8001'146c      0x8  zf_vector.o [1]
      .text            inited   0x8001'1474      0x8  zf_vector.o [1]
      .text            inited   0x8001'147c      0x8  zf_vector.o [1]
      .text            inited   0x8001'1484      0x8  zf_vector.o [1]
      .text            inited   0x8001'148c      0x8  zf_vector.o [1]
      .text            inited   0x8001'1494      0x8  zf_vector.o [1]
      .text            inited   0x8001'149c      0x8  zf_vector.o [1]
      .text            inited   0x8001'14a4      0x8  zf_vector.o [1]
      .text            inited   0x8001'14ac      0x8  zf_vector.o [1]
      .text            inited   0x8001'14b4      0x8  zf_vector.o [1]
      .text            inited   0x8001'14bc      0x8  zf_vector.o [1]
      .text            inited   0x8001'14c4      0x8  zf_vector.o [1]
      .text            inited   0x8001'14cc      0x2  zf_vector.o [1]
      .text            inited   0x8001'14ce      0x2  zf_vector.o [1]
      .text            inited   0x8001'14d0      0x2  zf_vector.o [1]
      .text            inited   0x8001'14d2      0x8  zf_vector.o [1]
      .text            inited   0x8001'14da      0x8  zf_vector.o [1]
      .text            inited   0x8001'14e2      0x8  zf_vector.o [1]
      .text            inited   0x8001'14ea      0x8  zf_vector.o [1]
      .text            inited   0x8001'14f2      0x8  zf_vector.o [1]
      .text            inited   0x8001'14fa      0x8  zf_vector.o [1]
      .text            inited   0x8001'1502      0x8  zf_vector.o [1]
      .text            inited   0x8001'150a      0x8  zf_vector.o [1]
      .text            inited   0x8001'1512      0x8  zf_vector.o [1]
      .text            inited   0x8001'151a      0x8  zf_vector.o [1]
      .text            inited   0x8001'1522      0x8  zf_vector.o [1]
      .text            inited   0x8001'152a      0x8  zf_vector.o [1]
      .text            inited   0x8001'1532      0x8  zf_vector.o [1]
      .text            inited   0x8001'153a      0x8  zf_vector.o [1]
      .text            inited   0x8001'1542      0x8  zf_vector.o [1]
      .text            inited   0x8001'154a      0x8  zf_vector.o [1]
      .text            inited   0x8001'1552      0x8  zf_vector.o [1]
      .text            inited   0x8001'155a      0x8  zf_vector.o [1]
      .text            inited   0x8001'1562      0x2  zf_vector.o [1]
      .text            inited   0x8001'1564      0x2  zf_vector.o [1]
      .text            inited   0x8001'1566      0x2  zf_vector.o [1]
      .text            inited   0x8001'1568      0x2  zf_vector.o [1]
      .text            inited   0x8001'156a      0x2  zf_vector.o [1]
      .text            inited   0x8001'156c      0x2  zf_vector.o [1]
      .text            inited   0x8001'156e      0x2  zf_vector.o [1]
      .text            inited   0x8001'1570      0x2  zf_vector.o [1]
      .text            inited   0x8001'1572      0x2  zf_vector.o [1]
      .text            inited   0x8001'1574      0x2  zf_vector.o [1]
      .text            inited   0x8001'1576      0x2  zf_vector.o [1]
      .text            inited   0x8001'1578      0x2  zf_vector.o [1]
      .text            inited   0x8001'157a      0x2  zf_vector.o [1]
      .text            inited   0x8001'157c      0x2  zf_vector.o [1]
      .text            inited   0x8001'157e      0x2  zf_vector.o [1]
      .text            inited   0x8001'1580      0x2  zf_vector.o [1]
      .text            inited   0x8001'1582      0x2  zf_vector.o [1]
      .text            inited   0x8001'1584      0x8  zf_vector.o [1]
      .text            inited   0x8001'158c      0x8  zf_vector.o [1]
      .text            inited   0x8001'1594      0x8  zf_vector.o [1]
      .text            inited   0x8001'159c      0x8  zf_vector.o [1]
      .text            inited   0x8001'15a4      0x8  zf_vector.o [1]
      .text            inited   0x8001'15ac      0x2  zf_vector.o [1]
      .text            inited   0x8001'15ae      0x2  zf_vector.o [1]
      .text            inited   0x8001'15b0      0x2  zf_vector.o [1]
      .text            inited   0x8001'15b2      0x2  zf_vector.o [1]
      .text            inited   0x8001'15b4      0x2  zf_vector.o [1]
      .text            inited   0x8001'15b6      0x2  zf_vector.o [1]
      .text            inited   0x8001'15b8      0x2  zf_vector.o [1]
      .text            inited   0x8001'15ba      0x2  zf_vector.o [1]
      .text            inited   0x8001'15bc      0x2  zf_vector.o [1]
      .text            inited   0x8001'15be      0x2  zf_vector.o [1]
      .text            inited   0x8001'15c0      0x2  zf_vector.o [1]
      .text            inited   0x8001'15c2      0x2  zf_vector.o [1]
      .text            inited   0x8001'15c4      0x2  zf_vector.o [1]
      .text            inited   0x8001'15c6      0x2  zf_vector.o [1]
      .text            inited   0x8001'15c8      0x2  zf_vector.o [1]
      .text            inited   0x8001'15ca      0x2  zf_vector.o [1]
      .text            inited   0x8001'15cc      0x2  zf_vector.o [1]
      .text            inited   0x8001'15ce      0x2  zf_vector.o [1]
      .text            inited   0x8001'15d0      0x2  zf_vector.o [1]
      .text            inited   0x8001'15d2      0x2  zf_vector.o [1]
      .text            inited   0x8001'15d4      0x2  zf_vector.o [1]
      .text            inited   0x8001'15d6      0x2  zf_vector.o [1]
      .text            inited   0x8001'15d8      0x2  zf_vector.o [1]
      .text            inited   0x8001'15da      0x2  zf_vector.o [1]
      .text            inited   0x8001'15dc      0x2  zf_vector.o [1]
      .text            inited   0x8001'15de      0x2  zf_vector.o [1]
      .text            inited   0x8001'15e0      0x8  zf_vector.o [1]
      .text            inited   0x8001'15e8      0x8  zf_vector.o [1]
      .text            inited   0x8001'15f0      0x2  zf_vector.o [1]
      .text            inited   0x8001'15f2      0x2  zf_vector.o [1]
      .text            inited   0x8001'15f4      0x2  zf_vector.o [1]
      .text            inited   0x8001'15f6      0x2  zf_vector.o [1]
      .text            inited   0x8001'15f8      0x2  zf_vector.o [1]
      .text            inited   0x8001'15fa      0x2  zf_vector.o [1]
      .text            inited   0x8001'15fc      0x2  zf_vector.o [1]
      .text            inited   0x8001'15fe      0x2  zf_vector.o [1]
      .text            inited   0x8001'1600      0x2  zf_vector.o [1]
      .text            inited   0x8001'1602      0x2  zf_vector.o [1]
      .text            inited   0x8001'1604      0x2  zf_vector.o [1]
      .text            inited   0x8001'1606      0x2  zf_vector.o [1]
      .text            inited   0x8001'1608      0x2  zf_vector.o [1]
      .text            inited   0x8001'160a      0x2  zf_vector.o [1]
      .text            inited   0x8001'160c      0x2  zf_vector.o [1]
      .text            inited   0x8001'160e      0x8  zf_vector.o [1]
      .text            inited   0x8001'1616      0x8  zf_vector.o [1]
      .text            inited   0x8001'161e      0x2  zf_vector.o [1]
      .text            inited   0x8001'1620      0x8  zf_vector.o [1]
      .text            inited   0x8001'1628      0x8  zf_vector.o [1]
      .text            inited   0x8001'1630      0x8  zf_vector.o [1]
      .text            inited   0x8001'1638      0x2  zf_vector.o [1]
      .text            inited   0x8001'163a      0x2  zf_vector.o [1]
      .text            inited   0x8001'163c      0x2  zf_vector.o [1]
      .text            inited   0x8001'163e      0x2  zf_vector.o [1]
      .text            inited   0x8001'1640      0x2  zf_vector.o [1]
      .text            inited   0x8001'1642      0x2  zf_vector.o [1]
      .text            inited   0x8001'1644      0x2  zf_vector.o [1]
      .text            inited   0x8001'1646      0x2  zf_vector.o [1]
      .text            inited   0x8001'1648      0x2  zf_vector.o [1]
      .text            inited   0x8001'164a      0x2  zf_vector.o [1]
      .text            inited   0x8001'164c      0x2  zf_vector.o [1]
      .text            inited   0x8001'164e      0x2  zf_vector.o [1]
      .text            inited   0x8001'1650      0x2  zf_vector.o [1]
      .text            inited   0x8001'1652      0x2  zf_vector.o [1]
      .text            inited   0x8001'1654      0x2  zf_vector.o [1]
      .text            inited   0x8001'1656      0x2  zf_vector.o [1]
      .text            inited   0x8001'1658      0x2  zf_vector.o [1]
      .text            inited   0x8001'165a      0x2  zf_vector.o [1]
      .text            inited   0x8001'165c      0x2  zf_vector.o [1]
      .text            inited   0x8001'165e      0x2  zf_vector.o [1]
      .text            inited   0x8001'1660      0x2  zf_vector.o [1]
      .text            inited   0x8001'1662      0x2  zf_vector.o [1]
      .text            inited   0x8001'1664      0x2  zf_vector.o [1]
      .text            inited   0x8001'1666      0x2  zf_vector.o [1]
      .text            inited   0x8001'1668      0x2  zf_vector.o [1]
      .text            inited   0x8001'166a      0x2  zf_vector.o [1]
      .text            inited   0x8001'166c      0x2  zf_vector.o [1]
      .text            inited   0x8001'166e      0x2  zf_vector.o [1]
      .text            inited   0x8001'1670      0x2  zf_vector.o [1]
      .text            inited   0x8001'1672      0x2  zf_vector.o [1]
      .text            inited   0x8001'1674      0x2  zf_vector.o [1]
      .text            inited   0x8001'1676      0x2  zf_vector.o [1]
      .text            inited   0x8001'1678      0x2  zf_vector.o [1]
      .text            inited   0x8001'167a      0x2  zf_vector.o [1]
      .text            inited   0x8001'167c      0x2  zf_vector.o [1]
      .text            inited   0x8001'167e      0x8  zf_vector.o [1]
      .text            inited   0x8001'1686      0x8  zf_vector.o [1]
      .text            inited   0x8001'168e      0x8  zf_vector.o [1]
      .text            inited   0x8001'1696      0x2  zf_vector.o [1]
      .text            inited   0x8001'1698      0x8  zf_vector.o [1]
      .text            inited   0x8001'16a0      0x2  zf_vector.o [1]
      .text            inited   0x8001'16a2      0x2  zf_vector.o [1]
      .text            inited   0x8001'16a4      0x2  zf_vector.o [1]
      .text            inited   0x8001'16a6      0x2  zf_vector.o [1]
      .text            inited   0x8001'16a8      0x2  zf_vector.o [1]
      .text            inited   0x8001'16aa      0x4  exit.o [2]
                              - 0x8001'16ae  0x112ae

Unused ranges:

         From           To        Size
         ----           --        ----
  0x2000'00a2  0x2000'00a7         0x6
  0x2000'5bcc  0x2006'efff    0x6'9434
  0x2021'2c00  0x2027'ffff    0x6'd400
  0x7000'c11b  0x703f'ffff   0x3f'3ee5
  0x8000'0000  0x8000'03ff       0x400
  0x8001'16ae  0x81df'ffff  0x1de'e952


*******************************************************************************
*** INIT TABLE
***

          Address      Size
          -------      ----
Zero (__iar_zero_init3)
    3 destination ranges, total size 0x1870c:
          0x2000'00a8   0x5820
          0x2000'58e0    0x2ec
          0x2020'0000  0x12c00

Copy/lz77 (__iar_lz77_init3)
    1 source range, total size 0x9736 (55% of destination):
          0x7000'2962   0x9736
    1 destination range, total size 0x112ae:
          0x8000'0400  0x112ae

Copy/lz77 (__iar_lz77_init3)
    1 source range, total size 0x83 (80% of destination):
          0x7000'c098     0x83
    1 destination range, total size 0xa2:
          0x2000'0000     0xa2



*******************************************************************************
*** MODULE SUMMARY
***

    Module                              ro code  rw code  ro data  rw data
    ------                              -------  -------  -------  -------
command line/config:
    ----------------------------------------------------------------------
    Total:

G:\NXP_Test\AI_CODE\AI_CODE\AI_PID\IAR\program\nor_sdram_zf_dtcm\Obj: [1]
    AllInit.o                                        496      274
    Bluetooth.o                                      604      332       97
    GetMessage.o                                     876      488      100
    Motor.o                                          408      227        2
    OLED_debug.o                                     344      206       28
    PID.o                                                       8       10
    SEEKFREE_MT9V03X.o                                48       26   22 560
    SEEKFREE_SCC8660.o                                84       47   76 804
    Steer.o                                          236      139       13
    board.o                                          788      434
    clock_config.o                                 1 780    1 046      120
    common.o                                          16        9        1
    evkmimxrt1064_flexspi_nor_config.o                        512
    evkmimxrt1064_sdram_ini_dcd.o                           1 072
    fsl_adc.o                                        720      585      344
    fsl_assert.o                                      28       39       44
    fsl_clock.o                                    1 972    1 144      112
    fsl_csi.o                                         32       18        8
    fsl_debug_console.o                              504      371      204
    fsl_edma.o                                     1 100      668      240
    fsl_enet.o                                       232      206      172
    fsl_flexcan.o                                    152      166      168
    fsl_flexio.o                                     100       55       24
    fsl_flexio_camera.o                               60       33
    fsl_flexspi_nor_boot.o                                     48
    fsl_gpio.o                                       530      448      284
    fsl_gpt.o                                        560      512      368
    fsl_lpi2c.o                                      144       80       48
    fsl_lpspi.o                                      240      215      180
    fsl_lpuart.o                                   1 248      914      452
    fsl_pit.o                                        324      309      238
    fsl_pwm.o                                      2 720    1 735      432
    fsl_qtmr.o                                       452      394      264
    fsl_sai.o                                        312      238      160
    fsl_sdmmc_event.o                                 80       44       12
    fsl_sdmmc_host.o                                 204      174      153
    fsl_spdif.o                                       68       38       16
    fsl_str.o                                      2 404    1 323
    fsl_usdhc.o                                       48       34       28
    isr.o                                            288      158
    lpuart_adapter.o                                 372      354      272
    main.o                                           596      328        6
    oled.o                                         1 220      975      552
    serial_manager.o                                 568      404      168
    serial_port_uart.o                               212      199      148
    startup_MIMXRT1064.o                    108
    system_MIMXRT1064.o                     394                 3        4
    usb_device_dci.o                                 378      208
    usb_device_ehci.o                              1 504      829
    zf_adc.o                                         608      448      200
    zf_camera.o                                       44       24       28
    zf_gpio.o                                        316      268      152
    zf_iomuxc.o                                   27 312   15 123      160
    zf_pit.o                                         352      255      112
    zf_pwm.o                                       2 028    1 170       88
    zf_qtimer.o                                    1 792    1 043       92
    zf_systick.o                                     292      253      169
    zf_uart.o                                      1 112      678      104
    zf_usb_cdc.o                                      32       17       16
    zf_vector.o                                      614    1 362
    ----------------------------------------------------------------------
    Total:                                  502   59 554   38 710  105 957

dl7M_tlf.a: [2]
    abort.o                                   6
    exit.o                                             4        3
    low_level_init.o                          4
    ----------------------------------------------------------------------
    Total:                                   10        4        3

m7M_tlv.a: [3]
    DblToS64.o                                        92       52
    S64ToDbl.o                                        82       45
    fpinit_M.o                               34
    frexp.o                                          124       68
    iar_Exp64.o                                      872      481
    ldexp.o                                          240      132
    modf.o                                           158       88
    pow64.o                                        1 392    1 348    1 056
    sqrt.o                                            30       17
    ----------------------------------------------------------------------
    Total:                                   34    2 990    2 231    1 056

rt7M_tl.a: [4]
    ABImemclr4.o                                       6        4
    ABImemcpy.o                                      134       75
    ABImemset.o                                      102       57
    ABImemset48.o                                     50       29
    I64DivMod.o                                      628      346
    I64DivZer.o                                        2        1
    cexit.o                                           10        5
    cmain.o                                  30
    cstartup_M.o                             12
    data_init.o                              40
    lz77_init.o                             502
    strlen.o                                          54       31
    vector_table_M.o                         64
    zero_init3.o                             58
    ----------------------------------------------------------------------
    Total:                                  706      986      548

shb_l.a: [5]
    exit.o                                   20
    ----------------------------------------------------------------------
    Total:                                   20

    Gaps                                              22        2       11
    Linker created                           16        8       93    4 096
--------------------------------------------------------------------------
    Grand Total:                          1 288   63 564   41 587  111 120


*******************************************************************************
*** ENTRY LIST
***

Entry                       Address    Size  Type      Object
-----                       -------    ----  ----      ------
.iar.init_table$$Base   0x7000'28cc           --   Gb  - Linker created -
.iar.init_table$$Limit  0x7000'2924           --   Gb  - Linker created -
?main                   0x7000'2935          Code  Gb  cmain.o [4]
ADCAverage              0x2000'5b60     0x8  Data  Gb  GetMessage.o [1]
ADCMaxing               0x2000'0080     0x8  Data  Gb  GetMessage.o [1]
ADCMessage              0x2000'5b30    0x28  Data  Gb  GetMessage.o [1]
ADCN                    0x2000'0074     0xc  Data  Gb  zf_adc.o [1]
ADCNormal               0x2000'5b68    0x10  Data  Gb  GetMessage.o [1]
ADCSum                  0x2000'5b58     0x8  Data  Gb  GetMessage.o [1]
ADC_Average             0x8000'655d    0x72  Code  Gb  GetMessage.o [1]
ADC_DoAutoCalibration   0x8000'2ee7    0x74  Code  Gb  fsl_adc.o [1]
ADC_EnableHardwareTrigger
                        0x8000'2d55    0x1c  Code  Lc  fsl_adc.o [1]
ADC_GetChannelConversionValue
                        0x8000'2d0d    0x22  Code  Lc  fsl_adc.o [1]
ADC_GetChannelConversionValue
                        0x8000'8031    0x22  Code  Lc  zf_adc.o [1]
ADC_GetChannelStatusFlags
                        0x8000'2d2f    0x26  Code  Lc  fsl_adc.o [1]
ADC_GetChannelStatusFlags
                        0x8000'8053    0x26  Code  Lc  zf_adc.o [1]
ADC_GetDefaultConfig    0x8000'2e51    0x54  Code  Gb  fsl_adc.o [1]
ADC_GetInstance         0x8000'2d75    0x2e  Code  Lc  fsl_adc.o [1]
ADC_GetStatusFlags      0x8000'2d71     0x4  Code  Lc  fsl_adc.o [1]
ADC_Init                0x8000'2da3    0xae  Code  Gb  fsl_adc.o [1]
ADC_Processing          0x8000'6765    0x18  Code  Gb  GetMessage.o [1]
ADC_SetChannelConfig    0x8000'2ea5    0x42  Code  Gb  fsl_adc.o [1]
ADC_Sort                0x8000'64ad    0xb0  Code  Gb  GetMessage.o [1]
ADSum                   0x2000'5930    0x10  Data  Gb  Bluetooth.o [1]
AD_Convert              0x8000'2051    0x92  Code  Gb  Bluetooth.o [1]
AD_average              0x8000'2193    0x70  Code  Gb  Bluetooth.o [1]
AD_sort                 0x8000'20e3    0xb0  Code  Gb  Bluetooth.o [1]
ARM_MPU_Disable         0x8000'22ef    0x1a  Code  Lc  board.o [1]
ARM_MPU_Enable          0x8000'22cf    0x20  Code  Lc  board.o [1]
All_Init                0x8000'1e8d   0x14c  Code  Gb  AllInit.o [1]
BOARD_BootClockRUN      0x8000'2741   0x448  Code  Gb  clock_config.o [1]
BOARD_ConfigMPU         0x8000'23c1   0x154  Code  Gb  board.o [1]
BOARD_DebugConsoleSrcFreq
                        0x8000'236f    0x3a  Code  Gb  board.o [1]
BOARD_InitDebugConsole  0x8000'23a9    0x18  Code  Gb  board.o [1]
Bluetooth_send          0x8000'2249    0x44  Code  Gb  Bluetooth.o [1]
BusFault_Handler        0x8001'143b     0x2  Code  Gb  common.o [1]
CAN1_DriverIRQHandler   0x8000'3ea1    0x26  Code  Gb  fsl_flexcan.o [1]
CAN2_DriverIRQHandler   0x8000'3ec7    0x26  Code  Gb  fsl_flexcan.o [1]
CAN3_DriverIRQHandler   0x8000'3eed    0x26  Code  Gb  fsl_flexcan.o [1]
CLOCK_ControlGate       0x8000'26ad    0x48  Code  Lc  clock_config.o [1]
CLOCK_ControlGate       0x8000'2cb5    0x48  Code  Lc  fsl_adc.o [1]
CLOCK_ControlGate       0x8000'3fd9    0x42  Code  Lc  fsl_gpio.o [1]
CLOCK_ControlGate       0x8000'41ed    0x42  Code  Lc  fsl_gpt.o [1]
CLOCK_ControlGate       0x8000'459d    0x48  Code  Lc  fsl_lpuart.o [1]
CLOCK_ControlGate       0x8000'4a7d    0x42  Code  Lc  fsl_pit.o [1]
CLOCK_ControlGate       0x8000'4bc1    0x48  Code  Lc  fsl_pwm.o [1]
CLOCK_ControlGate       0x8000'5661    0x42  Code  Lc  fsl_qtmr.o [1]
CLOCK_ControlGate       0x8000'83f9    0x42  Code  Lc  zf_iomuxc.o [1]
CLOCK_DeinitAudioPll    0x8000'330d     0xc  Code  Gb  fsl_clock.o [1]
CLOCK_DeinitEnetPll     0x8000'3325     0xc  Code  Gb  fsl_clock.o [1]
CLOCK_DeinitUsb2Pll     0x8000'3303     0xa  Code  Gb  fsl_clock.o [1]
CLOCK_DeinitVideoPll    0x8000'3319     0xc  Code  Gb  fsl_clock.o [1]
CLOCK_DisableClock      0x8000'26f5    0x10  Code  Lc  clock_config.o [1]
CLOCK_DisableClock      0x8000'423f    0x10  Code  Lc  fsl_gpt.o [1]
CLOCK_DisableClock      0x8000'45f5    0x10  Code  Lc  fsl_lpuart.o [1]
CLOCK_DisableClock      0x8000'4acf    0x10  Code  Lc  fsl_pit.o [1]
CLOCK_DisableClock      0x8000'4c19    0x10  Code  Lc  fsl_pwm.o [1]
CLOCK_DisableClock      0x8000'56b3    0x10  Code  Lc  fsl_qtmr.o [1]
CLOCK_EnableClock       0x8000'2cfd    0x10  Code  Lc  fsl_adc.o [1]
CLOCK_EnableClock       0x8000'401b    0x10  Code  Lc  fsl_gpio.o [1]
CLOCK_EnableClock       0x8000'422f    0x10  Code  Lc  fsl_gpt.o [1]
CLOCK_EnableClock       0x8000'45e5    0x10  Code  Lc  fsl_lpuart.o [1]
CLOCK_EnableClock       0x8000'4abf    0x10  Code  Lc  fsl_pit.o [1]
CLOCK_EnableClock       0x8000'4c09    0x10  Code  Lc  fsl_pwm.o [1]
CLOCK_EnableClock       0x8000'56a3    0x10  Code  Lc  fsl_qtmr.o [1]
CLOCK_EnableClock       0x8000'8449    0x10  Code  Lc  zf_iomuxc.o [1]
CLOCK_GetAhbFreq        0x8000'3125    0x18  Code  Gb  fsl_clock.o [1]
CLOCK_GetDiv            0x8000'2333    0x2a  Code  Lc  board.o [1]
CLOCK_GetFreq           0x8000'31ad   0x114  Code  Gb  fsl_clock.o [1]
CLOCK_GetIpgFreq        0x8000'3171    0x18  Code  Gb  fsl_clock.o [1]
CLOCK_GetMux            0x8000'2309    0x2a  Code  Lc  board.o [1]
CLOCK_GetOscFreq        0x8000'235d    0x12  Code  Lc  board.o [1]
CLOCK_GetOscFreq        0x8000'2fa1    0x18  Code  Lc  fsl_clock.o [1]
CLOCK_GetPerClkFreq     0x8000'3189    0x24  Code  Gb  fsl_clock.o [1]
CLOCK_GetPeriphClkFreq  0x8000'3007    0xaa  Code  Lc  fsl_clock.o [1]
CLOCK_GetPllBypassRefClk
                        0x8000'2fe5    0x22  Code  Lc  fsl_clock.o [1]
CLOCK_GetPllFreq        0x8000'3331   0x2b2  Code  Gb  fsl_clock.o [1]
CLOCK_GetRtcFreq        0x8000'2fb9     0x6  Code  Lc  fsl_clock.o [1]
CLOCK_GetSemcFreq       0x8000'313d    0x34  Code  Gb  fsl_clock.o [1]
CLOCK_GetSysPfdFreq     0x8000'35f9    0x60  Code  Gb  fsl_clock.o [1]
CLOCK_GetUsb1PfdFreq    0x8000'3659    0x60  Code  Gb  fsl_clock.o [1]
CLOCK_InitArmPll        0x8000'32c3    0x40  Code  Gb  fsl_clock.o [1]
CLOCK_InitExternalClk   0x8000'30b1    0x4a  Code  Gb  fsl_clock.o [1]
CLOCK_InitRcOsc24M      0x8000'3117     0xe  Code  Gb  fsl_clock.o [1]
CLOCK_IsPllBypassed     0x8000'2fbf    0x10  Code  Lc  fsl_clock.o [1]
CLOCK_IsPllEnabled      0x8000'2fcf    0x16  Code  Lc  fsl_clock.o [1]
CLOCK_SetDiv            0x8000'2637    0x76  Code  Lc  clock_config.o [1]
CLOCK_SetMux            0x8000'25c1    0x76  Code  Lc  clock_config.o [1]
CLOCK_SetPllBypass      0x8000'2715    0x2c  Code  Lc  clock_config.o [1]
CLOCK_SetRtcXtalFreq    0x8000'270d     0x8  Code  Lc  clock_config.o [1]
CLOCK_SetXtalFreq       0x8000'2705     0x8  Code  Lc  clock_config.o [1]
CLOCK_SwitchOsc         0x8000'30fb    0x1c  Code  Gb  fsl_clock.o [1]
CSI_DriverIRQHandler    0x8000'3755    0x10  Code  Gb  fsl_csi.o [1]
CSI_IRQHandler          0x8000'67ff     0xc  Code  Gb  isr.o [1]
CSTACK$$Base            0x2006'f000           --   Gb  - Linker created -
CSTACK$$Limit           0x2007'0000           --   Gb  - Linker created -
Cal_error               0x8000'6665   0x100  Code  Gb  GetMessage.o [1]
ConvertFloatRadixNumToString
                        0x8000'5c0d   0x19e  Code  Lc  fsl_str.o [1]
ConvertRadixNumToString
                        0x8000'5abd   0x150  Code  Lc  fsl_str.o [1]
DMA0_DMA16_DriverIRQHandler
                        0x8000'3ac5    0x2e  Code  Gb  fsl_edma.o [1]
DMA10_DMA26_DriverIRQHandler
                        0x8000'3c93    0x2e  Code  Gb  fsl_edma.o [1]
DMA11_DMA27_DriverIRQHandler
                        0x8000'3cc1    0x2e  Code  Gb  fsl_edma.o [1]
DMA12_DMA28_DriverIRQHandler
                        0x8000'3cef    0x2e  Code  Gb  fsl_edma.o [1]
DMA13_DMA29_DriverIRQHandler
                        0x8000'3d1d    0x2e  Code  Gb  fsl_edma.o [1]
DMA14_DMA30_DriverIRQHandler
                        0x8000'3d4b    0x2e  Code  Gb  fsl_edma.o [1]
DMA15_DMA31_DriverIRQHandler
                        0x8000'3d79    0x2e  Code  Gb  fsl_edma.o [1]
DMA1_DMA17_DriverIRQHandler
                        0x8000'3af3    0x2e  Code  Gb  fsl_edma.o [1]
DMA2_DMA18_DriverIRQHandler
                        0x8000'3b23    0x2e  Code  Gb  fsl_edma.o [1]
DMA3_DMA19_DriverIRQHandler
                        0x8000'3b51    0x2e  Code  Gb  fsl_edma.o [1]
DMA4_DMA20_DriverIRQHandler
                        0x8000'3b7f    0x2e  Code  Gb  fsl_edma.o [1]
DMA5_DMA21_DriverIRQHandler
                        0x8000'3bad    0x2e  Code  Gb  fsl_edma.o [1]
DMA6_DMA22_DriverIRQHandler
                        0x8000'3bdb    0x2e  Code  Gb  fsl_edma.o [1]
DMA7_DMA23_DriverIRQHandler
                        0x8000'3c09    0x2e  Code  Gb  fsl_edma.o [1]
DMA8_DMA24_DriverIRQHandler
                        0x8000'3c37    0x2e  Code  Gb  fsl_edma.o [1]
DMA9_DMA25_DriverIRQHandler
                        0x8000'3c65    0x2e  Code  Gb  fsl_edma.o [1]
DTCM_VAR$$Base          0x2000'00a8           --   Gb  - Linker created -
DTCM_VAR$$Limit         0x2000'58c8           --   Gb  - Linker created -
DUOJI_Code              0x8000'2205    0x44  Code  Gb  Bluetooth.o [1]
D_diangan               0x2000'008c     0x4  Data  Gb  PID.o [1]
DbgConsole_Init         0x8000'3811    0xf2  Code  Gb  fsl_debug_console.o [1]
DbgConsole_PrintCallback
                        0x8000'37d3    0x3e  Code  Lc  fsl_debug_console.o [1]
DbgConsole_Printf       0x8000'3903    0x44  Code  Gb  fsl_debug_console.o [1]
DbgConsole_SendDataReliable
                        0x8000'3775    0x5e  Code  Gb  fsl_debug_console.o [1]
DebugMon_Handler        0x8001'1441     0x2  Code  Gb  common.o [1]
DefaultISR              0x7000'287d          Code  Wk  startup_MIMXRT1064.o [1]
DisableGlobalIRQ        0x8000'6a51     0x8  Code  Lc  main.o [1]
DisableGlobalIRQ        0x8000'74dd     0x8  Code  Lc  serial_manager.o [1]
EDMA_GetChannelStatusFlags
                        0x8000'396d    0x46  Code  Gb  fsl_edma.o [1]
EDMA_HandleIRQ          0x8000'39bd   0x108  Code  Gb  fsl_edma.o [1]
ENET2_DriverIRQHandler  0x8000'3e77     0xa  Code  Gb  fsl_enet.o [1]
ENET_1588_Timer_IRQHandler
                        0x8000'3e5d    0x10  Code  Gb  fsl_enet.o [1]
ENET_CommonFrame0IRQHandler
                        0x8000'3dfd    0x60  Code  Gb  fsl_enet.o [1]
ENET_DriverIRQHandler   0x8000'3e6d     0xa  Code  Gb  fsl_enet.o [1]
ENET_GetInstance        0x8000'3db9    0x36  Code  Gb  fsl_enet.o [1]
EnableGlobalIRQ         0x8000'6a59     0x6  Code  Lc  main.o [1]
EnableGlobalIRQ         0x8000'74e5     0x6  Code  Lc  serial_manager.o [1]
EnableIRQ               0x8000'eec7    0x20  Code  Lc  zf_pit.o [1]
F6x8                    0x8000'172c   0x228  Data  Gb  oled.o [1]
FLEXIO1_DriverIRQHandler
                        0x8000'3f85     0x8  Code  Gb  fsl_flexio.o [1]
FLEXIO2_DriverIRQHandler
                        0x8000'3f8d     0x8  Code  Gb  fsl_flexio.o [1]
FLEXIO3_DriverIRQHandler
                        0x8000'3f95     0x8  Code  Gb  fsl_flexio.o [1]
FLEXIO_CAMERA_ClearStatusFlags
                        0x8000'3fa5    0x34  Code  Gb  fsl_flexio_camera.o [1]
FLEXIO_ClearShifterErrorFlags
                        0x8000'3fa1     0x4  Code  Lc  fsl_flexio_camera.o [1]
FLEXIO_ClearShifterStatusFlags
                        0x8000'3f9d     0x4  Code  Lc  fsl_flexio_camera.o [1]
FLEXIO_CommonIRQHandler
                        0x8000'3f39    0x3e  Code  Gb  fsl_flexio.o [1]
GPIO2_Combined_0_15_IRQHandler
                        0x8000'6897    0x3a  Code  Gb  isr.o [1]
GPIO2_Combined_16_31_IRQHandler
                        0x8000'6879    0x1e  Code  Gb  isr.o [1]
GPIO3_Combined_0_15_IRQHandler
                        0x8000'5a21    0x42  Code  Gb  fsl_sdmmc_host.o [1]
GPIO_ClearPinsInterruptFlags
                        0x8000'67ef    0x10  Code  Lc  isr.o [1]
GPIO_ClearPinsInterruptFlags
                        0x8000'745d    0x10  Code  Lc  SEEKFREE_MT9V03X.o [1]
GPIO_ClearPinsInterruptFlags
                        0x8000'748d    0x10  Code  Lc  SEEKFREE_SCC8660.o [1]
GPIO_ClearPinsOutput    0x8000'82d9    0x10  Code  Lc  zf_gpio.o [1]
GPIO_GetInstance        0x8000'4041    0x2e  Code  Lc  fsl_gpio.o [1]
GPIO_GetPinsInterruptFlags
                        0x8000'67df     0xc  Code  Lc  isr.o [1]
GPIO_PinInit            0x8000'406f    0x78  Code  Gb  fsl_gpio.o [1]
GPIO_PinRead            0x8000'59ad    0x26  Code  Lc  fsl_sdmmc_host.o [1]
GPIO_PinReadPadStatus   0x8000'82e9    0x26  Code  Lc  zf_gpio.o [1]
GPIO_PinSetInterruptConfig
                        0x8000'4141    0xaa  Code  Gb  fsl_gpio.o [1]
GPIO_PinWrite           0x8000'40e7    0x3a  Code  Gb  fsl_gpio.o [1]
GPIO_PortClear          0x8000'82d3     0x6  Code  Lc  zf_gpio.o [1]
GPIO_PortClearInterruptFlags
                        0x8000'59d7     0x4  Code  Lc  fsl_sdmmc_host.o [1]
GPIO_PortClearInterruptFlags
                        0x8000'67eb     0x4  Code  Lc  isr.o [1]
GPIO_PortClearInterruptFlags
                        0x8000'7459     0x4  Code  Lc  SEEKFREE_MT9V03X.o [1]
GPIO_PortClearInterruptFlags
                        0x8000'7489     0x4  Code  Lc  SEEKFREE_SCC8660.o [1]
GPIO_PortGetInterruptFlags
                        0x8000'59d3     0x4  Code  Lc  fsl_sdmmc_host.o [1]
GPIO_PortGetInterruptFlags
                        0x8000'67db     0x4  Code  Lc  isr.o [1]
GPIO_PortSet            0x8000'82bd     0x6  Code  Lc  zf_gpio.o [1]
GPIO_ReadPadStatus      0x8000'830f    0x10  Code  Lc  zf_gpio.o [1]
GPIO_SetPinInterruptConfig
                        0x8000'402b    0x16  Code  Lc  fsl_gpio.o [1]
GPIO_SetPinsOutput      0x8000'82c3    0x10  Code  Lc  zf_gpio.o [1]
GPT_ClearStatusFlags    0x8000'ff6d     0x8  Code  Lc  zf_systick.o [1]
GPT_Deinit              0x8000'438f    0x1a  Code  Gb  fsl_gpt.o [1]
GPT_GetDefaultConfig    0x8000'43a9    0x48  Code  Gb  fsl_gpt.o [1]
GPT_GetInstance         0x8000'42c5    0x2e  Code  Lc  fsl_gpt.o [1]
GPT_GetStatusFlags      0x8000'ff63     0xa  Code  Lc  zf_systick.o [1]
GPT_Init                0x8000'42f3    0x9c  Code  Gb  fsl_gpt.o [1]
GPT_SetClockDivider     0x8000'4297    0x2e  Code  Lc  fsl_gpt.o [1]
GPT_SetClockDivider     0x8000'fef5    0x2e  Code  Lc  zf_systick.o [1]
GPT_SetClockSource      0x8000'425f    0x38  Code  Lc  fsl_gpt.o [1]
GPT_SetOutputCompareValue
                        0x8000'ff37    0x2c  Code  Lc  zf_systick.o [1]
GPT_SoftwareReset       0x8000'424f    0x10  Code  Lc  fsl_gpt.o [1]
GPT_StartTimer          0x8000'ff23     0xa  Code  Lc  zf_systick.o [1]
GPT_StopTimer           0x8000'ff2d     0xa  Code  Lc  zf_systick.o [1]
GetMessage              0x8000'6451    0x5c  Code  Gb  GetMessage.o [1]
HAL_UartGetStatus       0x8000'68dd    0x10  Code  Lc  lpuart_adapter.o [1]
HAL_UartInit            0x8000'68ed    0xe8  Code  Gb  lpuart_adapter.o [1]
HAL_UartSendBlocking    0x8000'69d5    0x5a  Code  Gb  lpuart_adapter.o [1]
HardFault_Handler       0x8001'1437     0x2  Code  Gb  common.o [1]
IOMUXC_SetPinConfig     0x8000'8475    0x10  Code  Lc  zf_iomuxc.o [1]
IOMUXC_SetPinMux        0x8000'8459    0x1c  Code  Lc  zf_iomuxc.o [1]
InStream_Read           0x7000'2455    0x28  Code  Lc  lz77_init.o [4]
InStream_StepRegion     0x7000'2441    0x14  Code  Lc  lz77_init.o [4]
Kd_change2              0x8000'6b05    0xa6  Code  Gb  main.o [1]
Kp_change2              0x8000'6a5f    0xa6  Code  Gb  main.o [1]
LEDPIN_Init             0x8000'6e3d    0x38  Code  Gb  oled.o [1]
LED_DLY_ms              0x8000'6f7d    0x1a  Code  Gb  oled.o [1]
LED_Fill                0x8000'6f3b    0x42  Code  Gb  oled.o [1]
LED_P6x8Char            0x8000'7143    0x5e  Code  Gb  oled.o [1]
LED_P6x8Str             0x8000'71a1    0x7c  Code  Gb  oled.o [1]
LED_PrintValueI         0x8000'721d    0xde  Code  Gb  oled.o [1]
LED_Set_Pos             0x8000'6f13    0x28  Code  Gb  oled.o [1]
LED_WrCmd               0x8000'6ec5    0x4e  Code  Gb  oled.o [1]
LED_WrDat               0x8000'6e75    0x4e  Code  Gb  oled.o [1]
LPI2C1_DriverIRQHandler
                        0x8000'445b     0xc  Code  Gb  fsl_lpi2c.o [1]
LPI2C2_DriverIRQHandler
                        0x8000'4467     0xc  Code  Gb  fsl_lpi2c.o [1]
LPI2C3_DriverIRQHandler
                        0x8000'4473     0xc  Code  Gb  fsl_lpi2c.o [1]
LPI2C4_DriverIRQHandler
                        0x8000'447f     0xc  Code  Gb  fsl_lpi2c.o [1]
LPI2C_CommonIRQHandler  0x8000'441d    0x3e  Code  Lc  fsl_lpi2c.o [1]
LPSPI1_DriverIRQHandler
                        0x8000'44dd    0x24  Code  Gb  fsl_lpspi.o [1]
LPSPI2_DriverIRQHandler
                        0x8000'4501    0x24  Code  Gb  fsl_lpspi.o [1]
LPSPI3_DriverIRQHandler
                        0x8000'4525    0x24  Code  Gb  fsl_lpspi.o [1]
LPSPI4_DriverIRQHandler
                        0x8000'4549    0x24  Code  Gb  fsl_lpspi.o [1]
LPSPI_CommonIRQHandler  0x8000'44b5    0x28  Code  Lc  fsl_lpspi.o [1]
LPSPI_IsMaster          0x8000'44ad     0x8  Code  Lc  fsl_lpspi.o [1]
LPUART1_DriverIRQHandler
                        0x8000'49d1    0x10  Code  Gb  fsl_lpuart.o [1]
LPUART2_DriverIRQHandler
                        0x8000'49e1    0x10  Code  Gb  fsl_lpuart.o [1]
LPUART3_DriverIRQHandler
                        0x8000'49f1    0x10  Code  Gb  fsl_lpuart.o [1]
LPUART4_DriverIRQHandler
                        0x8000'4a01    0x10  Code  Gb  fsl_lpuart.o [1]
LPUART5_DriverIRQHandler
                        0x8000'4a11    0x10  Code  Gb  fsl_lpuart.o [1]
LPUART6_DriverIRQHandler
                        0x8000'4a25    0x10  Code  Gb  fsl_lpuart.o [1]
LPUART7_DriverIRQHandler
                        0x8000'4a35    0x10  Code  Gb  fsl_lpuart.o [1]
LPUART8_DriverIRQHandler
                        0x8000'4a45    0x10  Code  Gb  fsl_lpuart.o [1]
LPUART_Deinit           0x8000'48b3    0x3e  Code  Gb  fsl_lpuart.o [1]
LPUART_GetDefaultConfig
                        0x8000'48f1    0x6c  Code  Gb  fsl_lpuart.o [1]
LPUART_GetInstance      0x8000'4617    0x34  Code  Gb  fsl_lpuart.o [1]
LPUART_Init             0x8000'464b   0x268  Code  Gb  fsl_lpuart.o [1]
LPUART_ReadByte         0x8001'0021    0x2e  Code  Lc  zf_uart.o [1]
LPUART_SoftwareReset    0x8000'4605    0x12  Code  Lc  fsl_lpuart.o [1]
LPUART_WriteBlocking    0x8000'495d    0x40  Code  Gb  fsl_lpuart.o [1]
LPUART_WriteByte        0x8001'0019     0x8  Code  Lc  zf_uart.o [1]
MaxSteering             0x2000'009e     0x2  Data  Gb  Steer.o [1]
MemManage_Handler       0x8001'1439     0x2  Code  Gb  common.o [1]
MidSteering             0x2000'0098     0x2  Data  Gb  Steer.o [1]
MinSteering             0x2000'00a0     0x2  Data  Gb  Steer.o [1]
[...]
PWM_GetComplementU16    0x8000'4c29     0xa  Code  Lc  fsl_pwm.o [1]
PWM_GetDefaultConfig    0x8000'4e6d    0x54  Code  Gb  fsl_pwm.o [1]
PWM_GetInstance         0x8000'4c33    0x34  Code  Lc  fsl_pwm.o [1]
PWM_Init                0x8000'4c67   0x1d0  Code  Gb  fsl_pwm.o [1]
PWM_SetPwmLdok          0x8000'f01f    0x36  Code  Lc  zf_pwm.o [1]
PWM_SetupPwm            0x8000'4ec5   0x480  Code  Gb  fsl_pwm.o [1]
PWM_StartTimer          0x8000'f009    0x16  Code  Lc  zf_pwm.o [1]
PWM_UpdatePwmDutycycle  0x8000'5349   0x2d8  Code  Gb  fsl_pwm.o [1]
P_diangan               0x2000'0088     0x4  Data  Gb  PID.o [1]
PendSV_Handler          0x8001'1443     0x2  Code  Gb  common.o [1]
QTIMERN                 0x2000'0060    0x14  Data  Gb  zf_qtimer.o [1]
QTMR_Deinit             0x8000'578f    0x30  Code  Gb  fsl_qtmr.o [1]
QTMR_GetDefaultConfig   0x8000'57bf    0x44  Code  Gb  fsl_qtmr.o [1]
QTMR_GetInstance        0x8000'56c3    0x2e  Code  Lc  fsl_qtmr.o [1]
QTMR_Init               0x8000'56f1    0x9e  Code  Gb  fsl_qtmr.o [1]
QTMR_StartTimer         0x8000'f7f5    0x26  Code  Lc  zf_qtimer.o [1]
RW$$Base                0x8000'0400           --   Gb  - Linker created -
RW$$Limit               0x8001'16ae           --   Gb  - Linker created -
Region$$Table$$Base     0x7000'28cc           --   Gb  - Linker created -
Region$$Table$$Limit    0x7000'2924           --   Gb  - Linker created -
Reset_Handler           0x7000'2815          Code  Gb  startup_MIMXRT1064.o [1]
SAI1_DriverIRQHandler   0x8000'584f    0x4e  Code  Gb  fsl_sai.o [1]
SAI2_DriverIRQHandler   0x8000'589d    0x4e  Code  Gb  fsl_sai.o [1]
SAI3_RX_DriverIRQHandler
                        0x8000'5911    0x26  Code  Gb  fsl_sai.o [1]
SAI3_TX_DriverIRQHandler
                        0x8000'58eb    0x26  Code  Gb  fsl_sai.o [1]
SAI_RxGetEnabledInterruptStatus
                        0x8000'5825    0x16  Code  Lc  fsl_sai.o [1]
SAI_TxGetEnabledInterruptStatus
                        0x8000'583b    0x14  Code  Lc  fsl_sai.o [1]
SDMMCEVENT_GetInstance  0x8000'5967    0x1c  Code  Lc  fsl_sdmmc_event.o [1]
SDMMCEVENT_Notify       0x8000'5983    0x1e  Code  Gb  fsl_sdmmc_event.o [1]
SDMMCHOST_NofiyCardInsertStatus
                        0x8000'59db    0x46  Code  Lc  fsl_sdmmc_host.o [1]
SPDIF_DriverIRQHandler  0x8000'5a79    0x32  Code  Gb  fsl_spdif.o [1]
SVC_Handler             0x8001'143f     0x2  Code  Gb  common.o [1]
SerialManager_Init      0x8000'75a3    0x6c  Code  Gb  serial_manager.o [1]
SerialManager_OpenReadHandle
                        0x8000'7671    0x70  Code  Gb  serial_manager.o [1]
SerialManager_OpenWriteHandle
                        0x8000'760f    0x62  Code  Gb  serial_manager.o [1]
SerialManager_StartWriting
                        0x8000'74eb    0x38  Code  Lc  serial_manager.o [1]
SerialManager_Write     0x8000'7523    0x80  Code  Lc  serial_manager.o [1]
SerialManager_WriteBlocking
                        0x8000'76e1    0x14  Code  Gb  serial_manager.o [1]
Serial_UartInit         0x8000'7715    0x6e  Code  Gb  serial_port_uart.o [1]
Serial_UartWrite        0x8000'7783    0x52  Code  Gb  serial_port_uart.o [1]
SetAddressingMode       0x8000'6f97    0x14  Code  Gb  oled.o [1]
SetContrastControl      0x8000'6fbb    0x14  Code  Gb  oled.o [1]
SetStartLine            0x8000'6fab    0x10  Code  Gb  oled.o [1]
Set_Charge_Pump         0x8000'6fcf    0x16  Code  Gb  oled.o [1]
Set_Common_Config       0x8000'7085    0x16  Code  Gb  oled.o [1]
Set_Common_Remap        0x8000'7039    0x10  Code  Gb  oled.o [1]
Set_Display_Clock       0x8000'705d    0x14  Code  Gb  oled.o [1]
Set_Display_Offset      0x8000'7049    0x14  Code  Gb  oled.o [1]
Set_Display_On_Off      0x8000'7029    0x10  Code  Gb  oled.o [1]
Set_Entire_Display      0x8000'6ff5    0x10  Code  Gb  oled.o [1]
Set_Inverse_Display     0x8000'7005    0x10  Code  Gb  oled.o [1]
Set_Multiplex_Ratio     0x8000'7015    0x14  Code  Gb  oled.o [1]
Set_Precharge_Period    0x8000'7071    0x14  Code  Gb  oled.o [1]
Set_Segment_Remap       0x8000'6fe5    0x10  Code  Gb  oled.o [1]
Set_VCOMH               0x8000'709b    0x14  Code  Gb  oled.o [1]
SteerCtrl               0x2000'009a     0x2  Data  Gb  Steer.o [1]
SteerLastCtrl           0x2000'009c     0x2  Data  Gb  Steer.o [1]
Steer_Ctrl              0x8000'77e9    0xec  Code  Gb  Steer.o [1]
Steer_Ctrl::number      0x2000'5b9a     0x1  Data  Lc  Steer.o [1]
Steererror              0x2000'5b98     0x2  Data  Gb  Steer.o [1]
Steernow                0x2000'5940     0x1  Data  Gb  Bluetooth.o [1]
StrFormatPrintf         0x8000'5db5   0x66c  Code  Gb  fsl_str.o [1]
SysTick_Handler         0x8000'595d     0xa  Code  Gb  fsl_sdmmc_event.o [1]
SystemCoreClock         0x2000'0090     0x4  Data  Gb  system_MIMXRT1064.o [1]
SystemInit              0x7000'2651   0x13c  Code  Gb  system_MIMXRT1064.o [1]
UARTN                   0x2000'0028    0x24  Data  Gb  zf_uart.o [1]
USB_DeviceControl       0x8000'78d5    0x36  Code  Lc  usb_device_dci.o [1]
USB_DeviceEhciCancelControlPipe
                        0x8000'7add   0x10a  Code  Lc  usb_device_ehci.o [1]
USB_DeviceEhciFillSetupBuffer
                        0x8000'7a51    0x8c  Code  Lc  usb_device_ehci.o [1]
USB_DeviceEhciInterruptPortChange
                        0x8000'7f2d    0x52  Code  Lc  usb_device_ehci.o [1]
USB_DeviceEhciInterruptReset
                        0x8000'7f7f    0x66  Code  Lc  usb_device_ehci.o [1]
USB_DeviceEhciInterruptSof
                        0x8000'7fe5     0x2  Code  Lc  usb_device_ehci.o [1]
USB_DeviceEhciInterruptTokenDone
                        0x8000'7be7   0x346  Code  Lc  usb_device_ehci.o [1]
USB_DeviceEhciIsrFunction
                        0x8000'7fe7    0x4a  Code  Gb  usb_device_ehci.o [1]
USB_DeviceNotification  0x8000'796b    0xba  Code  Lc  usb_device_dci.o [1]
USB_DeviceNotificationTrigger
                        0x8000'7a25    0x2a  Code  Gb  usb_device_dci.o [1]
USB_DeviceResetNotification
                        0x8000'790b    0x60  Code  Lc  usb_device_dci.o [1]
USB_OTG1_IRQHandler     0x8001'0471     0xe  Code  Gb  zf_usb_cdc.o [1]
USB_OTG2_IRQHandler     0x8001'047f     0xe  Code  Gb  zf_usb_cdc.o [1]
USDHC1_DriverIRQHandler
                        0x8000'6421    0x12  Code  Gb  fsl_usdhc.o [1]
USDHC2_DriverIRQHandler
                        0x8000'6433    0x12  Code  Gb  fsl_usdhc.o [1]
UsageFault_Handler      0x8001'143d     0x2  Code  Gb  common.o [1]
Variable                0x2000'0096     0x2  Data  Gb  PID.o [1]
Variable_change2        0x8000'6bab    0x92  Code  Gb  main.o [1]
ZI$$Base                0x2000'58e0           --   Gb  - Linker created -
ZI$$Limit               0x2000'5bcc           --   Gb  - Linker created -
__CSTACK_ADDRESS {Abs}  0x2007'0000          Data  Gb  <internal module>
__NVIC_EnableIRQ        0x8000'eea9    0x1e  Code  Lc  zf_pit.o [1]
__NVIC_SetPriority      0x8000'1e61    0x2c  Code  Lc  AllInit.o [1]
__NVIC_SetPriorityGrouping
                        0x8000'22ad    0x22  Code  Lc  board.o [1]
__RAM_VECTOR_TABLE_SIZE {Abs}
                              0x400          Data  Gb  <internal module>
__VECTOR_RAM {Abs}      0x8000'0000          Data  Gb  <internal module>
__VECTOR_TABLE {Abs}    0x7000'2000          Data  Gb  <internal module>
__aeabi_assert          0x8000'2f85    0x1c  Code  Gb  fsl_assert.o [1]
__aeabi_d2lz            0x8001'0855          Code  Gb  DblToS64.o [3]
__aeabi_l2d             0x8001'08b1          Code  Gb  S64ToDbl.o [3]
__aeabi_ldiv0           0x8001'0f15          Code  Gb  I64DivZer.o [4]
__aeabi_ldivmod         0x8001'0491          Code  Gb  I64DivMod.o [4]
__aeabi_memclr4         0x8001'0815          Code  Gb  ABImemclr4.o [4]
__aeabi_memcpy4         0x8001'078d          Code  Gb  ABImemcpy.o [4]
__aeabi_memcpy8         0x8001'078d          Code  Gb  ABImemcpy.o [4]
__aeabi_memset          0x8001'0725          Code  Gb  ABImemset.o [4]
__aeabi_uldivmod        0x8001'04d5          Code  Gb  I64DivMod.o [4]
__cmain                 0x7000'2935          Code  Gb  cmain.o [4]
__exit                  0x7000'263d    0x14  Code  Gb  exit.o [5]
__iar_Exp64             0x8001'0f4d   0x368  Code  Gb  iar_Exp64.o [3]
__iar_Memset            0x8001'0725          Code  Gb  ABImemset.o [4]
__iar_Memset4_word      0x8001'0f19          Code  Gb  ABImemset48.o [4]
__iar_Memset8_word      0x8001'0f19          Code  Gb  ABImemset48.o [4]
__iar_Memset_word       0x8001'072d          Code  Gb  ABImemset.o [4]
__iar_Pow64             0x8001'09a5   0x4e4  Code  Lc  pow64.o [3]
__iar_data_init3        0x7000'2881    0x28  Code  Gb  data_init.o [4]
__iar_frexp             0x8001'12cd          Code  Gb  frexp.o [3]
__iar_frexp64           0x8001'12b5          Code  Gb  frexp.o [3]
__iar_frexpl            0x8001'12cd          Code  Gb  frexp.o [3]
__iar_init_vfp          0x7000'28a9          Code  Gb  fpinit_M.o [3]
__iar_ldexp64           0x8001'1331          Code  Gb  ldexp.o [3]
__iar_lz77_init3        0x7000'24bf   0x178  Code  Gb  lz77_init.o [4]
__iar_modf              0x8001'0915          Code  Gb  modf.o [3]
__iar_modf64            0x8001'0905          Code  Gb  modf.o [3]
__iar_modfl             0x8001'0915          Code  Gb  modf.o [3]
__iar_pow64             0x8001'0f11     0x4  Code  Gb  pow64.o [3]
__iar_pow_medium        0x8001'0f11     0x4  Code  Gb  pow64.o [3]
__iar_pow_medium64      0x8001'0f11     0x4  Code  Gb  pow64.o [3]
__iar_pow_mediuml       0x8001'0f11     0x4  Code  Gb  pow64.o [3]
__iar_program_start     0x7000'2957          Code  Gb  cstartup_M.o [4]
__iar_scalbln64         0x8001'1331          Code  Gb  ldexp.o [3]
__iar_scalbn64          0x8001'1331          Code  Gb  ldexp.o [3]
__iar_sqrt64            0x8001'0705          Code  Gb  sqrt.o [3]
__iar_zero_init3        0x7000'27db    0x3a  Code  Gb  zero_init3.o [4]
__low_level_init        0x7000'2953     0x4  Code  Gb  low_level_init.o [2]
__vector_table          0x7000'2400          Data  Gb  vector_table_M.o [4]
__zf_vector_table       0x7000'2000   0x400  Data  Gb  zf_vector.o [1]
_call_main              0x7000'2941          Code  Gb  cmain.o [4]
_exit                   0x8001'1429          Code  Gb  cexit.o [4]
_main                   0x7000'294f          Code  Gb  cmain.o [4]
abort                   0x7000'2637     0x6  Code  Gb  abort.o [2]
ad                      0x2000'5928     0x8  Data  Gb  Bluetooth.o [1]
adc_convert             0x8000'8231    0x4c  Code  Gb  zf_adc.o [1]
adc_init                0x8000'81e7    0x4a  Code  Gb  zf_adc.o [1]
adc_iomuxc              0x8000'8079   0x16e  Code  Gb  zf_adc.o [1]
armPllConfig_BOARD_BootClockRUN
                        0x8000'0890     0x8  Data  Gb  clock_config.o [1]
bluetooth               0x2000'5b90     0x1  Data  Gb  main.o [1]
board_init              0x8000'2515    0x24  Code  Gb  board.o [1]
boot_data               0x7000'1020    0x10  Data  Gb  fsl_flexspi_nor_boot.o [1]
dat                     0x2000'5b8e     0x1  Data  Gb  main.o [1]
dcd_data                0x7000'1030   0x430  Data  Gb  evkmimxrt1064_sdram_ini_dcd.o [1]
diangan                 0x2000'58e0    0x48  Data  Gb  Bluetooth.o [1]
diangan_e               0x2000'5b78     0x4  Data  Gb  GetMessage.o [1]
diangan_e1              0x2000'5b7c     0x4  Data  Gb  GetMessage.o [1]
diangan_e2              0x2000'5b80     0x4  Data  Gb  GetMessage.o [1]
diangan_ec              0x2000'5b88     0x4  Data  Gb  GetMessage.o [1]
diangan_last_e          0x2000'5b84     0x4  Data  Gb  GetMessage.o [1]
diangan_view            0x8000'735b    0xea  Code  Gb  OLED_debug.o [1]
dma_restart             0x8000'829d    0x14  Code  Gb  zf_camera.o [1]
exit                    0x8001'16ab     0x4  Code  Gb  exit.o [2]
flexio_camera_type      0x2000'5941     0x1  Data  Gb  common.o [1]
flexio_flag_clear       0x8000'8291     0xc  Code  Gb  zf_camera.o [1]
frexp                   0x8001'12b5          Code  Gb  frexp.o [3]
frexpl                  0x8001'12b5          Code  Gb  frexp.o [3]
g_eventCardDetect       0x2000'5ad8     0x4  Data  Lc  fsl_sdmmc_event.o [1]
g_eventTimeMilliseconds
                        0x2000'5ae0     0x4  Data  Gb  fsl_sdmmc_event.o [1]
g_eventTransferComplete
                        0x2000'5adc     0x4  Data  Lc  fsl_sdmmc_event.o [1]
g_rtcXtalFreq           0x2000'5948     0x4  Data  Gb  fsl_clock.o [1]
g_serialHandle          0x2000'5970     0x4  Data  Gb  fsl_debug_console.o [1]
g_usdhcHandle           0x2000'5ae4    0x28  Data  Gb  fsl_sdmmc_host.o [1]
g_xtalFreq              0x2000'5944     0x4  Data  Gb  fsl_clock.o [1]
gpio_get                0x8000'83cd    0x1e  Code  Gb  zf_gpio.o [1]
gpio_init               0x8000'831f    0x6c  Code  Gb  zf_gpio.o [1]
gpio_set                0x8000'838b    0x42  Code  Gb  zf_gpio.o [1]
gpt_init                0x8000'ff75    0x36  Code  Gb  zf_systick.o [1]
gpt_init_flag           0x2000'5bb8     0x1  Data  Lc  zf_systick.o [1]
image_vector_table      0x7000'1000    0x20  Data  Gb  fsl_flexspi_nor_boot.o [1]
iomuxc_pinconf          0x8000'8485  0x694c  Code  Gb  zf_iomuxc.o [1]
ldexp                   0x8001'1331          Code  Gb  ldexp.o [3]
ldexpl                  0x8001'1331          Code  Gb  ldexp.o [3]
lnbias                  0x8000'0400   0x420  Data  Lc  pow64.o [3]
m_boot_hdr_conf_start {Abs}
                        0x7000'0000          Data  Gb  <internal module>
main                    0x8000'6c3d    0x4c  Code  Gb  main.o [1]
modf                    0x8001'0905          Code  Gb  modf.o [3]
modfl                   0x8001'0905          Code  Gb  modf.o [3]
motor                   0x2000'0094     0x2  Data  Gb  Motor.o [1]
motor_l                 0x8000'6ca5   0x168  Code  Gb  Motor.o [1]
motor_speed             0x2000'5b8c     0x2  Data  Gb  main.o [1]
mt9v03x_image           0x2000'00a8  0x5820  Data  Gb  SEEKFREE_MT9V03X.o [1]
mt9v03x_vsync           0x8000'746d    0x14  Code  Gb  SEEKFREE_MT9V03X.o [1]
pit_init                0x8000'ef97    0x22  Code  Gb  zf_pit.o [1]
pit_interrupt           0x8000'efb9    0x3e  Code  Gb  zf_pit.o [1]
pitinit                 0x8000'1fe5    0x6c  Code  Gb  AllInit.o [1]
pow                     0x8001'0f11     0x4  Code  Gb  pow64.o [3]
powl                    0x8001'0f11     0x4  Code  Gb  pow64.o [3]
pwm_duty                0x8000'f755    0x94  Code  Gb  zf_pwm.o [1]
pwm_init                0x8000'f55d   0x1f8  Code  Gb  zf_pwm.o [1]
pwm_iomuxc              0x8000'f055   0x508  Code  Gb  zf_pwm.o [1]
qspiflash_config        0x7000'0000   0x200  Data  Gb  evkmimxrt1064_flexspi_nor_config.o [1]
qtimer_iomuxc           0x8000'f81d   0x628  Code  Gb  zf_qtimer.o [1]
qtimer_quad_init        0x8000'fe45    0xa2  Code  Gb  zf_qtimer.o [1]
s_EDMAHandle            0x2000'5974    0x80  Data  Lc  fsl_edma.o [1]
s_ENETHandle            0x2000'59f4     0xc  Data  Lc  fsl_enet.o [1]
s_FlexioCameraDevice    0x2000'5b9c    0x1c  Data  Lc  zf_camera.o [1]
s_LpuartAdapterBase     0x8000'1708    0x24  Data  Lc  lpuart_adapter.o [1]
s_adcBases              0x8000'09dc     0xc  Data  Lc  fsl_adc.o [1]
s_adcClocks             0x8000'09e8     0x8  Data  Lc  fsl_adc.o [1]
s_cdcVcom               0x2000'5bbc    0x10  Data  Gb  zf_usb_cdc.o [1]
s_csiHandle             0x2000'594c     0x4  Data  Lc  fsl_csi.o [1]
s_csiIsr                0x2000'5950     0x4  Data  Lc  fsl_csi.o [1]
s_debugConsoleState     0x2000'5954    0x1c  Data  Lc  fsl_debug_console.o [1]
s_enetBases             0x8000'0c24     0xc  Data  Lc  fsl_enet.o [1]
s_enetErrIsr            0x2000'5a08     0x4  Data  Lc  fsl_enet.o [1]
s_enetRxIsr             0x2000'5a04     0x4  Data  Lc  fsl_enet.o [1]
s_enetTsIsr             0x2000'5a0c     0x4  Data  Lc  fsl_enet.o [1]
s_enetTxIsr             0x2000'5a00     0x4  Data  Lc  fsl_enet.o [1]
s_flexcanHandle         0x2000'5a10    0x10  Data  Lc  fsl_flexcan.o [1]
s_flexcanIsr            0x2000'5a20     0x4  Data  Lc  fsl_flexcan.o [1]
s_flexioHandle          0x2000'5a24     0x8  Data  Lc  fsl_flexio.o [1]
s_flexioIsr             0x2000'5a34     0x8  Data  Lc  fsl_flexio.o [1]
s_flexioType            0x2000'5a2c     0x8  Data  Lc  fsl_flexio.o [1]
s_gpioBases             0x8000'0dac    0x28  Data  Lc  fsl_gpio.o [1]
s_gpioClock             0x8000'0dd4     0xc  Data  Lc  fsl_gpio.o [1]
s_gptBases              0x8000'0f3c     0xc  Data  Lc  fsl_gpt.o [1]
s_gptClocks             0x8000'0f48     0x8  Data  Lc  fsl_gpt.o [1]
s_lpi2cMasterHandle     0x2000'5a40    0x14  Data  Lc  fsl_lpi2c.o [1]
s_lpi2cMasterIsr        0x2000'5a3c     0x4  Data  Lc  fsl_lpi2c.o [1]
s_lpi2cSlaveHandle      0x2000'5a58    0x14  Data  Lc  fsl_lpi2c.o [1]
s_lpi2cSlaveIsr         0x2000'5a54     0x4  Data  Lc  fsl_lpi2c.o [1]
s_lpspiHandle           0x2000'5a6c    0x14  Data  Lc  fsl_lpspi.o [1]
s_lpspiMasterIsr        0x2000'5a80     0x4  Data  Lc  fsl_lpspi.o [1]
s_lpspiSlaveIsr         0x2000'5a84     0x4  Data  Lc  fsl_lpspi.o [1]
s_lpuartBases           0x8000'114c    0x24  Data  Lc  fsl_lpuart.o [1]
s_lpuartClock           0x8000'1170    0x14  Data  Lc  fsl_lpuart.o [1]
s_lpuartHandle          0x2000'5a88    0x24  Data  Lc  fsl_lpuart.o [1]
s_lpuartIsr             0x2000'5aac     0x4  Data  Lc  fsl_lpuart.o [1]
s_pitBases              0x8000'126c     0x4  Data  Lc  fsl_pit.o [1]
s_pitClocks             0x8001'1432     0x2  Data  Lc  fsl_pit.o [1]
s_pwmBases              0x8000'13e4    0x14  Data  Lc  fsl_pwm.o [1]
s_pwmClocks             0x8000'13f8    0x28  Data  Lc  fsl_pwm.o [1]
s_qtmrBases             0x8000'1508    0x14  Data  Lc  fsl_qtmr.o [1]
s_qtmrClocks            0x8000'151c     0xc  Data  Lc  fsl_qtmr.o [1]
s_saiHandle             0x2000'5ab0    0x20  Data  Lc  fsl_sai.o [1]
s_saiRxIsr              0x2000'5ad4     0x4  Data  Lc  fsl_sai.o [1]
s_saiTxIsr              0x2000'5ad0     0x4  Data  Lc  fsl_sai.o [1]
s_sdInsertedFlag        0x2000'5b0c     0x1  Data  Lc  fsl_sdmmc_host.o [1]
s_spdifHandle           0x2000'5b10     0x8  Data  Lc  fsl_spdif.o [1]
s_spdifRxIsr            0x2000'5b1c     0x4  Data  Lc  fsl_spdif.o [1]
s_spdifTxIsr            0x2000'5b18     0x4  Data  Lc  fsl_spdif.o [1]
s_usdhcBase             0x8000'1610     0xc  Data  Lc  fsl_usdhc.o [1]
s_usdhcHandle           0x2000'5b20     0xc  Data  Lc  fsl_usdhc.o [1]
s_usdhcIsr              0x2000'5b2c     0x4  Data  Lc  fsl_usdhc.o [1]
scalbln                 0x8001'1331          Code  Gb  ldexp.o [3]
scalblnl                0x8001'1331          Code  Gb  ldexp.o [3]
scalbn                  0x8001'1331          Code  Gb  ldexp.o [3]
scalbnl                 0x8001'1331          Code  Gb  ldexp.o [3]
scc8660_flexio1_image   0x2020'0000  0x9600  Data  Gb  SEEKFREE_SCC8660.o [1]
scc8660_flexio2_image   0x2020'9600  0x9600  Data  Gb  SEEKFREE_SCC8660.o [1]
scc8660_image           0x2000'5b94     0x4  Data  Gb  SEEKFREE_SCC8660.o [1]
scc8660_vsync           0x8000'749d    0x2e  Code  Gb  SEEKFREE_SCC8660.o [1]
sqrt                    0x8001'0705          Code  Gb  sqrt.o [3]
sqrtl                   0x8001'0705          Code  Gb  sqrt.o [3]
stop_flag               0x2000'5b91     0x1  Data  Gb  main.o [1]
strlen                  0x8001'081d          Code  Gb  strlen.o [4]
systick_delay           0x8000'ffab    0x36  Code  Gb  zf_systick.o [1]
systick_delay_ms        0x8000'ffe1    0x24  Code  Gb  zf_systick.o [1]
uart_init               0x8001'039d    0x6e  Code  Gb  zf_uart.o [1]
uart_iomuxc             0x8001'004f   0x34e  Code  Gb  zf_uart.o [1]
uart_putchar            0x8001'040b    0x28  Code  Gb  zf_uart.o [1]
uart_query              0x8001'0433    0x30  Code  Gb  zf_uart.o [1]
zanting_flag            0x2000'5b8f     0x1  Data  Gb  main.o [1]


[1] = G:\NXP_Test\AI_CODE\AI_CODE\AI_PID\IAR\program\nor_sdram_zf_dtcm\Obj
[2] = dl7M_tlf.a
[3] = m7M_tlv.a
[4] = rt7M_tl.a
[5] = shb_l.a

    1 288 bytes of readonly  code memory
   63 564 bytes of readwrite code memory
   41 587 bytes of readonly  data memory
  111 120 bytes of readwrite data memory

Errors: none
Warnings: none
